GC_Algorithm_Parameter:+UseSerialGC; Heap_size: 128m

正在执行...
2020-10-29T01:54:09.181-0800: [GC (Allocation Failure) 2020-10-29T01:54:09.181-0800: [DefNew: 34829K->4351K(39296K), 0.0050245 secs] 34829K->7292K(126720K), 0.0050877 secs] [Times: user=0.01 sys=0.00, real=0.00 secs] 
2020-10-29T01:54:09.197-0800: [GC (Allocation Failure) 2020-10-29T01:54:09.197-0800: [DefNew: 38605K->4351K(39296K), 0.0103289 secs] 41545K->18359K(126720K), 0.0104164 secs] [Times: user=0.01 sys=0.00, real=0.01 secs] 
2020-10-29T01:54:09.219-0800: [GC (Allocation Failure) 2020-10-29T01:54:09.219-0800: [DefNew: 39295K->4340K(39296K), 0.0086301 secs] 53303K->30365K(126720K), 0.0086909 secs] [Times: user=0.01 sys=0.01, real=0.01 secs] 
2020-10-29T01:54:09.233-0800: [GC (Allocation Failure) 2020-10-29T01:54:09.233-0800: [DefNew: 39181K->4348K(39296K), 0.0081307 secs] 65206K->42670K(126720K), 0.0081962 secs] [Times: user=0.00 sys=0.00, real=0.01 secs] 
2020-10-29T01:54:09.246-0800: [GC (Allocation Failure) 2020-10-29T01:54:09.246-0800: [DefNew: 39216K->4351K(39296K), 0.0080217 secs] 77539K->53479K(126720K), 0.0080863 secs] [Times: user=0.00 sys=0.00, real=0.01 secs] 
2020-10-29T01:54:09.259-0800: [GC (Allocation Failure) 2020-10-29T01:54:09.259-0800: [DefNew: 39288K->4348K(39296K), 0.0092896 secs] 88416K->65607K(126720K), 0.0093528 secs] [Times: user=0.00 sys=0.01, real=0.01 secs] 
2020-10-29T01:54:09.273-0800: [GC (Allocation Failure) 2020-10-29T01:54:09.273-0800: [DefNew: 39195K->4343K(39296K), 0.0078900 secs] 100454K->77628K(126720K), 0.0079541 secs] [Times: user=0.00 sys=0.00, real=0.01 secs] 
2020-10-29T01:54:09.287-0800: [GC (Allocation Failure) 2020-10-29T01:54:09.287-0800: [DefNew: 39234K->39234K(39296K), 0.0000610 secs]2020-10-29T01:54:09.287-0800: [Tenured: 73284K->85088K(87424K), 0.0167349 secs] 112518K->85088K(126720K), [Metaspace: 2713K->2713K(1056768K)], 0.0168959 secs] [Times: user=0.02 sys=0.01, real=0.02 secs] 
2020-10-29T01:54:09.311-0800: [GC (Allocation Failure) 2020-10-29T01:54:09.311-0800: [DefNew: 34931K->34931K(39296K), 0.0000630 secs]2020-10-29T01:54:09.311-0800: [Tenured: 85088K->87306K(87424K), 0.0127075 secs] 120020K->97130K(126720K), [Metaspace: 2714K->2714K(1056768K)], 0.0128850 secs] [Times: user=0.02 sys=0.00, real=0.01 secs] 
2020-10-29T01:54:09.329-0800: [Full GC (Allocation Failure) 2020-10-29T01:54:09.329-0800: [Tenured: 87306K->87298K(87424K), 0.0117888 secs] 126596K->105793K(126720K), [Metaspace: 2714K->2714K(1056768K)], 0.0118773 secs] [Times: user=0.01 sys=0.00, real=0.02 secs] 
2020-10-29T01:54:09.345-0800: [Full GC (Allocation Failure) 2020-10-29T01:54:09.345-0800: [Tenured: 87298K->87117K(87424K), 0.0164925 secs] 126381K->105075K(126720K), [Metaspace: 2714K->2714K(1056768K)], 0.0166262 secs] [Times: user=0.01 sys=0.00, real=0.02 secs] 
2020-10-29T01:54:09.366-0800: [Full GC (Allocation Failure) 2020-10-29T01:54:09.366-0800: [Tenured: 87417K->87417K(87424K), 0.0034220 secs] 126709K->112661K(126720K), [Metaspace: 2714K->2714K(1056768K)], 0.0037672 secs] [Times: user=0.00 sys=0.00, real=0.00 secs] 
2020-10-29T01:54:09.372-0800: [Full GC (Allocation Failure) 2020-10-29T01:54:09.372-0800: [Tenured: 87417K->87417K(87424K), 0.0031400 secs] 126696K->117570K(126720K), [Metaspace: 2714K->2714K(1056768K)], 0.0032304 secs] [Times: user=0.00 sys=0.00, real=0.00 secs] 
2020-10-29T01:54:09.377-0800: [Full GC (Allocation Failure) 2020-10-29T01:54:09.377-0800: [Tenured: 87417K->87417K(87424K), 0.0021890 secs] 126463K->121937K(126720K), [Metaspace: 2714K->2714K(1056768K)], 0.0022795 secs] [Times: user=0.01 sys=0.00, real=0.00 secs] 
2020-10-29T01:54:09.380-0800: [Full GC (Allocation Failure) 2020-10-29T01:54:09.380-0800: [Tenured: 87417K->87008K(87424K), 0.0183426 secs] 126314K->119204K(126720K), [Metaspace: 2714K->2714K(1056768K)], 0.0184357 secs] [Times: user=0.02 sys=0.00, real=0.01 secs] 
2020-10-29T01:54:09.399-0800: [Full GC (Allocation Failure) 2020-10-29T01:54:09.399-0800: [Tenured: 87301K->87301K(87424K), 0.0031305 secs] 126500K->121776K(126720K), [Metaspace: 2714K->2714K(1056768K)], 0.0032475 secs] [Times: user=0.00 sys=0.00, real=0.01 secs] 
2020-10-29T01:54:09.404-0800: [Full GC (Allocation Failure) 2020-10-29T01:54:09.404-0800: [Tenured: 87301K->87301K(87424K), 0.0034647 secs] 126390K->122728K(126720K), [Metaspace: 2714K->2714K(1056768K)], 0.0035392 secs] [Times: user=0.00 sys=0.00, real=0.00 secs] 
2020-10-29T01:54:09.409-0800: [Full GC (Allocation Failure) 2020-10-29T01:54:09.409-0800: [Tenured: 87301K->87301K(87424K), 0.0038771 secs] 126515K->123766K(126720K), [Metaspace: 2714K->2714K(1056768K)], 0.0039588 secs] [Times: user=0.01 sys=0.00, real=0.01 secs] 
2020-10-29T01:54:09.414-0800: [Full GC (Allocation Failure) 2020-10-29T01:54:09.414-0800: [Tenured: 87301K->87308K(87424K), 0.0150449 secs] 126551K->124225K(126720K), [Metaspace: 2714K->2714K(1056768K)], 0.0151193 secs] [Times: user=0.01 sys=0.00, real=0.01 secs] 
2020-10-29T01:54:09.429-0800: [Full GC (Allocation Failure) 2020-10-29T01:54:09.429-0800: [Tenured: 87308K->87308K(87424K), 0.0029686 secs] 126497K->124366K(126720K), [Metaspace: 2714K->2714K(1056768K)], 0.0030468 secs] [Times: user=0.01 sys=0.00, real=0.01 secs] 
2020-10-29T01:54:09.433-0800: [Full GC (Allocation Failure) 2020-10-29T01:54:09.433-0800: [Tenured: 87308K->87308K(87424K), 0.0017727 secs] 126459K->125791K(126720K), [Metaspace: 2714K->2714K(1056768K)], 0.0018281 secs] [Times: user=0.00 sys=0.00, real=0.00 secs] 
2020-10-29T01:54:09.435-0800: [Full GC (Allocation Failure) 2020-10-29T01:54:09.435-0800: [Tenured: 87346K->87346K(87424K), 0.0017211 secs] 126618K->125952K(126720K), [Metaspace: 2714K->2714K(1056768K)], 0.0017823 secs] [Times: user=0.00 sys=0.00, real=0.00 secs] 
2020-10-29T01:54:09.437-0800: [Full GC (Allocation Failure) 2020-10-29T01:54:09.437-0800: [Tenured: 87346K->87358K(87424K), 0.0146901 secs] 126483K->124714K(126720K), [Metaspace: 2714K->2714K(1056768K)], 0.0147507 secs] [Times: user=0.02 sys=0.00, real=0.02 secs] 
2020-10-29T01:54:09.452-0800: [Full GC (Allocation Failure) 2020-10-29T01:54:09.452-0800: [Tenured: 87358K->87358K(87424K), 0.0019017 secs] 125928K->125553K(126720K), [Metaspace: 2714K->2714K(1056768K)], 0.0019729 secs] [Times: user=0.00 sys=0.00, real=0.00 secs] 
2020-10-29T01:54:09.454-0800: [Full GC (Allocation Failure) 2020-10-29T01:54:09.454-0800: [Tenured: 87358K->87358K(87424K), 0.0021367 secs] 126495K->125706K(126720K), [Metaspace: 2714K->2714K(1056768K)], 0.0021988 secs] [Times: user=0.00 sys=0.00, real=0.00 secs] 
2020-10-29T01:54:09.457-0800: [Full GC (Allocation Failure) 2020-10-29T01:54:09.457-0800: [Tenured: 87358K->87358K(87424K), 0.0016309 secs] 126506K->125706K(126720K), [Metaspace: 2714K->2714K(1056768K)], 0.0016872 secs] [Times: user=0.00 sys=0.00, real=0.00 secs] 
2020-10-29T01:54:09.458-0800: [Full GC (Allocation Failure) 2020-10-29T01:54:09.459-0800: [Tenured: 87358K->87289K(87424K), 0.0080293 secs] 126482K->125666K(126720K), [Metaspace: 2714K->2714K(1056768K)], 0.0080866 secs] [Times: user=0.01 sys=0.00, real=0.01 secs] 
2020-10-29T01:54:09.467-0800: [Full GC (Allocation Failure) 2020-10-29T01:54:09.467-0800: [Tenured: 87402K->87402K(87424K), 0.0029160 secs] 126672K->126033K(126720K), [Metaspace: 2714K->2714K(1056768K)], 0.0030059 secs] [Times: user=0.00 sys=0.00, real=0.01 secs] 
2020-10-29T01:54:09.471-0800: [Full GC (Allocation Failure) 2020-10-29T01:54:09.471-0800: [Tenured: 87402K->87402K(87424K), 0.0018984 secs] 126589K->126303K(126720K), [Metaspace: 2714K->2714K(1056768K)], 0.0019547 secs] [Times: user=0.01 sys=0.00, real=0.00 secs] 
2020-10-29T01:54:09.473-0800: [Full GC (Allocation Failure) 2020-10-29T01:54:09.473-0800: [Tenured: 87402K->87402K(87424K), 0.0017173 secs] 126635K->126071K(126720K), [Metaspace: 2714K->2714K(1056768K)], 0.0017828 secs] [Times: user=0.00 sys=0.00, real=0.00 secs] 
2020-10-29T01:54:09.475-0800: [Full GC (Allocation Failure) 2020-10-29T01:54:09.475-0800: [Tenured: 87402K->87402K(87424K), 0.0015755 secs] 126314K->126171K(126720K), [Metaspace: 2714K->2714K(1056768K)], 0.0016331 secs] [Times: user=0.00 sys=0.00, real=0.00 secs] 
2020-10-29T01:54:09.476-0800: [Full GC (Allocation Failure) 2020-10-29T01:54:09.476-0800: [Tenured: 87402K->87382K(87424K), 0.0098401 secs] 126171K->126152K(126720K), [Metaspace: 2714K->2714K(1056768K)], 0.0098922 secs] [Times: user=0.01 sys=0.00, real=0.01 secs] 
Exception in thread "main" java.lang.OutOfMemoryError: Java heap space
	at GCLogAnalysis.generateGarbage(GCLogAnalysis.java:48)
	at GCLogAnalysis.main(GCLogAnalysis.java:25)
Heap
 def new generation   total 39296K, used 38798K [0x00000007b8000000, 0x00000007baaa0000, 0x00000007baaa0000)
  eden space 34944K, 100% used [0x00000007b8000000, 0x00000007ba220000, 0x00000007ba220000)
  from space 4352K,  88% used [0x00000007ba660000, 0x00000007baa23a88, 0x00000007baaa0000)
  to   space 4352K,   0% used [0x00000007ba220000, 0x00000007ba220000, 0x00000007ba660000)
 tenured generation   total 87424K, used 87382K [0x00000007baaa0000, 0x00000007c0000000, 0x00000007c0000000)
   the space 87424K,  99% used [0x00000007baaa0000, 0x00000007bfff5b28, 0x00000007bfff5c00, 0x00000007c0000000)
 Metaspace       used 2744K, capacity 4486K, committed 4864K, reserved 1056768K
  class space    used 300K, capacity 386K, committed 512K, reserved 1048576K

-------------------------------------------------------------------

GC_Algorithm_Parameter:+UseSerialGC; Heap_size: 512m

正在执行...
2020-10-29T01:54:09.733-0800: [GC (Allocation Failure) 2020-10-29T01:54:09.733-0800: [DefNew: 139776K->17472K(157248K), 0.0393145 secs] 139776K->48518K(506816K), 0.0393812 secs] [Times: user=0.02 sys=0.01, real=0.04 secs] 
2020-10-29T01:54:09.794-0800: [GC (Allocation Failure) 2020-10-29T01:54:09.794-0800: [DefNew: 157248K->17471K(157248K), 0.0418343 secs] 188294K->93222K(506816K), 0.0418929 secs] [Times: user=0.03 sys=0.01, real=0.04 secs] 
2020-10-29T01:54:09.855-0800: [GC (Allocation Failure) 2020-10-29T01:54:09.855-0800: [DefNew: 157247K->17471K(157248K), 0.0290938 secs] 232998K->131846K(506816K), 0.0291695 secs] [Times: user=0.01 sys=0.02, real=0.03 secs] 
2020-10-29T01:54:09.902-0800: [GC (Allocation Failure) 2020-10-29T01:54:09.902-0800: [DefNew: 157247K->17471K(157248K), 0.0347020 secs] 271622K->179644K(506816K), 0.0347659 secs] [Times: user=0.02 sys=0.01, real=0.03 secs] 
2020-10-29T01:54:09.956-0800: [GC (Allocation Failure) 2020-10-29T01:54:09.957-0800: [DefNew: 157247K->17471K(157248K), 0.0293518 secs] 319420K->224355K(506816K), 0.0294152 secs] [Times: user=0.01 sys=0.01, real=0.03 secs] 
2020-10-29T01:54:10.008-0800: [GC (Allocation Failure) 2020-10-29T01:54:10.008-0800: [DefNew: 157247K->17471K(157248K), 0.0285931 secs] 364131K->267745K(506816K), 0.0286526 secs] [Times: user=0.02 sys=0.01, real=0.03 secs] 
2020-10-29T01:54:10.056-0800: [GC (Allocation Failure) 2020-10-29T01:54:10.056-0800: [DefNew: 157247K->17471K(157248K), 0.0336123 secs] 407521K->317185K(506816K), 0.0336751 secs] [Times: user=0.02 sys=0.02, real=0.04 secs] 
2020-10-29T01:54:10.110-0800: [GC (Allocation Failure) 2020-10-29T01:54:10.110-0800: [DefNew: 157247K->157247K(157248K), 0.0000416 secs]2020-10-29T01:54:10.110-0800: [Tenured: 299714K->280181K(349568K), 0.0396786 secs] 456961K->280181K(506816K), [Metaspace: 2713K->2713K(1056768K)], 0.0398135 secs] [Times: user=0.04 sys=0.00, real=0.04 secs] 
2020-10-29T01:54:10.171-0800: [GC (Allocation Failure) 2020-10-29T01:54:10.171-0800: [DefNew: 139776K->17471K(157248K), 0.0183399 secs] 419957K->336652K(506816K), 0.0184069 secs] [Times: user=0.01 sys=0.00, real=0.02 secs] 
2020-10-29T01:54:10.209-0800: [GC (Allocation Failure) 2020-10-29T01:54:10.209-0800: [DefNew: 157247K->157247K(157248K), 0.0000455 secs]2020-10-29T01:54:10.209-0800: [Tenured: 319181K->303630K(349568K), 0.0395773 secs] 476428K->303630K(506816K), [Metaspace: 2714K->2714K(1056768K)], 0.0397377 secs] [Times: user=0.04 sys=0.01, real=0.04 secs] 
2020-10-29T01:54:10.271-0800: [GC (Allocation Failure) 2020-10-29T01:54:10.271-0800: [DefNew: 139776K->17470K(157248K), 0.0111489 secs] 443406K->345830K(506816K), 0.0112368 secs] [Times: user=0.01 sys=0.00, real=0.01 secs] 
2020-10-29T01:54:10.303-0800: [GC (Allocation Failure) 2020-10-29T01:54:10.303-0800: [DefNew: 157246K->157246K(157248K), 0.0000658 secs]2020-10-29T01:54:10.303-0800: [Tenured: 328359K->324409K(349568K), 0.0425278 secs] 485606K->324409K(506816K), [Metaspace: 2714K->2714K(1056768K)], 0.0427186 secs] [Times: user=0.04 sys=0.00, real=0.04 secs] 
2020-10-29T01:54:10.370-0800: [GC (Allocation Failure) 2020-10-29T01:54:10.370-0800: [DefNew: 139776K->139776K(157248K), 0.0000314 secs]2020-10-29T01:54:10.370-0800: [Tenured: 324409K->312706K(349568K), 0.0445778 secs] 464185K->312706K(506816K), [Metaspace: 2714K->2714K(1056768K)], 0.0447016 secs] [Times: user=0.04 sys=0.00, real=0.04 secs] 
2020-10-29T01:54:10.436-0800: [GC (Allocation Failure) 2020-10-29T01:54:10.436-0800: [DefNew: 139663K->139663K(157248K), 0.0000442 secs]2020-10-29T01:54:10.436-0800: [Tenured: 312706K->340401K(349568K), 0.0359867 secs] 452370K->340401K(506816K), [Metaspace: 2714K->2714K(1056768K)], 0.0361166 secs] [Times: user=0.03 sys=0.00, real=0.04 secs] 
2020-10-29T01:54:10.492-0800: [GC (Allocation Failure) 2020-10-29T01:54:10.492-0800: [DefNew: 139774K->139774K(157248K), 0.0000423 secs]2020-10-29T01:54:10.492-0800: [Tenured: 340401K->344142K(349568K), 0.0440947 secs] 480176K->344142K(506816K), [Metaspace: 2714K->2714K(1056768K)], 0.0442355 secs] [Times: user=0.04 sys=0.01, real=0.04 secs] 
2020-10-29T01:54:10.560-0800: [GC (Allocation Failure) 2020-10-29T01:54:10.560-0800: [DefNew: 139776K->139776K(157248K), 0.0000295 secs]2020-10-29T01:54:10.560-0800: [Tenured: 344142K->349555K(349568K), 0.0451303 secs] 483918K->350498K(506816K), [Metaspace: 2714K->2714K(1056768K)], 0.0452316 secs] [Times: user=0.04 sys=0.00, real=0.04 secs] 
执行结束!共生成对象次数:8895
Heap
 def new generation   total 157248K, used 109731K [0x00000007a0000000, 0x00000007aaaa0000, 0x00000007aaaa0000)
  eden space 139776K,  78% used [0x00000007a0000000, 0x00000007a6b28c40, 0x00000007a8880000)
  from space 17472K,   0% used [0x00000007a9990000, 0x00000007a9990000, 0x00000007aaaa0000)
  to   space 17472K,   0% used [0x00000007a8880000, 0x00000007a8880000, 0x00000007a9990000)
 tenured generation   total 349568K, used 349555K [0x00000007aaaa0000, 0x00000007c0000000, 0x00000007c0000000)
   the space 349568K,  99% used [0x00000007aaaa0000, 0x00000007bfffcd18, 0x00000007bfffce00, 0x00000007c0000000)
 Metaspace       used 2720K, capacity 4486K, committed 4864K, reserved 1056768K
  class space    used 297K, capacity 386K, committed 512K, reserved 1048576K

-------------------------------------------------------------------

GC_Algorithm_Parameter:+UseSerialGC; Heap_size: 1g

正在执行...
2020-10-29T01:54:10.977-0800: [GC (Allocation Failure) 2020-10-29T01:54:10.977-0800: [DefNew: 279616K->34944K(314560K), 0.0568801 secs] 279616K->87177K(1013632K), 0.0569587 secs] [Times: user=0.03 sys=0.02, real=0.06 secs] 
2020-10-29T01:54:11.081-0800: [GC (Allocation Failure) 2020-10-29T01:54:11.081-0800: [DefNew: 314560K->34943K(314560K), 0.0738380 secs] 366793K->171602K(1013632K), 0.0739102 secs] [Times: user=0.04 sys=0.04, real=0.07 secs] 
2020-10-29T01:54:11.194-0800: [GC (Allocation Failure) 2020-10-29T01:54:11.194-0800: [DefNew: 314559K->34943K(314560K), 0.0588217 secs] 451218K->256330K(1013632K), 0.0588940 secs] [Times: user=0.04 sys=0.02, real=0.06 secs] 
2020-10-29T01:54:11.293-0800: [GC (Allocation Failure) 2020-10-29T01:54:11.293-0800: [DefNew: 314559K->34943K(314560K), 0.0568604 secs] 535946K->337534K(1013632K), 0.0569285 secs] [Times: user=0.04 sys=0.02, real=0.06 secs] 
2020-10-29T01:54:11.391-0800: [GC (Allocation Failure) 2020-10-29T01:54:11.392-0800: [DefNew: 314559K->34944K(314560K), 0.0561567 secs] 617150K->415192K(1013632K), 0.0562277 secs] [Times: user=0.03 sys=0.03, real=0.05 secs] 
2020-10-29T01:54:11.490-0800: [GC (Allocation Failure) 2020-10-29T01:54:11.490-0800: [DefNew: 314560K->34943K(314560K), 0.0584732 secs] 694808K->500948K(1013632K), 0.0585434 secs] [Times: user=0.03 sys=0.02, real=0.05 secs] 
2020-10-29T01:54:11.586-0800: [GC (Allocation Failure) 2020-10-29T01:54:11.586-0800: [DefNew: 314559K->34943K(314560K), 0.0513354 secs] 780564K->572802K(1013632K), 0.0514035 secs] [Times: user=0.03 sys=0.02, real=0.05 secs] 
2020-10-29T01:54:11.676-0800: [GC (Allocation Failure) 2020-10-29T01:54:11.676-0800: [DefNew: 314559K->34942K(314560K), 0.0534510 secs] 852418K->645591K(1013632K), 0.0535002 secs] [Times: user=0.03 sys=0.02, real=0.06 secs] 
2020-10-29T01:54:11.770-0800: [GC (Allocation Failure) 2020-10-29T01:54:11.770-0800: [DefNew: 314558K->314558K(314560K), 0.0000433 secs]2020-10-29T01:54:11.770-0800: [Tenured: 610649K->374441K(699072K), 0.0770748 secs] 925207K->374441K(1013632K), [Metaspace: 2713K->2713K(1056768K)], 0.0772020 secs] [Times: user=0.08 sys=0.00, real=0.07 secs] 
执行结束!共生成对象次数:9513
Heap
 def new generation   total 314560K, used 11735K [0x0000000780000000, 0x0000000795550000, 0x0000000795550000)
  eden space 279616K,   4% used [0x0000000780000000, 0x0000000780b75ce0, 0x0000000791110000)
  from space 34944K,   0% used [0x0000000791110000, 0x0000000791110000, 0x0000000793330000)
  to   space 34944K,   0% used [0x0000000793330000, 0x0000000793330000, 0x0000000795550000)
 tenured generation   total 699072K, used 374441K [0x0000000795550000, 0x00000007c0000000, 0x00000007c0000000)
   the space 699072K,  53% used [0x0000000795550000, 0x00000007ac2fa5e8, 0x00000007ac2fa600, 0x00000007c0000000)
 Metaspace       used 2720K, capacity 4486K, committed 4864K, reserved 1056768K
  class space    used 297K, capacity 386K, committed 512K, reserved 1048576K

-------------------------------------------------------------------

GC_Algorithm_Parameter:+UseSerialGC; Heap_size: 2g

正在执行...
2020-10-29T01:54:12.429-0800: [GC (Allocation Failure) 2020-10-29T01:54:12.429-0800: [DefNew: 559232K->69888K(629120K), 0.0985989 secs] 559232K->157298K(2027264K), 0.0986674 secs] [Times: user=0.05 sys=0.04, real=0.10 secs] 
2020-10-29T01:54:12.618-0800: [GC (Allocation Failure) 2020-10-29T01:54:12.618-0800: [DefNew: 629120K->69887K(629120K), 0.1190438 secs] 716530K->281711K(2027264K), 0.1191103 secs] [Times: user=0.07 sys=0.05, real=0.12 secs] 
2020-10-29T01:54:12.822-0800: [GC (Allocation Failure) 2020-10-29T01:54:12.822-0800: [DefNew: 629119K->69888K(629120K), 0.0914037 secs] 840943K->402196K(2027264K), 0.0914785 secs] [Times: user=0.05 sys=0.04, real=0.09 secs] 
2020-10-29T01:54:12.988-0800: [GC (Allocation Failure) 2020-10-29T01:54:12.988-0800: [DefNew: 629120K->69887K(629120K), 0.1092987 secs] 961428K->519985K(2027264K), 0.1093617 secs] [Times: user=0.05 sys=0.03, real=0.11 secs] 
执行结束!共生成对象次数:8497
Heap
 def new generation   total 629120K, used 92332K [0x0000000740000000, 0x000000076aaa0000, 0x000000076aaa0000)
  eden space 559232K,   4% used [0x0000000740000000, 0x00000007415eb3e8, 0x0000000762220000)
  from space 69888K,  99% used [0x0000000762220000, 0x000000076665fe68, 0x0000000766660000)
  to   space 69888K,   0% used [0x0000000766660000, 0x0000000766660000, 0x000000076aaa0000)
 tenured generation   total 1398144K, used 450097K [0x000000076aaa0000, 0x00000007c0000000, 0x00000007c0000000)
   the space 1398144K,  32% used [0x000000076aaa0000, 0x000000078622c798, 0x000000078622c800, 0x00000007c0000000)
 Metaspace       used 2720K, capacity 4486K, committed 4864K, reserved 1056768K
  class space    used 297K, capacity 386K, committed 512K, reserved 1048576K

-------------------------------------------------------------------

GC_Algorithm_Parameter:+UseSerialGC; Heap_size: 4g

正在执行...
2020-10-29T01:54:14.025-0800: [GC (Allocation Failure) 2020-10-29T01:54:14.025-0800: [DefNew: 1118528K->139776K(1258304K), 0.2092494 secs] 1118528K->239374K(4054528K), 0.2093273 secs] [Times: user=0.09 sys=0.07, real=0.21 secs] 
执行结束!共生成对象次数:5723
Heap
 def new generation   total 1258304K, used 578611K [0x00000006c0000000, 0x0000000715550000, 0x0000000715550000)
  eden space 1118528K,  39% used [0x00000006c0000000, 0x00000006dac8cfa0, 0x0000000704450000)
  from space 139776K, 100% used [0x000000070ccd0000, 0x0000000715550000, 0x0000000715550000)
  to   space 139776K,   0% used [0x0000000704450000, 0x0000000704450000, 0x000000070ccd0000)
 tenured generation   total 2796224K, used 99598K [0x0000000715550000, 0x00000007c0000000, 0x00000007c0000000)
   the space 2796224K,   3% used [0x0000000715550000, 0x000000071b693940, 0x000000071b693a00, 0x00000007c0000000)
 Metaspace       used 2720K, capacity 4486K, committed 4864K, reserved 1056768K
  class space    used 297K, capacity 386K, committed 512K, reserved 1048576K

-------------------------------------------------------------------

GC_Algorithm_Parameter:+UseParallelGC; Heap_size: 128m

正在执行...
2020-10-29T01:54:14.593-0800: [GC (Allocation Failure) [PSYoungGen: 33280K->5100K(38400K)] 33280K->13226K(125952K), 0.0050521 secs] [Times: user=0.00 sys=0.01, real=0.00 secs] 
2020-10-29T01:54:14.609-0800: [GC (Allocation Failure) [PSYoungGen: 37816K->5102K(38400K)] 45943K->25957K(125952K), 0.0068078 secs] [Times: user=0.01 sys=0.02, real=0.01 secs] 
2020-10-29T01:54:14.623-0800: [GC (Allocation Failure) [PSYoungGen: 38078K->5114K(38400K)] 58933K->35403K(125952K), 0.0050258 secs] [Times: user=0.00 sys=0.00, real=0.00 secs] 
2020-10-29T01:54:14.636-0800: [GC (Allocation Failure) [PSYoungGen: 38242K->5115K(38400K)] 68532K->50507K(125952K), 0.0068885 secs] [Times: user=0.01 sys=0.01, real=0.01 secs] 
2020-10-29T01:54:14.649-0800: [GC (Allocation Failure) [PSYoungGen: 38395K->5114K(38400K)] 83787K->61607K(125952K), 0.0049435 secs] [Times: user=0.01 sys=0.01, real=0.01 secs] 
2020-10-29T01:54:14.660-0800: [GC (Allocation Failure) [PSYoungGen: 38051K->5113K(19968K)] 94544K->71792K(107520K), 0.0045192 secs] [Times: user=0.00 sys=0.00, real=0.00 secs] 
2020-10-29T01:54:14.667-0800: [GC (Allocation Failure) [PSYoungGen: 19961K->8274K(29184K)] 86640K->76974K(116736K), 0.0023413 secs] [Times: user=0.00 sys=0.00, real=0.01 secs] 
2020-10-29T01:54:14.672-0800: [GC (Allocation Failure) [PSYoungGen: 23003K->13405K(29184K)] 91702K->83821K(116736K), 0.0025383 secs] [Times: user=0.01 sys=0.01, real=0.00 secs] 
2020-10-29T01:54:14.675-0800: [Full GC (Ergonomics) [PSYoungGen: 13405K->0K(29184K)] [ParOldGen: 70416K->78358K(87552K)] 83821K->78358K(116736K), [Metaspace: 2714K->2714K(1056768K)], 0.0122231 secs] [Times: user=0.03 sys=0.00, real=0.01 secs] 
2020-10-29T01:54:14.690-0800: [Full GC (Ergonomics) [PSYoungGen: 14808K->0K(29184K)] [ParOldGen: 78358K->80762K(87552K)] 93167K->80762K(116736K), [Metaspace: 2714K->2714K(1056768K)], 0.0116122 secs] [Times: user=0.03 sys=0.01, real=0.01 secs] 
2020-10-29T01:54:14.703-0800: [Full GC (Ergonomics) [PSYoungGen: 14684K->0K(29184K)] [ParOldGen: 80762K->83493K(87552K)] 95447K->83493K(116736K), [Metaspace: 2714K->2714K(1056768K)], 0.0095746 secs] [Times: user=0.02 sys=0.00, real=0.01 secs] 
2020-10-29T01:54:14.716-0800: [Full GC (Ergonomics) [PSYoungGen: 14754K->0K(29184K)] [ParOldGen: 83493K->86782K(87552K)] 98247K->86782K(116736K), [Metaspace: 2714K->2714K(1056768K)], 0.0102556 secs] [Times: user=0.02 sys=0.00, real=0.01 secs] 
2020-10-29T01:54:14.728-0800: [Full GC (Ergonomics) [PSYoungGen: 14438K->4990K(29184K)] [ParOldGen: 86782K->87348K(87552K)] 101220K->92338K(116736K), [Metaspace: 2714K->2714K(1056768K)], 0.0113856 secs] [Times: user=0.03 sys=0.00, real=0.02 secs] 
2020-10-29T01:54:14.741-0800: [Full GC (Ergonomics) [PSYoungGen: 14818K->8406K(29184K)] [ParOldGen: 87348K->86906K(87552K)] 102166K->95312K(116736K), [Metaspace: 2714K->2714K(1056768K)], 0.0105103 secs] [Times: user=0.03 sys=0.00, real=0.01 secs] 
2020-10-29T01:54:14.753-0800: [Full GC (Ergonomics) [PSYoungGen: 14336K->9778K(29184K)] [ParOldGen: 86906K->87095K(87552K)] 101242K->96874K(116736K), [Metaspace: 2714K->2714K(1056768K)], 0.0115198 secs] [Times: user=0.02 sys=0.00, real=0.01 secs] 
2020-10-29T01:54:14.766-0800: [Full GC (Ergonomics) [PSYoungGen: 14766K->11173K(29184K)] [ParOldGen: 87095K->87095K(87552K)] 101862K->98269K(116736K), [Metaspace: 2714K->2714K(1056768K)], 0.0035498 secs] [Times: user=0.01 sys=0.00, real=0.00 secs] 
2020-10-29T01:54:14.771-0800: [Full GC (Ergonomics) [PSYoungGen: 14794K->10841K(29184K)] [ParOldGen: 87095K->87497K(87552K)] 101890K->98338K(116736K), [Metaspace: 2714K->2714K(1056768K)], 0.0050248 secs] [Times: user=0.01 sys=0.00, real=0.00 secs] 
2020-10-29T01:54:14.776-0800: [Full GC (Ergonomics) [PSYoungGen: 14830K->12649K(29184K)] [ParOldGen: 87497K->87270K(87552K)] 102327K->99920K(116736K), [Metaspace: 2714K->2714K(1056768K)], 0.0066949 secs] [Times: user=0.02 sys=0.00, real=0.01 secs] 
2020-10-29T01:54:14.783-0800: [Full GC (Ergonomics) [PSYoungGen: 14661K->13060K(29184K)] [ParOldGen: 87270K->87119K(87552K)] 101932K->100180K(116736K), [Metaspace: 2714K->2714K(1056768K)], 0.0091565 secs] [Times: user=0.02 sys=0.00, real=0.01 secs] 
2020-10-29T01:54:14.793-0800: [Full GC (Ergonomics) [PSYoungGen: 14551K->13060K(29184K)] [ParOldGen: 87119K->87119K(87552K)] 101671K->100180K(116736K), [Metaspace: 2714K->2714K(1056768K)], 0.0024844 secs] [Times: user=0.01 sys=0.00, real=0.00 secs] 
2020-10-29T01:54:14.796-0800: [Full GC (Ergonomics) [PSYoungGen: 14807K->14222K(29184K)] [ParOldGen: 87119K->87204K(87552K)] 101927K->101426K(116736K), [Metaspace: 2714K->2714K(1056768K)], 0.0060340 secs] [Times: user=0.01 sys=0.01, real=0.01 secs] 
2020-10-29T01:54:14.802-0800: [Full GC (Ergonomics) [PSYoungGen: 14706K->14258K(29184K)] [ParOldGen: 87204K->87204K(87552K)] 101910K->101462K(116736K), [Metaspace: 2714K->2714K(1056768K)], 0.0027929 secs] [Times: user=0.00 sys=0.00, real=0.00 secs] 
2020-10-29T01:54:14.805-0800: [Full GC (Ergonomics) [PSYoungGen: 14730K->14474K(29184K)] [ParOldGen: 87204K->87204K(87552K)] 101934K->101678K(116736K), [Metaspace: 2714K->2714K(1056768K)], 0.0026610 secs] [Times: user=0.01 sys=0.00, real=0.00 secs] 
2020-10-29T01:54:14.808-0800: [Full GC (Ergonomics) [PSYoungGen: 14788K->14418K(29184K)] [ParOldGen: 87204K->86621K(87552K)] 101992K->101039K(116736K), [Metaspace: 2714K->2714K(1056768K)], 0.0077337 secs] [Times: user=0.01 sys=0.00, real=0.01 secs] 
2020-10-29T01:54:14.816-0800: [Full GC (Ergonomics) [PSYoungGen: 14562K->14490K(29184K)] [ParOldGen: 86621K->86621K(87552K)] 101183K->101111K(116736K), [Metaspace: 2714K->2714K(1056768K)], 0.0035032 secs] [Times: user=0.01 sys=0.00, real=0.00 secs] 
2020-10-29T01:54:14.820-0800: [Full GC (Ergonomics) [PSYoungGen: 14800K->14634K(29184K)] [ParOldGen: 86621K->86621K(87552K)] 101422K->101255K(116736K), [Metaspace: 2714K->2714K(1056768K)], 0.0023180 secs] [Times: user=0.00 sys=0.00, real=0.00 secs] 
2020-10-29T01:54:14.822-0800: [Full GC (Ergonomics) [PSYoungGen: 14810K->14346K(29184K)] [ParOldGen: 86621K->86621K(87552K)] 101431K->100967K(116736K), [Metaspace: 2714K->2714K(1056768K)], 0.0020469 secs] [Times: user=0.01 sys=0.00, real=0.00 secs] 
2020-10-29T01:54:14.824-0800: [Full GC (Ergonomics) [PSYoungGen: 14708K->14369K(29184K)] [ParOldGen: 86621K->86621K(87552K)] 101330K->100991K(116736K), [Metaspace: 2714K->2714K(1056768K)], 0.0020345 secs] [Times: user=0.00 sys=0.00, real=0.00 secs] 
2020-10-29T01:54:14.827-0800: [Full GC (Ergonomics) [PSYoungGen: 14486K->14443K(29184K)] [ParOldGen: 87249K->87249K(87552K)] 101735K->101692K(116736K), [Metaspace: 2714K->2714K(1056768K)], 0.0021788 secs] [Times: user=0.01 sys=0.00, real=0.00 secs] 
2020-10-29T01:54:14.829-0800: [Full GC (Allocation Failure) [PSYoungGen: 14443K->14443K(29184K)] [ParOldGen: 87249K->87229K(87552K)] 101692K->101673K(116736K), [Metaspace: 2714K->2714K(1056768K)], 0.0065778 secs] [Times: user=0.01 sys=0.00, real=0.01 secs] 
Exception in thread "main" java.lang.OutOfMemoryError: Java heap space
	at GCLogAnalysis.generateGarbage(GCLogAnalysis.java:48)
	at GCLogAnalysis.main(GCLogAnalysis.java:25)
Heap
 PSYoungGen      total 29184K, used 14754K [0x00000007bd580000, 0x00000007c0000000, 0x00000007c0000000)
  eden space 14848K, 99% used [0x00000007bd580000,0x00000007be3e8948,0x00000007be400000)
  from space 14336K, 0% used [0x00000007bf200000,0x00000007bf200000,0x00000007c0000000)
  to   space 14336K, 0% used [0x00000007be400000,0x00000007be400000,0x00000007bf200000)
 ParOldGen       total 87552K, used 87229K [0x00000007b8000000, 0x00000007bd580000, 0x00000007bd580000)
  object space 87552K, 99% used [0x00000007b8000000,0x00000007bd52f7c0,0x00000007bd580000)
 Metaspace       used 2744K, capacity 4486K, committed 4864K, reserved 1056768K
  class space    used 300K, capacity 386K, committed 512K, reserved 1048576K

-------------------------------------------------------------------

GC_Algorithm_Parameter:+UseParallelGC; Heap_size: 512m

正在执行...
2020-10-29T01:54:15.069-0800: [GC (Allocation Failure) [PSYoungGen: 131325K->21473K(153088K)] 131325K->44511K(502784K), 0.0160518 secs] [Times: user=0.02 sys=0.03, real=0.02 secs] 
2020-10-29T01:54:15.106-0800: [GC (Allocation Failure) [PSYoungGen: 153057K->21503K(153088K)] 176095K->80445K(502784K), 0.0203953 secs] [Times: user=0.02 sys=0.05, real=0.02 secs] 
2020-10-29T01:54:15.143-0800: [GC (Allocation Failure) [PSYoungGen: 153087K->21501K(153088K)] 212029K->125184K(502784K), 0.0214332 secs] [Times: user=0.02 sys=0.02, real=0.02 secs] 
2020-10-29T01:54:15.186-0800: [GC (Allocation Failure) [PSYoungGen: 153085K->21501K(153088K)] 256768K->158887K(502784K), 0.0154839 secs] [Times: user=0.02 sys=0.02, real=0.02 secs] 
2020-10-29T01:54:15.222-0800: [GC (Allocation Failure) [PSYoungGen: 153085K->21497K(153088K)] 290471K->199348K(502784K), 0.0183282 secs] [Times: user=0.03 sys=0.03, real=0.02 secs] 
2020-10-29T01:54:15.259-0800: [GC (Allocation Failure) [PSYoungGen: 153081K->21492K(80384K)] 330932K->235608K(430080K), 0.0181602 secs] [Times: user=0.03 sys=0.03, real=0.02 secs] 
2020-10-29T01:54:15.286-0800: [GC (Allocation Failure) [PSYoungGen: 80255K->37003K(116736K)] 294371K->257231K(466432K), 0.0065276 secs] [Times: user=0.01 sys=0.00, real=0.01 secs] 
2020-10-29T01:54:15.301-0800: [GC (Allocation Failure) [PSYoungGen: 95883K->48481K(116736K)] 316111K->274435K(466432K), 0.0092517 secs] [Times: user=0.02 sys=0.01, real=0.01 secs] 
2020-10-29T01:54:15.322-0800: [GC (Allocation Failure) [PSYoungGen: 107097K->55304K(116736K)] 333052K->288818K(466432K), 0.0095789 secs] [Times: user=0.03 sys=0.00, real=0.01 secs] 
2020-10-29T01:54:15.341-0800: [GC (Allocation Failure) [PSYoungGen: 114184K->35704K(116736K)] 347698K->305124K(466432K), 0.0176604 secs] [Times: user=0.03 sys=0.03, real=0.01 secs] 
2020-10-29T01:54:15.371-0800: [GC (Allocation Failure) [PSYoungGen: 94584K->21776K(116736K)] 364004K->326035K(466432K), 0.0157291 secs] [Times: user=0.02 sys=0.02, real=0.01 secs] 
2020-10-29T01:54:15.386-0800: [Full GC (Ergonomics) [PSYoungGen: 21776K->0K(116736K)] [ParOldGen: 304259K->236247K(349696K)] 326035K->236247K(466432K), [Metaspace: 2714K->2714K(1056768K)], 0.0338526 secs] [Times: user=0.08 sys=0.01, real=0.04 secs] 
2020-10-29T01:54:15.429-0800: [GC (Allocation Failure) [PSYoungGen: 58447K->20424K(116736K)] 294695K->256672K(466432K), 0.0042288 secs] [Times: user=0.01 sys=0.00, real=0.01 secs] 
2020-10-29T01:54:15.443-0800: [GC (Allocation Failure) [PSYoungGen: 79297K->18283K(116736K)] 315544K->273212K(466432K), 0.0061928 secs] [Times: user=0.01 sys=0.00, real=0.00 secs] 
2020-10-29T01:54:15.460-0800: [GC (Allocation Failure) [PSYoungGen: 77134K->19241K(116736K)] 332063K->291076K(466432K), 0.0061479 secs] [Times: user=0.01 sys=0.00, real=0.00 secs] 
2020-10-29T01:54:15.478-0800: [GC (Allocation Failure) [PSYoungGen: 77993K->22019K(116736K)] 349829K->312061K(466432K), 0.0059275 secs] [Times: user=0.02 sys=0.00, real=0.01 secs] 
2020-10-29T01:54:15.493-0800: [GC (Allocation Failure) [PSYoungGen: 80899K->17780K(116736K)] 370941K->328544K(466432K), 0.0082516 secs] [Times: user=0.01 sys=0.01, real=0.01 secs] 
2020-10-29T01:54:15.501-0800: [Full GC (Ergonomics) [PSYoungGen: 17780K->0K(116736K)] [ParOldGen: 310763K->267143K(349696K)] 328544K->267143K(466432K), [Metaspace: 2714K->2714K(1056768K)], 0.0301082 secs] [Times: user=0.07 sys=0.00, real=0.03 secs] 
2020-10-29T01:54:15.542-0800: [GC (Allocation Failure) [PSYoungGen: 58880K->22495K(116736K)] 326023K->289638K(466432K), 0.0038281 secs] [Times: user=0.01 sys=0.00, real=0.00 secs] 
2020-10-29T01:54:15.556-0800: [GC (Allocation Failure) [PSYoungGen: 81375K->20585K(116736K)] 348518K->308973K(466432K), 0.0064348 secs] [Times: user=0.01 sys=0.00, real=0.01 secs] 
2020-10-29T01:54:15.572-0800: [GC (Allocation Failure) [PSYoungGen: 79442K->21470K(116736K)] 367829K->330271K(466432K), 0.0061688 secs] [Times: user=0.02 sys=0.00, real=0.00 secs] 
2020-10-29T01:54:15.587-0800: [GC (Allocation Failure) [PSYoungGen: 80350K->19334K(116736K)] 389151K->349022K(466432K), 0.0104837 secs] [Times: user=0.02 sys=0.02, real=0.01 secs] 
2020-10-29T01:54:15.598-0800: [Full GC (Ergonomics) [PSYoungGen: 19334K->0K(116736K)] [ParOldGen: 329687K->293074K(349696K)] 349022K->293074K(466432K), [Metaspace: 2714K->2714K(1056768K)], 0.0316660 secs] [Times: user=0.08 sys=0.00, real=0.04 secs] 
2020-10-29T01:54:15.639-0800: [GC (Allocation Failure) [PSYoungGen: 58428K->20460K(116736K)] 351502K->313535K(466432K), 0.0038884 secs] [Times: user=0.01 sys=0.00, real=0.01 secs] 
2020-10-29T01:54:15.653-0800: [GC (Allocation Failure) [PSYoungGen: 79298K->19562K(116736K)] 372373K->332230K(466432K), 0.0061317 secs] [Times: user=0.01 sys=0.00, real=0.00 secs] 
2020-10-29T01:54:15.670-0800: [GC (Allocation Failure) [PSYoungGen: 78442K->21072K(116736K)] 391110K->352850K(466432K), 0.0064883 secs] [Times: user=0.02 sys=0.00, real=0.00 secs] 
2020-10-29T01:54:15.676-0800: [Full GC (Ergonomics) [PSYoungGen: 21072K->0K(116736K)] [ParOldGen: 331777K->308206K(349696K)] 352850K->308206K(466432K), [Metaspace: 2714K->2714K(1056768K)], 0.0335235 secs] [Times: user=0.08 sys=0.00, real=0.04 secs] 
2020-10-29T01:54:15.720-0800: [GC (Allocation Failure) [PSYoungGen: 58880K->19557K(116736K)] 367086K->327764K(466432K), 0.0048994 secs] [Times: user=0.01 sys=0.00, real=0.00 secs] 
2020-10-29T01:54:15.735-0800: [GC (Allocation Failure) [PSYoungGen: 78265K->17334K(116736K)] 386472K->342572K(466432K), 0.0051303 secs] [Times: user=0.02 sys=0.00, real=0.01 secs] 
2020-10-29T01:54:15.740-0800: [Full GC (Ergonomics) [PSYoungGen: 17334K->0K(116736K)] [ParOldGen: 325238K->313926K(349696K)] 342572K->313926K(466432K), [Metaspace: 2714K->2714K(1056768K)], 0.0349323 secs] [Times: user=0.07 sys=0.00, real=0.03 secs] 
2020-10-29T01:54:15.784-0800: [GC (Allocation Failure) [PSYoungGen: 58880K->22518K(116736K)] 372806K->336445K(466432K), 0.0057108 secs] [Times: user=0.01 sys=0.00, real=0.01 secs] 
2020-10-29T01:54:15.801-0800: [GC (Allocation Failure) [PSYoungGen: 81258K->21783K(116736K)] 395185K->357272K(466432K), 0.0080560 secs] [Times: user=0.02 sys=0.00, real=0.00 secs] 
2020-10-29T01:54:15.809-0800: [Full GC (Ergonomics) [PSYoungGen: 21783K->0K(116736K)] [ParOldGen: 335489K->317595K(349696K)] 357272K->317595K(466432K), [Metaspace: 2714K->2714K(1056768K)], 0.0345978 secs] [Times: user=0.08 sys=0.01, real=0.04 secs] 
2020-10-29T01:54:15.856-0800: [GC (Allocation Failure) [PSYoungGen: 58652K->21076K(120832K)] 376248K->338672K(470528K), 0.0029494 secs] [Times: user=0.01 sys=0.00, real=0.00 secs] 
2020-10-29T01:54:15.871-0800: [GC (Allocation Failure) [PSYoungGen: 86100K->42331K(107520K)] 403696K->359927K(457216K), 0.0054390 secs] [Times: user=0.02 sys=0.00, real=0.00 secs] 
2020-10-29T01:54:15.887-0800: [GC (Allocation Failure) [PSYoungGen: 107285K->56798K(115712K)] 424881K->378800K(465408K), 0.0085509 secs] [Times: user=0.02 sys=0.00, real=0.01 secs] 
2020-10-29T01:54:15.905-0800: [GC (Allocation Failure) [PSYoungGen: 115664K->57854K(116736K)] 437666K->399157K(466432K), 0.0120759 secs] [Times: user=0.03 sys=0.00, real=0.01 secs] 
2020-10-29T01:54:15.918-0800: [Full GC (Ergonomics) [PSYoungGen: 57854K->0K(116736K)] [ParOldGen: 341302K->331906K(349696K)] 399157K->331906K(466432K), [Metaspace: 2714K->2714K(1056768K)], 0.0366298 secs] [Times: user=0.11 sys=0.00, real=0.04 secs] 
执行结束!共生成对象次数:8735
Heap
 PSYoungGen      total 116736K, used 42397K [0x00000007b5580000, 0x00000007c0000000, 0x00000007c0000000)
  eden space 58880K, 72% used [0x00000007b5580000,0x00000007b7ee7558,0x00000007b8f00000)
  from space 57856K, 0% used [0x00000007b8f00000,0x00000007b8f00000,0x00000007bc780000)
  to   space 57856K, 0% used [0x00000007bc780000,0x00000007bc780000,0x00000007c0000000)
 ParOldGen       total 349696K, used 331906K [0x00000007a0000000, 0x00000007b5580000, 0x00000007b5580000)
  object space 349696K, 94% used [0x00000007a0000000,0x00000007b4420830,0x00000007b5580000)
 Metaspace       used 2720K, capacity 4486K, committed 4864K, reserved 1056768K
  class space    used 297K, capacity 386K, committed 512K, reserved 1048576K

-------------------------------------------------------------------

GC_Algorithm_Parameter:+UseParallelGC; Heap_size: 1g

正在执行...
2020-10-29T01:54:16.299-0800: [GC (Allocation Failure) [PSYoungGen: 262144K->43514K(305664K)] 262144K->82576K(1005056K), 0.0295151 secs] [Times: user=0.03 sys=0.06, real=0.03 secs] 
2020-10-29T01:54:16.373-0800: [GC (Allocation Failure) [PSYoungGen: 305658K->43507K(305664K)] 344720K->157567K(1005056K), 0.0451315 secs] [Times: user=0.05 sys=0.08, real=0.04 secs] 
2020-10-29T01:54:16.457-0800: [GC (Allocation Failure) [PSYoungGen: 305651K->43516K(305664K)] 419711K->236945K(1005056K), 0.0382058 secs] [Times: user=0.05 sys=0.07, real=0.04 secs] 
2020-10-29T01:54:16.529-0800: [GC (Allocation Failure) [PSYoungGen: 305660K->43512K(305664K)] 499089K->313784K(1005056K), 0.0340294 secs] [Times: user=0.05 sys=0.05, real=0.04 secs] 
2020-10-29T01:54:16.598-0800: [GC (Allocation Failure) [PSYoungGen: 305656K->43508K(305664K)] 575928K->392448K(1005056K), 0.0360230 secs] [Times: user=0.05 sys=0.05, real=0.04 secs] 
2020-10-29T01:54:16.673-0800: [GC (Allocation Failure) [PSYoungGen: 305652K->43507K(160256K)] 654592K->464965K(859648K), 0.0329342 secs] [Times: user=0.04 sys=0.05, real=0.03 secs] 
2020-10-29T01:54:16.725-0800: [GC (Allocation Failure) [PSYoungGen: 159658K->73292K(232960K)] 581116K->499630K(932352K), 0.0117961 secs] [Times: user=0.03 sys=0.01, real=0.01 secs] 
2020-10-29T01:54:16.754-0800: [GC (Allocation Failure) [PSYoungGen: 189807K->93925K(232960K)] 616145K->530464K(932352K), 0.0148576 secs] [Times: user=0.04 sys=0.01, real=0.01 secs] 
2020-10-29T01:54:16.786-0800: [GC (Allocation Failure) [PSYoungGen: 210563K->104484K(232960K)] 647103K->560686K(932352K), 0.0205613 secs] [Times: user=0.03 sys=0.01, real=0.02 secs] 
2020-10-29T01:54:16.826-0800: [GC (Allocation Failure) [PSYoungGen: 221220K->75984K(232960K)] 677422K->586093K(932352K), 0.0296646 secs] [Times: user=0.05 sys=0.04, real=0.03 secs] 
2020-10-29T01:54:16.874-0800: [GC (Allocation Failure) [PSYoungGen: 192720K->41799K(232960K)] 702829K->619238K(932352K), 0.0300837 secs] [Times: user=0.04 sys=0.05, real=0.03 secs] 
2020-10-29T01:54:16.925-0800: [GC (Allocation Failure) [PSYoungGen: 158535K->33441K(232960K)] 735974K->646945K(932352K), 0.0198513 secs] [Times: user=0.03 sys=0.03, real=0.02 secs] 
2020-10-29T01:54:16.945-0800: [Full GC (Ergonomics) [PSYoungGen: 33441K->0K(232960K)] [ParOldGen: 613503K->333691K(699392K)] 646945K->333691K(932352K), [Metaspace: 2714K->2714K(1056768K)], 0.0505023 secs] [Times: user=0.13 sys=0.01, real=0.05 secs] 
2020-10-29T01:54:17.018-0800: [GC (Allocation Failure) [PSYoungGen: 116736K->40408K(232960K)] 450427K->374099K(932352K), 0.0055162 secs] [Times: user=0.01 sys=0.00, real=0.01 secs] 
2020-10-29T01:54:17.042-0800: [GC (Allocation Failure) [PSYoungGen: 157144K->33565K(232960K)] 490835K->405606K(932352K), 0.0105903 secs] [Times: user=0.03 sys=0.00, real=0.01 secs] 
2020-10-29T01:54:17.072-0800: [GC (Allocation Failure) [PSYoungGen: 149670K->41371K(232960K)] 521711K->443395K(932352K), 0.0098508 secs] [Times: user=0.03 sys=0.00, real=0.01 secs] 
2020-10-29T01:54:17.098-0800: [GC (Allocation Failure) [PSYoungGen: 158107K->39983K(232960K)] 560131K->480131K(932352K), 0.0117919 secs] [Times: user=0.02 sys=0.00, real=0.01 secs] 
执行结束!共生成对象次数:10718
Heap
 PSYoungGen      total 232960K, used 124206K [0x00000007aab00000, 0x00000007c0000000, 0x00000007c0000000)
  eden space 116736K, 72% used [0x00000007aab00000,0x00000007afd3fc68,0x00000007b1d00000)
  from space 116224K, 34% used [0x00000007b8e80000,0x00000007bb58bc70,0x00000007c0000000)
  to   space 116224K, 0% used [0x00000007b1d00000,0x00000007b1d00000,0x00000007b8e80000)
 ParOldGen       total 699392K, used 440148K [0x0000000780000000, 0x00000007aab00000, 0x00000007aab00000)
  object space 699392K, 62% used [0x0000000780000000,0x000000079add5220,0x00000007aab00000)
 Metaspace       used 2720K, capacity 4486K, committed 4864K, reserved 1056768K
  class space    used 297K, capacity 386K, committed 512K, reserved 1048576K

-------------------------------------------------------------------

GC_Algorithm_Parameter:+UseParallelGC; Heap_size: 2g

正在执行...
2020-10-29T01:54:17.661-0800: [GC (Allocation Failure) [PSYoungGen: 524800K->87019K(611840K)] 524800K->145922K(2010112K), 0.0529774 secs] [Times: user=0.06 sys=0.10, real=0.05 secs] 
2020-10-29T01:54:17.797-0800: [GC (Allocation Failure) [PSYoungGen: 611819K->87033K(611840K)] 670722K->254913K(2010112K), 0.0754397 secs] [Times: user=0.07 sys=0.11, real=0.08 secs] 
2020-10-29T01:54:17.945-0800: [GC (Allocation Failure) [PSYoungGen: 611833K->87037K(611840K)] 779713K->357591K(2010112K), 0.0527357 secs] [Times: user=0.06 sys=0.07, real=0.05 secs] 
2020-10-29T01:54:18.066-0800: [GC (Allocation Failure) [PSYoungGen: 611837K->87033K(611840K)] 882391K->470748K(2010112K), 0.0531344 secs] [Times: user=0.08 sys=0.08, real=0.05 secs] 
2020-10-29T01:54:18.191-0800: [GC (Allocation Failure) [PSYoungGen: 611748K->87032K(611840K)] 995462K->578851K(2010112K), 0.0533372 secs] [Times: user=0.08 sys=0.09, real=0.05 secs] 
2020-10-29T01:54:18.318-0800: [GC (Allocation Failure) [PSYoungGen: 611832K->87028K(332288K)] 1103651K->692553K(1730560K), 0.0568857 secs] [Times: user=0.08 sys=0.08, real=0.06 secs] 
执行结束!共生成对象次数:11954
Heap
 PSYoungGen      total 332288K, used 97018K [0x0000000795580000, 0x00000007c0000000, 0x00000007c0000000)
  eden space 245248K, 4% used [0x0000000795580000,0x0000000795f41608,0x00000007a4500000)
  from space 87040K, 99% used [0x00000007bab00000,0x00000007bfffd210,0x00000007c0000000)
  to   space 226816K, 0% used [0x00000007a4500000,0x00000007a4500000,0x00000007b2280000)
 ParOldGen       total 1398272K, used 605525K [0x0000000740000000, 0x0000000795580000, 0x0000000795580000)
  object space 1398272K, 43% used [0x0000000740000000,0x0000000764f55558,0x0000000795580000)
 Metaspace       used 2720K, capacity 4486K, committed 4864K, reserved 1056768K
  class space    used 297K, capacity 386K, committed 512K, reserved 1048576K

-------------------------------------------------------------------

GC_Algorithm_Parameter:+UseParallelGC; Heap_size: 4g

正在执行...
2020-10-29T01:54:19.269-0800: [GC (Allocation Failure) [PSYoungGen: 1048576K->174591K(1223168K)] 1048576K->228612K(4019712K), 0.0846506 secs] [Times: user=0.09 sys=0.17, real=0.09 secs] 
2020-10-29T01:54:19.530-0800: [GC (Allocation Failure) [PSYoungGen: 1223167K->174588K(1223168K)] 1277188K->362284K(4019712K), 0.1816164 secs] [Times: user=0.13 sys=0.19, real=0.18 secs] 
执行结束!共生成对象次数:7797
Heap
 PSYoungGen      total 1223168K, used 216684K [0x000000076ab00000, 0x00000007c0000000, 0x00000007c0000000)
  eden space 1048576K, 4% used [0x000000076ab00000,0x000000076d41bdb8,0x00000007aab00000)
  from space 174592K, 99% used [0x00000007b5580000,0x00000007bffff358,0x00000007c0000000)
  to   space 174592K, 0% used [0x00000007aab00000,0x00000007aab00000,0x00000007b5580000)
 ParOldGen       total 2796544K, used 187696K [0x00000006c0000000, 0x000000076ab00000, 0x000000076ab00000)
  object space 2796544K, 6% used [0x00000006c0000000,0x00000006cb74c000,0x000000076ab00000)
 Metaspace       used 2720K, capacity 4486K, committed 4864K, reserved 1056768K
  class space    used 297K, capacity 386K, committed 512K, reserved 1048576K

-------------------------------------------------------------------

GC_Algorithm_Parameter:+UseConcMarkSweepGC; Heap_size: 128m

正在执行...
2020-10-29T01:54:20.028-0800: [GC (Allocation Failure) 2020-10-29T01:54:20.028-0800: [ParNew: 34622K->4352K(39296K), 0.0047981 secs] 34622K->11400K(126720K), 0.0048822 secs] [Times: user=0.00 sys=0.01, real=0.01 secs] 
2020-10-29T01:54:20.045-0800: [GC (Allocation Failure) 2020-10-29T01:54:20.045-0800: [ParNew: 39284K->4352K(39296K), 0.0079917 secs] 46332K->25343K(126720K), 0.0080674 secs] [Times: user=0.01 sys=0.01, real=0.01 secs] 
2020-10-29T01:54:20.062-0800: [GC (Allocation Failure) 2020-10-29T01:54:20.062-0800: [ParNew: 38824K->4352K(39296K), 0.0082321 secs] 59816K->36349K(126720K), 0.0083880 secs] [Times: user=0.01 sys=0.01, real=0.01 secs] 
2020-10-29T01:54:20.076-0800: [GC (Allocation Failure) 2020-10-29T01:54:20.076-0800: [ParNew: 39296K->4330K(39296K), 0.0092386 secs] 71293K->51368K(126720K), 0.0092832 secs] [Times: user=0.02 sys=0.00, real=0.01 secs] 
2020-10-29T01:54:20.085-0800: [GC (CMS Initial Mark) [1 CMS-initial-mark: 47037K(87424K)] 51512K(126720K), 0.0001909 secs] [Times: user=0.00 sys=0.00, real=0.00 secs] 
2020-10-29T01:54:20.085-0800: [CMS-concurrent-mark-start]
2020-10-29T01:54:20.087-0800: [CMS-concurrent-mark: 0.001/0.001 secs] [Times: user=0.00 sys=0.00, real=0.00 secs] 
2020-10-29T01:54:20.087-0800: [CMS-concurrent-preclean-start]
2020-10-29T01:54:20.087-0800: [CMS-concurrent-preclean: 0.000/0.000 secs] [Times: user=0.00 sys=0.00, real=0.00 secs] 
2020-10-29T01:54:20.087-0800: [CMS-concurrent-abortable-preclean-start]
2020-10-29T01:54:20.090-0800: [GC (Allocation Failure) 2020-10-29T01:54:20.090-0800: [ParNew: 38639K->4344K(39296K), 0.0094393 secs] 85676K->64323K(126720K), 0.0094852 secs] [Times: user=0.02 sys=0.01, real=0.01 secs] 
2020-10-29T01:54:20.105-0800: [GC (Allocation Failure) 2020-10-29T01:54:20.105-0800: [ParNew: 39234K->4349K(39296K), 0.0091317 secs] 99213K->79912K(126720K), 0.0091809 secs] [Times: user=0.02 sys=0.00, real=0.01 secs] 
2020-10-29T01:54:20.121-0800: [GC (Allocation Failure) 2020-10-29T01:54:20.121-0800: [ParNew: 39293K->39293K(39296K), 0.0000321 secs]2020-10-29T01:54:20.121-0800: [CMS2020-10-29T01:54:20.122-0800: [CMS-concurrent-abortable-preclean: 0.001/0.035 secs] [Times: user=0.06 sys=0.01, real=0.04 secs] 
 (concurrent mode failure): 75563K->84370K(87424K), 0.0182105 secs] 114856K->84370K(126720K), [Metaspace: 2713K->2713K(1056768K)], 0.0183125 secs] [Times: user=0.02 sys=0.01, real=0.02 secs] 
2020-10-29T01:54:20.145-0800: [GC (Allocation Failure) 2020-10-29T01:54:20.145-0800: [ParNew: 34944K->34944K(39296K), 0.0000327 secs]2020-10-29T01:54:20.145-0800: [CMS: 84370K->87368K(87424K), 0.0159850 secs] 119314K->93565K(126720K), [Metaspace: 2713K->2713K(1056768K)], 0.0160924 secs] [Times: user=0.02 sys=0.00, real=0.02 secs] 
2020-10-29T01:54:20.161-0800: [GC (CMS Initial Mark) [1 CMS-initial-mark: 87368K(87424K)] 93601K(126720K), 0.0001742 secs] [Times: user=0.00 sys=0.00, real=0.00 secs] 
2020-10-29T01:54:20.161-0800: [CMS-concurrent-mark-start]
2020-10-29T01:54:20.163-0800: [CMS-concurrent-mark: 0.001/0.001 secs] [Times: user=0.00 sys=0.00, real=0.00 secs] 
2020-10-29T01:54:20.163-0800: [CMS-concurrent-preclean-start]
2020-10-29T01:54:20.164-0800: [CMS-concurrent-preclean: 0.001/0.001 secs] [Times: user=0.00 sys=0.00, real=0.00 secs] 
2020-10-29T01:54:20.164-0800: [CMS-concurrent-abortable-preclean-start]
2020-10-29T01:54:20.164-0800: [CMS-concurrent-abortable-preclean: 0.000/0.000 secs] [Times: user=0.00 sys=0.00, real=0.00 secs] 
2020-10-29T01:54:20.164-0800: [GC (CMS Final Remark) [YG occupancy: 15698 K (39296 K)]2020-10-29T01:54:20.164-0800: [Rescan (parallel) , 0.0017300 secs]2020-10-29T01:54:20.166-0800: [weak refs processing, 0.0000325 secs]2020-10-29T01:54:20.166-0800: [class unloading, 0.0003123 secs]2020-10-29T01:54:20.166-0800: [scrub symbol table, 0.0004879 secs]2020-10-29T01:54:20.167-0800: [scrub string table, 0.0002289 secs][1 CMS-remark: 87368K(87424K)] 103067K(126720K), 0.0029341 secs] [Times: user=0.01 sys=0.00, real=0.00 secs] 
2020-10-29T01:54:20.167-0800: [CMS-concurrent-sweep-start]
2020-10-29T01:54:20.167-0800: [CMS-concurrent-sweep: 0.000/0.000 secs] [Times: user=0.00 sys=0.00, real=0.00 secs] 
2020-10-29T01:54:20.167-0800: [CMS-concurrent-reset-start]
2020-10-29T01:54:20.168-0800: [CMS-concurrent-reset: 0.000/0.000 secs] [Times: user=0.00 sys=0.00, real=0.00 secs] 
2020-10-29T01:54:20.171-0800: [GC (Allocation Failure) 2020-10-29T01:54:20.171-0800: [ParNew: 39170K->39170K(39296K), 0.0000448 secs]2020-10-29T01:54:20.171-0800: [CMS: 87368K->86873K(87424K), 0.0145327 secs] 126539K->102537K(126720K), [Metaspace: 2713K->2713K(1056768K)], 0.0147093 secs] [Times: user=0.01 sys=0.00, real=0.01 secs] 
2020-10-29T01:54:20.186-0800: [GC (CMS Initial Mark) [1 CMS-initial-mark: 86873K(87424K)] 102711K(126720K), 0.0001920 secs] [Times: user=0.00 sys=0.00, real=0.00 secs] 
2020-10-29T01:54:20.186-0800: [CMS-concurrent-mark-start]
2020-10-29T01:54:20.188-0800: [CMS-concurrent-mark: 0.001/0.001 secs] [Times: user=0.01 sys=0.00, real=0.00 secs] 
2020-10-29T01:54:20.188-0800: [CMS-concurrent-preclean-start]
2020-10-29T01:54:20.188-0800: [CMS-concurrent-preclean: 0.001/0.001 secs] [Times: user=0.00 sys=0.00, real=0.00 secs] 
2020-10-29T01:54:20.188-0800: [CMS-concurrent-abortable-preclean-start]
2020-10-29T01:54:20.188-0800: [CMS-concurrent-abortable-preclean: 0.000/0.000 secs] [Times: user=0.00 sys=0.00, real=0.00 secs] 
2020-10-29T01:54:20.188-0800: [GC (CMS Final Remark) [YG occupancy: 23728 K (39296 K)]2020-10-29T01:54:20.188-0800: [Rescan (parallel) , 0.0012344 secs]2020-10-29T01:54:20.190-0800: [weak refs processing, 0.0000231 secs]2020-10-29T01:54:20.190-0800: [class unloading, 0.0002659 secs]2020-10-29T01:54:20.190-0800: [scrub symbol table, 0.0003562 secs]2020-10-29T01:54:20.190-0800: [scrub string table, 0.0002182 secs][1 CMS-remark: 86873K(87424K)] 110602K(126720K), 0.0022177 secs] [Times: user=0.00 sys=0.00, real=0.01 secs] 
2020-10-29T01:54:20.191-0800: [CMS-concurrent-sweep-start]
2020-10-29T01:54:20.191-0800: [CMS-concurrent-sweep: 0.000/0.000 secs] [Times: user=0.00 sys=0.00, real=0.00 secs] 
2020-10-29T01:54:20.191-0800: [CMS-concurrent-reset-start]
2020-10-29T01:54:20.191-0800: [CMS-concurrent-reset: 0.000/0.000 secs] [Times: user=0.00 sys=0.00, real=0.00 secs] 
2020-10-29T01:54:20.194-0800: [GC (Allocation Failure) 2020-10-29T01:54:20.194-0800: [ParNew: 39244K->39244K(39296K), 0.0000396 secs]2020-10-29T01:54:20.194-0800: [CMS: 85938K->87297K(87424K), 0.0141378 secs] 125182K->107914K(126720K), [Metaspace: 2713K->2713K(1056768K)], 0.0142714 secs] [Times: user=0.02 sys=0.00, real=0.01 secs] 
2020-10-29T01:54:20.208-0800: [GC (CMS Initial Mark) [1 CMS-initial-mark: 87297K(87424K)] 108202K(126720K), 0.0001603 secs] [Times: user=0.00 sys=0.00, real=0.00 secs] 
2020-10-29T01:54:20.208-0800: [CMS-concurrent-mark-start]
2020-10-29T01:54:20.209-0800: [CMS-concurrent-mark: 0.001/0.001 secs] [Times: user=0.00 sys=0.00, real=0.00 secs] 
2020-10-29T01:54:20.209-0800: [CMS-concurrent-preclean-start]
2020-10-29T01:54:20.210-0800: [CMS-concurrent-preclean: 0.001/0.001 secs] [Times: user=0.00 sys=0.00, real=0.01 secs] 
2020-10-29T01:54:20.210-0800: [CMS-concurrent-abortable-preclean-start]
2020-10-29T01:54:20.210-0800: [CMS-concurrent-abortable-preclean: 0.000/0.000 secs] [Times: user=0.00 sys=0.00, real=0.00 secs] 
2020-10-29T01:54:20.210-0800: [GC (CMS Final Remark) [YG occupancy: 30112 K (39296 K)]2020-10-29T01:54:20.210-0800: [Rescan (parallel) , 0.0013683 secs]2020-10-29T01:54:20.212-0800: [weak refs processing, 0.0000317 secs]2020-10-29T01:54:20.212-0800: [class unloading, 0.0003362 secs]2020-10-29T01:54:20.212-0800: [scrub symbol table, 0.0004870 secs]2020-10-29T01:54:20.212-0800: [scrub string table, 0.0002547 secs][1 CMS-remark: 87297K(87424K)] 117410K(126720K), 0.0026201 secs] [Times: user=0.00 sys=0.00, real=0.00 secs] 
2020-10-29T01:54:20.213-0800: [CMS-concurrent-sweep-start]
2020-10-29T01:54:20.213-0800: [CMS-concurrent-sweep: 0.000/0.000 secs] [Times: user=0.00 sys=0.00, real=0.00 secs] 
2020-10-29T01:54:20.213-0800: [CMS-concurrent-reset-start]
2020-10-29T01:54:20.213-0800: [CMS-concurrent-reset: 0.000/0.000 secs] [Times: user=0.00 sys=0.00, real=0.00 secs] 
2020-10-29T01:54:20.216-0800: [GC (Allocation Failure) 2020-10-29T01:54:20.216-0800: [ParNew: 38788K->38788K(39296K), 0.0000511 secs]2020-10-29T01:54:20.216-0800: [CMS: 87297K->87325K(87424K), 0.0150180 secs] 126086K->113136K(126720K), [Metaspace: 2713K->2713K(1056768K)], 0.0151607 secs] [Times: user=0.01 sys=0.00, real=0.02 secs] 
2020-10-29T01:54:20.231-0800: [GC (CMS Initial Mark) [1 CMS-initial-mark: 87325K(87424K)] 113793K(126720K), 0.0002524 secs] [Times: user=0.00 sys=0.00, real=0.00 secs] 
2020-10-29T01:54:20.231-0800: [CMS-concurrent-mark-start]
2020-10-29T01:54:20.233-0800: [CMS-concurrent-mark: 0.002/0.002 secs] [Times: user=0.00 sys=0.00, real=0.00 secs] 
2020-10-29T01:54:20.233-0800: [CMS-concurrent-preclean-start]
2020-10-29T01:54:20.233-0800: [Full GC (Allocation Failure) 2020-10-29T01:54:20.233-0800: [CMS2020-10-29T01:54:20.234-0800: [CMS-concurrent-preclean: 0.001/0.001 secs] [Times: user=0.01 sys=0.00, real=0.00 secs] 
 (concurrent mode failure): 87325K->87244K(87424K), 0.0154022 secs] 126584K->117436K(126720K), [Metaspace: 2713K->2713K(1056768K)], 0.0154668 secs] [Times: user=0.01 sys=0.00, real=0.01 secs] 
2020-10-29T01:54:20.250-0800: [Full GC (Allocation Failure) 2020-10-29T01:54:20.250-0800: [CMS: 87244K->87371K(87424K), 0.0153562 secs] 126422K->121089K(126720K), [Metaspace: 2713K->2713K(1056768K)], 0.0154443 secs] [Times: user=0.02 sys=0.00, real=0.01 secs] 
2020-10-29T01:54:20.266-0800: [GC (CMS Initial Mark) [1 CMS-initial-mark: 87371K(87424K)] 121577K(126720K), 0.0002308 secs] [Times: user=0.00 sys=0.00, real=0.00 secs] 
2020-10-29T01:54:20.266-0800: [CMS-concurrent-mark-start]
2020-10-29T01:54:20.268-0800: [CMS-concurrent-mark: 0.001/0.001 secs] [Times: user=0.00 sys=0.00, real=0.00 secs] 
2020-10-29T01:54:20.268-0800: [CMS-concurrent-preclean-start]
2020-10-29T01:54:20.268-0800: [CMS-concurrent-preclean: 0.001/0.001 secs] [Times: user=0.00 sys=0.00, real=0.00 secs] 
2020-10-29T01:54:20.268-0800: [Full GC (Allocation Failure) 2020-10-29T01:54:20.268-0800: [CMS (concurrent mode failure): 87371K->87374K(87424K), 0.0109645 secs] 126639K->120595K(126720K), [Metaspace: 2713K->2713K(1056768K)], 0.0110307 secs] [Times: user=0.01 sys=0.00, real=0.01 secs] 
2020-10-29T01:54:20.281-0800: [Full GC (Allocation Failure) 2020-10-29T01:54:20.281-0800: [CMS: 87374K->87416K(87424K), 0.0149885 secs] 126607K->122074K(126720K), [Metaspace: 2713K->2713K(1056768K)], 0.0150565 secs] [Times: user=0.02 sys=0.00, real=0.01 secs] 
2020-10-29T01:54:20.296-0800: [GC (CMS Initial Mark) [1 CMS-initial-mark: 87416K(87424K)] 122521K(126720K), 0.0002321 secs] [Times: user=0.00 sys=0.00, real=0.00 secs] 
2020-10-29T01:54:20.296-0800: [CMS-concurrent-mark-start]
2020-10-29T01:54:20.297-0800: [Full GC (Allocation Failure) 2020-10-29T01:54:20.297-0800: [CMS2020-10-29T01:54:20.298-0800: [CMS-concurrent-mark: 0.001/0.001 secs] [Times: user=0.00 sys=0.00, real=0.00 secs] 
 (concurrent mode failure): 87416K->87271K(87424K), 0.0163807 secs] 126709K->122582K(126720K), [Metaspace: 2713K->2713K(1056768K)], 0.0164483 secs] [Times: user=0.01 sys=0.00, real=0.02 secs] 
2020-10-29T01:54:20.314-0800: [Full GC (Allocation Failure) 2020-10-29T01:54:20.314-0800: [CMS: 87271K->87243K(87424K), 0.0136297 secs] 126348K->124302K(126720K), [Metaspace: 2713K->2713K(1056768K)], 0.0137088 secs] [Times: user=0.02 sys=0.00, real=0.01 secs] 
2020-10-29T01:54:20.328-0800: [GC (CMS Initial Mark) [1 CMS-initial-mark: 87243K(87424K)] 124590K(126720K), 0.0001862 secs] [Times: user=0.00 sys=0.00, real=0.00 secs] 
2020-10-29T01:54:20.329-0800: [CMS-concurrent-mark-start]
2020-10-29T01:54:20.329-0800: [Full GC (Allocation Failure) 2020-10-29T01:54:20.329-0800: [CMS2020-10-29T01:54:20.330-0800: [CMS-concurrent-mark: 0.001/0.001 secs] [Times: user=0.00 sys=0.00, real=0.01 secs] 
 (concurrent mode failure): 87243K->87125K(87424K), 0.0150400 secs] 126407K->123778K(126720K), [Metaspace: 2713K->2713K(1056768K)], 0.0151027 secs] [Times: user=0.01 sys=0.00, real=0.02 secs] 
2020-10-29T01:54:20.345-0800: [Full GC (Allocation Failure) 2020-10-29T01:54:20.345-0800: [CMS: 87183K->87157K(87424K), 0.0129882 secs] 126472K->123888K(126720K), [Metaspace: 2713K->2713K(1056768K)], 0.0130773 secs] [Times: user=0.02 sys=0.00, real=0.01 secs] 
2020-10-29T01:54:20.358-0800: [GC (CMS Initial Mark) [1 CMS-initial-mark: 87157K(87424K)] 124038K(126720K), 0.0002569 secs] [Times: user=0.00 sys=0.00, real=0.00 secs] 
2020-10-29T01:54:20.359-0800: [CMS-concurrent-mark-start]
2020-10-29T01:54:20.359-0800: [Full GC (Allocation Failure) 2020-10-29T01:54:20.359-0800: [CMS2020-10-29T01:54:20.360-0800: [CMS-concurrent-mark: 0.001/0.001 secs] [Times: user=0.00 sys=0.00, real=0.01 secs] 
 (concurrent mode failure): 87157K->87103K(87424K), 0.0157507 secs] 126422K->124770K(126720K), [Metaspace: 2713K->2713K(1056768K)], 0.0158141 secs] [Times: user=0.01 sys=0.00, real=0.02 secs] 
2020-10-29T01:54:20.376-0800: [Full GC (Allocation Failure) 2020-10-29T01:54:20.376-0800: [CMS: 87211K->87175K(87424K), 0.0021435 secs] 126491K->125694K(126720K), [Metaspace: 2713K->2713K(1056768K)], 0.0022062 secs] [Times: user=0.00 sys=0.00, real=0.00 secs] 
2020-10-29T01:54:20.378-0800: [GC (CMS Initial Mark) [1 CMS-initial-mark: 87175K(87424K)] 125838K(126720K), 0.0001419 secs] [Times: user=0.00 sys=0.00, real=0.00 secs] 
2020-10-29T01:54:20.378-0800: [CMS-concurrent-mark-start]
2020-10-29T01:54:20.378-0800: [Full GC (Allocation Failure) 2020-10-29T01:54:20.378-0800: [CMS2020-10-29T01:54:20.379-0800: [CMS-concurrent-mark: 0.001/0.001 secs] [Times: user=0.00 sys=0.00, real=0.00 secs] 
 (concurrent mode failure): 87175K->87103K(87424K), 0.0028844 secs] 126369K->125622K(126720K), [Metaspace: 2713K->2713K(1056768K)], 0.0029459 secs] [Times: user=0.01 sys=0.00, real=0.01 secs] 
2020-10-29T01:54:20.382-0800: [Full GC (Allocation Failure) 2020-10-29T01:54:20.382-0800: [CMS: 87103K->87103K(87424K), 0.0018325 secs] 126205K->126040K(126720K), [Metaspace: 2713K->2713K(1056768K)], 0.0018922 secs] [Times: user=0.00 sys=0.00, real=0.00 secs] 
2020-10-29T01:54:20.384-0800: [Full GC (Allocation Failure) 2020-10-29T01:54:20.384-0800: [CMS: 87103K->87084K(87424K), 0.0102425 secs] 126040K->126021K(126720K), [Metaspace: 2713K->2713K(1056768K)], 0.0102997 secs] [Times: user=0.01 sys=0.00, real=0.01 secs] 
2020-10-29T01:54:20.394-0800: [GC (CMS Initial Mark) [1 CMS-initial-mark: 87084K(87424K)] 126021K(126720K), 0.0002521 secs] [Times: user=0.00 sys=0.00, real=0.00 secs] 
2020-10-29T01:54:20.394-0800: [CMS-concurrent-mark-start]
Exception in thread "main" java.lang.OutOfMemoryError: Java heap space
	at java.util.Arrays.copyOf(Arrays.java:3332)
	at java.lang.AbstractStringBuilder.ensureCapacityInternal(AbstractStringBuilder.java:124)
	at java.lang.AbstractStringBuilder.append(AbstractStringBuilder.java:674)
	at java.lang.StringBuilder.append(StringBuilder.java:208)
	at GCLogAnalysis.generateGarbage(GCLogAnalysis.java:56)
	at GCLogAnalysis.main(GCLogAnalysis.java:25)
2020-10-29T01:54:20.396-0800: [CMS-concurrent-mark: 0.002/0.002 secs] [Times: user=0.00 sys=0.00, real=0.00 secs] 
2020-10-29T01:54:20.396-0800: [CMS-concurrent-preclean-start]
Heap
 par new generation   total 39296K, used 39147K [0x00000007b8000000, 0x00000007baaa0000, 0x00000007baaa0000)
  eden space 34944K, 100% used [0x00000007b8000000, 0x00000007ba220000, 0x00000007ba220000)
  from space 4352K,  96% used [0x00000007ba220000, 0x00000007ba63ae90, 0x00000007ba660000)
  to   space 4352K,   0% used [0x00000007ba660000, 0x00000007ba660000, 0x00000007baaa0000)
 concurrent mark-sweep generation total 87424K, used 87084K [0x00000007baaa0000, 0x00000007c0000000, 0x00000007c0000000)
 Metaspace       used 2744K, capacity 4486K, committed 4864K, reserved 1056768K
  class space    used 300K, capacity 386K, committed 512K, reserved 1048576K

-------------------------------------------------------------------

GC_Algorithm_Parameter:+UseConcMarkSweepGC; Heap_size: 512m

正在执行...
2020-10-29T01:54:20.638-0800: [GC (Allocation Failure) 2020-10-29T01:54:20.638-0800: [ParNew: 139776K->17472K(157248K), 0.0204773 secs] 139776K->52820K(506816K), 0.0205665 secs] [Times: user=0.03 sys=0.04, real=0.02 secs] 
2020-10-29T01:54:20.683-0800: [GC (Allocation Failure) 2020-10-29T01:54:20.683-0800: [ParNew: 157248K->17469K(157248K), 0.0210900 secs] 192596K->92937K(506816K), 0.0211587 secs] [Times: user=0.03 sys=0.03, real=0.02 secs] 
2020-10-29T01:54:20.727-0800: [GC (Allocation Failure) 2020-10-29T01:54:20.727-0800: [ParNew: 157236K->17472K(157248K), 0.0309812 secs] 232703K->138737K(506816K), 0.0310594 secs] [Times: user=0.07 sys=0.02, real=0.03 secs] 
2020-10-29T01:54:20.780-0800: [GC (Allocation Failure) 2020-10-29T01:54:20.781-0800: [ParNew: 157248K->17472K(157248K), 0.0325642 secs] 278513K->180855K(506816K), 0.0326608 secs] [Times: user=0.06 sys=0.01, real=0.03 secs] 
2020-10-29T01:54:20.835-0800: [GC (Allocation Failure) 2020-10-29T01:54:20.835-0800: [ParNew: 157248K->17472K(157248K), 0.0323847 secs] 320631K->225542K(506816K), 0.0324371 secs] [Times: user=0.06 sys=0.02, real=0.03 secs] 
2020-10-29T01:54:20.867-0800: [GC (CMS Initial Mark) [1 CMS-initial-mark: 208070K(349568K)] 225918K(506816K), 0.0001919 secs] [Times: user=0.00 sys=0.00, real=0.00 secs] 
2020-10-29T01:54:20.868-0800: [CMS-concurrent-mark-start]
2020-10-29T01:54:20.875-0800: [CMS-concurrent-mark: 0.007/0.007 secs] [Times: user=0.01 sys=0.00, real=0.01 secs] 
2020-10-29T01:54:20.875-0800: [CMS-concurrent-preclean-start]
2020-10-29T01:54:20.876-0800: [CMS-concurrent-preclean: 0.001/0.001 secs] [Times: user=0.00 sys=0.00, real=0.00 secs] 
2020-10-29T01:54:20.876-0800: [CMS-concurrent-abortable-preclean-start]
2020-10-29T01:54:20.891-0800: [GC (Allocation Failure) 2020-10-29T01:54:20.891-0800: [ParNew: 157248K->17468K(157248K), 0.0275352 secs] 365318K->264630K(506816K), 0.0275938 secs] [Times: user=0.05 sys=0.02, real=0.02 secs] 
2020-10-29T01:54:20.940-0800: [GC (Allocation Failure) 2020-10-29T01:54:20.940-0800: [ParNew: 157244K->17471K(157248K), 0.0304078 secs] 404406K->308875K(506816K), 0.0304584 secs] [Times: user=0.06 sys=0.01, real=0.03 secs] 
2020-10-29T01:54:20.991-0800: [GC (Allocation Failure) 2020-10-29T01:54:20.991-0800: [ParNew: 157247K->17472K(157248K), 0.0297364 secs] 448651K->350895K(506816K), 0.0297873 secs] [Times: user=0.05 sys=0.02, real=0.03 secs] 
2020-10-29T01:54:21.020-0800: [CMS-concurrent-abortable-preclean: 0.005/0.144 secs] [Times: user=0.22 sys=0.05, real=0.15 secs] 
2020-10-29T01:54:21.021-0800: [GC (CMS Final Remark) [YG occupancy: 20523 K (157248 K)]2020-10-29T01:54:21.021-0800: [Rescan (parallel) , 0.0010962 secs]2020-10-29T01:54:21.022-0800: [weak refs processing, 0.0000317 secs]2020-10-29T01:54:21.022-0800: [class unloading, 0.0002270 secs]2020-10-29T01:54:21.022-0800: [scrub symbol table, 0.0002948 secs]2020-10-29T01:54:21.022-0800: [scrub string table, 0.0001834 secs][1 CMS-remark: 333423K(349568K)] 353946K(506816K), 0.0019317 secs] [Times: user=0.00 sys=0.00, real=0.00 secs] 
2020-10-29T01:54:21.023-0800: [CMS-concurrent-sweep-start]
2020-10-29T01:54:21.023-0800: [CMS-concurrent-sweep: 0.001/0.001 secs] [Times: user=0.00 sys=0.00, real=0.00 secs] 
2020-10-29T01:54:21.023-0800: [CMS-concurrent-reset-start]
2020-10-29T01:54:21.024-0800: [CMS-concurrent-reset: 0.000/0.000 secs] [Times: user=0.00 sys=0.00, real=0.00 secs] 
2020-10-29T01:54:21.044-0800: [GC (Allocation Failure) 2020-10-29T01:54:21.044-0800: [ParNew: 157248K->17468K(157248K), 0.0145021 secs] 448928K->350839K(506816K), 0.0145598 secs] [Times: user=0.03 sys=0.00, real=0.01 secs] 
2020-10-29T01:54:21.058-0800: [GC (CMS Initial Mark) [1 CMS-initial-mark: 333370K(349568K)] 351510K(506816K), 0.0001582 secs] [Times: user=0.00 sys=0.00, real=0.00 secs] 
2020-10-29T01:54:21.059-0800: [CMS-concurrent-mark-start]
2020-10-29T01:54:21.062-0800: [CMS-concurrent-mark: 0.004/0.004 secs] [Times: user=0.01 sys=0.00, real=0.01 secs] 
2020-10-29T01:54:21.062-0800: [CMS-concurrent-preclean-start]
2020-10-29T01:54:21.063-0800: [CMS-concurrent-preclean: 0.001/0.001 secs] [Times: user=0.00 sys=0.00, real=0.00 secs] 
2020-10-29T01:54:21.063-0800: [CMS-concurrent-abortable-preclean-start]
2020-10-29T01:54:21.063-0800: [CMS-concurrent-abortable-preclean: 0.000/0.000 secs] [Times: user=0.00 sys=0.00, real=0.00 secs] 
2020-10-29T01:54:21.063-0800: [GC (CMS Final Remark) [YG occupancy: 37031 K (157248 K)]2020-10-29T01:54:21.063-0800: [Rescan (parallel) , 0.0018866 secs]2020-10-29T01:54:21.065-0800: [weak refs processing, 0.0000255 secs]2020-10-29T01:54:21.065-0800: [class unloading, 0.0002979 secs]2020-10-29T01:54:21.065-0800: [scrub symbol table, 0.0004024 secs]2020-10-29T01:54:21.066-0800: [scrub string table, 0.0001848 secs][1 CMS-remark: 333370K(349568K)] 370402K(506816K), 0.0028945 secs] [Times: user=0.00 sys=0.00, real=0.00 secs] 
2020-10-29T01:54:21.066-0800: [CMS-concurrent-sweep-start]
2020-10-29T01:54:21.067-0800: [CMS-concurrent-sweep: 0.001/0.001 secs] [Times: user=0.00 sys=0.00, real=0.00 secs] 
2020-10-29T01:54:21.067-0800: [CMS-concurrent-reset-start]
2020-10-29T01:54:21.067-0800: [CMS-concurrent-reset: 0.000/0.000 secs] [Times: user=0.00 sys=0.00, real=0.00 secs] 
2020-10-29T01:54:21.086-0800: [GC (Allocation Failure) 2020-10-29T01:54:21.086-0800: [ParNew: 157244K->17471K(157248K), 0.0095550 secs] 386469K->287278K(506816K), 0.0096072 secs] [Times: user=0.03 sys=0.00, real=0.01 secs] 
2020-10-29T01:54:21.095-0800: [GC (CMS Initial Mark) [1 CMS-initial-mark: 269807K(349568K)] 287802K(506816K), 0.0001730 secs] [Times: user=0.00 sys=0.00, real=0.00 secs] 
2020-10-29T01:54:21.096-0800: [CMS-concurrent-mark-start]
2020-10-29T01:54:21.099-0800: [CMS-concurrent-mark: 0.003/0.003 secs] [Times: user=0.01 sys=0.00, real=0.00 secs] 
2020-10-29T01:54:21.099-0800: [CMS-concurrent-preclean-start]
2020-10-29T01:54:21.100-0800: [CMS-concurrent-preclean: 0.001/0.001 secs] [Times: user=0.00 sys=0.00, real=0.01 secs] 
2020-10-29T01:54:21.100-0800: [CMS-concurrent-abortable-preclean-start]
2020-10-29T01:54:21.121-0800: [GC (Allocation Failure) 2020-10-29T01:54:21.121-0800: [ParNew: 157247K->17471K(157248K), 0.0115989 secs] 427054K->329644K(506816K), 0.0116488 secs] [Times: user=0.03 sys=0.00, real=0.01 secs] 
2020-10-29T01:54:21.155-0800: [GC (Allocation Failure) 2020-10-29T01:54:21.155-0800: [ParNew: 156977K->156977K(157248K), 0.0000471 secs]2020-10-29T01:54:21.155-0800: [CMS2020-10-29T01:54:21.155-0800: [CMS-concurrent-abortable-preclean: 0.002/0.056 secs] [Times: user=0.07 sys=0.00, real=0.05 secs] 
 (concurrent mode failure): 312172K->281100K(349568K), 0.0438677 secs] 469150K->281100K(506816K), [Metaspace: 2714K->2714K(1056768K)], 0.0440202 secs] [Times: user=0.04 sys=0.00, real=0.04 secs] 
2020-10-29T01:54:21.228-0800: [GC (Allocation Failure) 2020-10-29T01:54:21.229-0800: [ParNew: 139776K->17469K(157248K), 0.0071316 secs] 420876K->325258K(506816K), 0.0071854 secs] [Times: user=0.02 sys=0.00, real=0.01 secs] 
2020-10-29T01:54:21.236-0800: [GC (CMS Initial Mark) [1 CMS-initial-mark: 307788K(349568K)] 325297K(506816K), 0.0003076 secs] [Times: user=0.00 sys=0.00, real=0.00 secs] 
2020-10-29T01:54:21.236-0800: [CMS-concurrent-mark-start]
2020-10-29T01:54:21.239-0800: [CMS-concurrent-mark: 0.003/0.003 secs] [Times: user=0.00 sys=0.00, real=0.00 secs] 
2020-10-29T01:54:21.239-0800: [CMS-concurrent-preclean-start]
2020-10-29T01:54:21.240-0800: [CMS-concurrent-preclean: 0.001/0.001 secs] [Times: user=0.00 sys=0.00, real=0.01 secs] 
2020-10-29T01:54:21.240-0800: [CMS-concurrent-abortable-preclean-start]
2020-10-29T01:54:21.257-0800: [GC (Allocation Failure) 2020-10-29T01:54:21.257-0800: [ParNew (promotion failed): 157245K->157247K(157248K), 0.0163439 secs]2020-10-29T01:54:21.273-0800: [CMS2020-10-29T01:54:21.273-0800: [CMS-concurrent-abortable-preclean: 0.001/0.034 secs] [Times: user=0.05 sys=0.01, real=0.03 secs] 
 (concurrent mode failure): 349344K->303543K(349568K), 0.0439782 secs] 465034K->303543K(506816K), [Metaspace: 2714K->2714K(1056768K)], 0.0604031 secs] [Times: user=0.08 sys=0.01, real=0.06 secs] 
2020-10-29T01:54:21.339-0800: [GC (Allocation Failure) 2020-10-29T01:54:21.339-0800: [ParNew: 139776K->139776K(157248K), 0.0000331 secs]2020-10-29T01:54:21.340-0800: [CMS: 303543K->312052K(349568K), 0.0449727 secs] 443319K->312052K(506816K), [Metaspace: 2714K->2714K(1056768K)], 0.0450859 secs] [Times: user=0.04 sys=0.00, real=0.05 secs] 
2020-10-29T01:54:21.385-0800: [GC (CMS Initial Mark) [1 CMS-initial-mark: 312052K(349568K)] 312374K(506816K), 0.0001830 secs] [Times: user=0.00 sys=0.00, real=0.00 secs] 
2020-10-29T01:54:21.385-0800: [CMS-concurrent-mark-start]
2020-10-29T01:54:21.388-0800: [CMS-concurrent-mark: 0.003/0.003 secs] [Times: user=0.01 sys=0.00, real=0.00 secs] 
2020-10-29T01:54:21.388-0800: [CMS-concurrent-preclean-start]
2020-10-29T01:54:21.389-0800: [CMS-concurrent-preclean: 0.001/0.001 secs] [Times: user=0.00 sys=0.00, real=0.00 secs] 
2020-10-29T01:54:21.389-0800: [CMS-concurrent-abortable-preclean-start]
2020-10-29T01:54:21.409-0800: [GC (Allocation Failure) 2020-10-29T01:54:21.409-0800: [ParNew: 139776K->17471K(157248K), 0.0092335 secs] 451828K->358414K(506816K), 0.0093014 secs] [Times: user=0.02 sys=0.00, real=0.01 secs] 
2020-10-29T01:54:21.418-0800: [CMS-concurrent-abortable-preclean: 0.001/0.029 secs] [Times: user=0.04 sys=0.00, real=0.03 secs] 
2020-10-29T01:54:21.419-0800: [GC (CMS Final Remark) [YG occupancy: 20530 K (157248 K)]2020-10-29T01:54:21.419-0800: [Rescan (parallel) , 0.0007799 secs]2020-10-29T01:54:21.419-0800: [weak refs processing, 0.0000193 secs]2020-10-29T01:54:21.419-0800: [class unloading, 0.0002204 secs]2020-10-29T01:54:21.420-0800: [scrub symbol table, 0.0003400 secs]2020-10-29T01:54:21.420-0800: [scrub string table, 0.0002100 secs][1 CMS-remark: 340942K(349568K)] 361473K(506816K), 0.0016569 secs] [Times: user=0.00 sys=0.00, real=0.01 secs] 
2020-10-29T01:54:21.420-0800: [CMS-concurrent-sweep-start]
2020-10-29T01:54:21.421-0800: [CMS-concurrent-sweep: 0.001/0.001 secs] [Times: user=0.00 sys=0.00, real=0.00 secs] 
2020-10-29T01:54:21.421-0800: [CMS-concurrent-reset-start]
2020-10-29T01:54:21.421-0800: [CMS-concurrent-reset: 0.000/0.000 secs] [Times: user=0.00 sys=0.00, real=0.00 secs] 
2020-10-29T01:54:21.441-0800: [GC (Allocation Failure) 2020-10-29T01:54:21.441-0800: [ParNew: 157247K->157247K(157248K), 0.0000465 secs]2020-10-29T01:54:21.441-0800: [CMS: 340810K->337461K(349568K), 0.0501624 secs] 498057K->337461K(506816K), [Metaspace: 2714K->2714K(1056768K)], 0.0502934 secs] [Times: user=0.05 sys=0.00, real=0.05 secs] 
2020-10-29T01:54:21.491-0800: [GC (CMS Initial Mark) [1 CMS-initial-mark: 337461K(349568K)] 337839K(506816K), 0.0001477 secs] [Times: user=0.00 sys=0.00, real=0.00 secs] 
2020-10-29T01:54:21.492-0800: [CMS-concurrent-mark-start]
2020-10-29T01:54:21.495-0800: [CMS-concurrent-mark: 0.003/0.003 secs] [Times: user=0.00 sys=0.00, real=0.00 secs] 
2020-10-29T01:54:21.495-0800: [CMS-concurrent-preclean-start]
2020-10-29T01:54:21.496-0800: [CMS-concurrent-preclean: 0.001/0.001 secs] [Times: user=0.00 sys=0.00, real=0.00 secs] 
2020-10-29T01:54:21.496-0800: [CMS-concurrent-abortable-preclean-start]
2020-10-29T01:54:21.496-0800: [CMS-concurrent-abortable-preclean: 0.000/0.000 secs] [Times: user=0.00 sys=0.00, real=0.00 secs] 
2020-10-29T01:54:21.496-0800: [GC (CMS Final Remark) [YG occupancy: 17146 K (157248 K)]2020-10-29T01:54:21.496-0800: [Rescan (parallel) , 0.0021771 secs]2020-10-29T01:54:21.498-0800: [weak refs processing, 0.0000317 secs]2020-10-29T01:54:21.498-0800: [class unloading, 0.0003230 secs]2020-10-29T01:54:21.499-0800: [scrub symbol table, 0.0005906 secs]2020-10-29T01:54:21.499-0800: [scrub string table, 0.0002195 secs][1 CMS-remark: 337461K(349568K)] 354608K(506816K), 0.0034631 secs] [Times: user=0.01 sys=0.00, real=0.00 secs] 
2020-10-29T01:54:21.500-0800: [CMS-concurrent-sweep-start]
2020-10-29T01:54:21.500-0800: [CMS-concurrent-sweep: 0.001/0.001 secs] [Times: user=0.00 sys=0.00, real=0.00 secs] 
2020-10-29T01:54:21.500-0800: [CMS-concurrent-reset-start]
2020-10-29T01:54:21.501-0800: [CMS-concurrent-reset: 0.000/0.000 secs] [Times: user=0.00 sys=0.00, real=0.00 secs] 
2020-10-29T01:54:21.524-0800: [GC (Allocation Failure) 2020-10-29T01:54:21.524-0800: [ParNew: 139151K->139151K(157248K), 0.0000358 secs]2020-10-29T01:54:21.524-0800: [CMS: 337461K->340956K(349568K), 0.0483194 secs] 476613K->340956K(506816K), [Metaspace: 2714K->2714K(1056768K)], 0.0484458 secs] [Times: user=0.05 sys=0.00, real=0.05 secs] 
2020-10-29T01:54:21.572-0800: [GC (CMS Initial Mark) [1 CMS-initial-mark: 340956K(349568K)] 341626K(506816K), 0.0001582 secs] [Times: user=0.00 sys=0.00, real=0.00 secs] 
2020-10-29T01:54:21.572-0800: [CMS-concurrent-mark-start]
执行结束!共生成对象次数:9606
Heap
 par new generation   total 157248K, used 6226K [0x00000007a0000000, 0x00000007aaaa0000, 0x00000007aaaa0000)
  eden space 139776K,   4% used [0x00000007a0000000, 0x00000007a06148f0, 0x00000007a8880000)
  from space 17472K,   0% used [0x00000007a8880000, 0x00000007a8880000, 0x00000007a9990000)
  to   space 17472K,   0% used [0x00000007a9990000, 0x00000007a9990000, 0x00000007aaaa0000)
 concurrent mark-sweep generation total 349568K, used 340956K [0x00000007aaaa0000, 0x00000007c0000000, 0x00000007c0000000)
 Metaspace       used 2720K, capacity 4486K, committed 4864K, reserved 1056768K
  class space    used 297K, capacity 386K, committed 512K, reserved 1048576K

-------------------------------------------------------------------

GC_Algorithm_Parameter:+UseConcMarkSweepGC; Heap_size: 1g

正在执行...
2020-10-29T01:54:21.934-0800: [GC (Allocation Failure) 2020-10-29T01:54:21.934-0800: [ParNew: 272640K->34047K(306688K), 0.0343351 secs] 272640K->89645K(1014528K), 0.0344100 secs] [Times: user=0.04 sys=0.06, real=0.03 secs] 
2020-10-29T01:54:22.014-0800: [GC (Allocation Failure) 2020-10-29T01:54:22.014-0800: [ParNew: 306687K->34047K(306688K), 0.0400668 secs] 362285K->168667K(1014528K), 0.0401453 secs] [Times: user=0.05 sys=0.07, real=0.04 secs] 
2020-10-29T01:54:22.093-0800: [GC (Allocation Failure) 2020-10-29T01:54:22.093-0800: [ParNew: 306687K->34048K(306688K), 0.0594208 secs] 441307K->248746K(1014528K), 0.0594887 secs] [Times: user=0.12 sys=0.03, real=0.06 secs] 
2020-10-29T01:54:22.193-0800: [GC (Allocation Failure) 2020-10-29T01:54:22.193-0800: [ParNew: 306688K->34048K(306688K), 0.0513741 secs] 521386K->324206K(1014528K), 0.0514456 secs] [Times: user=0.10 sys=0.03, real=0.05 secs] 
2020-10-29T01:54:22.286-0800: [GC (Allocation Failure) 2020-10-29T01:54:22.286-0800: [ParNew: 306688K->34048K(306688K), 0.0527774 secs] 596846K->399885K(1014528K), 0.0528426 secs] [Times: user=0.11 sys=0.02, real=0.05 secs] 
2020-10-29T01:54:22.339-0800: [GC (CMS Initial Mark) [1 CMS-initial-mark: 365837K(707840K)] 400678K(1014528K), 0.0003327 secs] [Times: user=0.00 sys=0.00, real=0.00 secs] 
2020-10-29T01:54:22.339-0800: [CMS-concurrent-mark-start]
2020-10-29T01:54:22.349-0800: [CMS-concurrent-mark: 0.010/0.010 secs] [Times: user=0.02 sys=0.00, real=0.01 secs] 
2020-10-29T01:54:22.349-0800: [CMS-concurrent-preclean-start]
2020-10-29T01:54:22.351-0800: [CMS-concurrent-preclean: 0.002/0.002 secs] [Times: user=0.00 sys=0.00, real=0.01 secs] 
2020-10-29T01:54:22.351-0800: [CMS-concurrent-abortable-preclean-start]
2020-10-29T01:54:22.381-0800: [GC (Allocation Failure) 2020-10-29T01:54:22.381-0800: [ParNew: 306688K->34048K(306688K), 0.0530592 secs] 672525K->474275K(1014528K), 0.0531264 secs] [Times: user=0.10 sys=0.02, real=0.05 secs] 
2020-10-29T01:54:22.473-0800: [GC (Allocation Failure) 2020-10-29T01:54:22.473-0800: [ParNew: 306688K->34048K(306688K), 0.0647159 secs] 746915K->553225K(1014528K), 0.0647861 secs] [Times: user=0.14 sys=0.02, real=0.06 secs] 
2020-10-29T01:54:22.575-0800: [GC (Allocation Failure) 2020-10-29T01:54:22.575-0800: [ParNew: 306688K->34048K(306688K), 0.0526865 secs] 825865K->623388K(1014528K), 0.0527586 secs] [Times: user=0.11 sys=0.03, real=0.05 secs] 
2020-10-29T01:54:22.670-0800: [GC (Allocation Failure) 2020-10-29T01:54:22.670-0800: [ParNew: 306688K->34048K(306688K), 0.0545637 secs] 896028K->704343K(1014528K), 0.0546330 secs] [Times: user=0.10 sys=0.02, real=0.05 secs] 
2020-10-29T01:54:22.727-0800: [CMS-concurrent-abortable-preclean: 0.014/0.376 secs] [Times: user=0.61 sys=0.10, real=0.37 secs] 
2020-10-29T01:54:22.727-0800: [GC (CMS Final Remark) [YG occupancy: 51419 K (306688 K)]2020-10-29T01:54:22.727-0800: [Rescan (parallel) , 0.0024021 secs]2020-10-29T01:54:22.729-0800: [weak refs processing, 0.0000304 secs]2020-10-29T01:54:22.729-0800: [class unloading, 0.0002327 secs]2020-10-29T01:54:22.729-0800: [scrub symbol table, 0.0003036 secs]2020-10-29T01:54:22.730-0800: [scrub string table, 0.0001909 secs][1 CMS-remark: 670295K(707840K)] 721715K(1014528K), 0.0032819 secs] [Times: user=0.00 sys=0.01, real=0.01 secs] 
2020-10-29T01:54:22.730-0800: [CMS-concurrent-sweep-start]
2020-10-29T01:54:22.732-0800: [CMS-concurrent-sweep: 0.002/0.002 secs] [Times: user=0.00 sys=0.00, real=0.00 secs] 
2020-10-29T01:54:22.732-0800: [CMS-concurrent-reset-start]
2020-10-29T01:54:22.733-0800: [CMS-concurrent-reset: 0.001/0.001 secs] [Times: user=0.00 sys=0.00, real=0.00 secs] 
执行结束!共生成对象次数:9842
Heap
 par new generation   total 306688K, used 179976K [0x0000000780000000, 0x0000000794cc0000, 0x0000000794cc0000)
  eden space 272640K,  53% used [0x0000000780000000, 0x0000000788e820f8, 0x0000000790a40000)
  from space 34048K, 100% used [0x0000000792b80000, 0x0000000794cc0000, 0x0000000794cc0000)
  to   space 34048K,   0% used [0x0000000790a40000, 0x0000000790a40000, 0x0000000792b80000)
 concurrent mark-sweep generation total 707840K, used 540691K [0x0000000794cc0000, 0x00000007c0000000, 0x00000007c0000000)
 Metaspace       used 2720K, capacity 4486K, committed 4864K, reserved 1056768K
  class space    used 297K, capacity 386K, committed 512K, reserved 1048576K

-------------------------------------------------------------------

GC_Algorithm_Parameter:+UseConcMarkSweepGC; Heap_size: 2g

正在执行...
2020-10-29T01:54:23.133-0800: [GC (Allocation Failure) 2020-10-29T01:54:23.133-0800: [ParNew: 272640K->34047K(306688K), 0.0349207 secs] 272640K->85659K(2063104K), 0.0350002 secs] [Times: user=0.05 sys=0.07, real=0.03 secs] 
2020-10-29T01:54:23.216-0800: [GC (Allocation Failure) 2020-10-29T01:54:23.216-0800: [ParNew: 306687K->34046K(306688K), 0.0453904 secs] 358299K->166753K(2063104K), 0.0454719 secs] [Times: user=0.06 sys=0.07, real=0.05 secs] 
2020-10-29T01:54:23.300-0800: [GC (Allocation Failure) 2020-10-29T01:54:23.300-0800: [ParNew: 306686K->34048K(306688K), 0.0627823 secs] 439393K->248807K(2063104K), 0.0628519 secs] [Times: user=0.13 sys=0.03, real=0.06 secs] 
2020-10-29T01:54:23.408-0800: [GC (Allocation Failure) 2020-10-29T01:54:23.408-0800: [ParNew: 306688K->34047K(306688K), 0.0513080 secs] 521447K->322630K(2063104K), 0.0513856 secs] [Times: user=0.12 sys=0.02, real=0.05 secs] 
2020-10-29T01:54:23.499-0800: [GC (Allocation Failure) 2020-10-29T01:54:23.499-0800: [ParNew: 306624K->34048K(306688K), 0.0632221 secs] 595207K->409327K(2063104K), 0.0633039 secs] [Times: user=0.13 sys=0.03, real=0.07 secs] 
2020-10-29T01:54:23.600-0800: [GC (Allocation Failure) 2020-10-29T01:54:23.600-0800: [ParNew: 306688K->34047K(306688K), 0.0553565 secs] 681967K->489044K(2063104K), 0.0554260 secs] [Times: user=0.12 sys=0.03, real=0.05 secs] 
2020-10-29T01:54:23.697-0800: [GC (Allocation Failure) 2020-10-29T01:54:23.697-0800: [ParNew: 306687K->34048K(306688K), 0.0557429 secs] 761684K->570032K(2063104K), 0.0558178 secs] [Times: user=0.11 sys=0.03, real=0.06 secs] 
2020-10-29T01:54:23.792-0800: [GC (Allocation Failure) 2020-10-29T01:54:23.792-0800: [ParNew: 306688K->34048K(306688K), 0.0525084 secs] 842672K->648423K(2063104K), 0.0525826 secs] [Times: user=0.11 sys=0.02, real=0.05 secs] 
2020-10-29T01:54:23.886-0800: [GC (Allocation Failure) 2020-10-29T01:54:23.886-0800: [ParNew: 306688K->34048K(306688K), 0.0586980 secs] 921063K->726327K(2063104K), 0.0587660 secs] [Times: user=0.11 sys=0.03, real=0.06 secs] 
执行结束!共生成对象次数:9198
Heap
 par new generation   total 306688K, used 45138K [0x0000000740000000, 0x0000000754cc0000, 0x0000000754cc0000)
  eden space 272640K,   4% used [0x0000000740000000, 0x0000000740ad4988, 0x0000000750a40000)
  from space 34048K, 100% used [0x0000000752b80000, 0x0000000754cc0000, 0x0000000754cc0000)
  to   space 34048K,   0% used [0x0000000750a40000, 0x0000000750a40000, 0x0000000752b80000)
 concurrent mark-sweep generation total 1756416K, used 692279K [0x0000000754cc0000, 0x00000007c0000000, 0x00000007c0000000)
 Metaspace       used 2720K, capacity 4486K, committed 4864K, reserved 1056768K
  class space    used 297K, capacity 386K, committed 512K, reserved 1048576K

-------------------------------------------------------------------

GC_Algorithm_Parameter:+UseConcMarkSweepGC; Heap_size: 4g

正在执行...
2020-10-29T01:54:24.351-0800: [GC (Allocation Failure) 2020-10-29T01:54:24.351-0800: [ParNew: 272640K->34048K(306688K), 0.0454096 secs] 272640K->84023K(4160256K), 0.0455031 secs] [Times: user=0.08 sys=0.06, real=0.04 secs] 
2020-10-29T01:54:24.446-0800: [GC (Allocation Failure) 2020-10-29T01:54:24.446-0800: [ParNew: 306688K->34048K(306688K), 0.0586532 secs] 356663K->159802K(4160256K), 0.0587362 secs] [Times: user=0.09 sys=0.07, real=0.06 secs] 
2020-10-29T01:54:24.545-0800: [GC (Allocation Failure) 2020-10-29T01:54:24.545-0800: [ParNew: 306688K->34048K(306688K), 0.0637288 secs] 432442K->239156K(4160256K), 0.0637978 secs] [Times: user=0.14 sys=0.02, real=0.06 secs] 
2020-10-29T01:54:24.645-0800: [GC (Allocation Failure) 2020-10-29T01:54:24.645-0800: [ParNew: 306688K->34047K(306688K), 0.0618499 secs] 511796K->314755K(4160256K), 0.0619318 secs] [Times: user=0.15 sys=0.03, real=0.06 secs] 
2020-10-29T01:54:24.748-0800: [GC (Allocation Failure) 2020-10-29T01:54:24.748-0800: [ParNew: 306687K->34048K(306688K), 0.0691521 secs] 587395K->394014K(4160256K), 0.0692215 secs] [Times: user=0.15 sys=0.03, real=0.07 secs] 
2020-10-29T01:54:24.858-0800: [GC (Allocation Failure) 2020-10-29T01:54:24.858-0800: [ParNew: 306688K->34047K(306688K), 0.0667040 secs] 666654K->473182K(4160256K), 0.0667719 secs] [Times: user=0.14 sys=0.03, real=0.07 secs] 
2020-10-29T01:54:24.966-0800: [GC (Allocation Failure) 2020-10-29T01:54:24.966-0800: [ParNew: 306687K->34048K(306688K), 0.0610915 secs] 745822K->547395K(4160256K), 0.0611589 secs] [Times: user=0.13 sys=0.02, real=0.06 secs] 
2020-10-29T01:54:25.066-0800: [GC (Allocation Failure) 2020-10-29T01:54:25.066-0800: [ParNew: 306688K->34048K(306688K), 0.0648608 secs] 820035K->618280K(4160256K), 0.0649465 secs] [Times: user=0.14 sys=0.03, real=0.07 secs] 
执行结束!共生成对象次数:9213
Heap
 par new generation   total 306688K, used 302769K [0x00000006c0000000, 0x00000006d4cc0000, 0x00000006d4cc0000)
  eden space 272640K,  98% used [0x00000006c0000000, 0x00000006d066c6f0, 0x00000006d0a40000)
  from space 34048K, 100% used [0x00000006d0a40000, 0x00000006d2b80000, 0x00000006d2b80000)
  to   space 34048K,   0% used [0x00000006d2b80000, 0x00000006d2b80000, 0x00000006d4cc0000)
 concurrent mark-sweep generation total 3853568K, used 584232K [0x00000006d4cc0000, 0x00000007c0000000, 0x00000007c0000000)
 Metaspace       used 2720K, capacity 4486K, committed 4864K, reserved 1056768K
  class space    used 297K, capacity 386K, committed 512K, reserved 1048576K

-------------------------------------------------------------------

GC_Algorithm_Parameter:+UseG1GC; Heap_size: 128m

正在执行...
2020-10-29T01:54:25.386-0800: [GC pause (G1 Evacuation Pause) (young), 0.0032941 secs]
   [Parallel Time: 2.8 ms, GC Workers: 4]
      [GC Worker Start (ms): Min: 117.2, Avg: 118.5, Max: 119.9, Diff: 2.7]
      [Ext Root Scanning (ms): Min: 0.0, Avg: 0.2, Max: 0.4, Diff: 0.4, Sum: 0.7]
      [Update RS (ms): Min: 0.0, Avg: 0.0, Max: 0.0, Diff: 0.0, Sum: 0.0]
         [Processed Buffers: Min: 0, Avg: 0.0, Max: 0, Diff: 0, Sum: 0]
      [Scan RS (ms): Min: 0.0, Avg: 0.0, Max: 0.0, Diff: 0.0, Sum: 0.0]
      [Code Root Scanning (ms): Min: 0.0, Avg: 0.0, Max: 0.0, Diff: 0.0, Sum: 0.0]
      [Object Copy (ms): Min: 0.0, Avg: 0.8, Max: 1.6, Diff: 1.6, Sum: 3.2]
      [Termination (ms): Min: 0.0, Avg: 0.4, Max: 0.8, Diff: 0.8, Sum: 1.5]
         [Termination Attempts: Min: 1, Avg: 1.0, Max: 1, Diff: 0, Sum: 4]
      [GC Worker Other (ms): Min: 0.0, Avg: 0.0, Max: 0.0, Diff: 0.0, Sum: 0.0]
      [GC Worker Total (ms): Min: 0.0, Avg: 1.4, Max: 2.7, Diff: 2.7, Sum: 5.4]
      [GC Worker End (ms): Min: 119.9, Avg: 119.9, Max: 119.9, Diff: 0.0]
   [Code Root Fixup: 0.0 ms]
   [Code Root Purge: 0.0 ms]
   [Clear CT: 0.0 ms]
   [Other: 0.5 ms]
      [Choose CSet: 0.0 ms]
      [Ref Proc: 0.3 ms]
      [Ref Enq: 0.0 ms]
      [Redirty Cards: 0.0 ms]
      [Humongous Register: 0.0 ms]
      [Humongous Reclaim: 0.0 ms]
      [Free CSet: 0.0 ms]
   [Eden: 14.0M(14.0M)->0.0B(16.0M) Survivors: 0.0B->2048.0K Heap: 18.6M(128.0M)->5905.8K(128.0M)]
 [Times: user=0.00 sys=0.00, real=0.00 secs] 
2020-10-29T01:54:25.404-0800: [GC pause (G1 Evacuation Pause) (young), 0.0026255 secs]
   [Parallel Time: 2.3 ms, GC Workers: 4]
      [GC Worker Start (ms): Min: 135.4, Avg: 135.9, Max: 137.5, Diff: 2.0]
      [Ext Root Scanning (ms): Min: 0.0, Avg: 0.1, Max: 0.2, Diff: 0.2, Sum: 0.5]
      [Update RS (ms): Min: 0.0, Avg: 0.0, Max: 0.0, Diff: 0.0, Sum: 0.0]
         [Processed Buffers: Min: 0, Avg: 0.2, Max: 1, Diff: 1, Sum: 1]
      [Scan RS (ms): Min: 0.0, Avg: 0.0, Max: 0.0, Diff: 0.0, Sum: 0.0]
      [Code Root Scanning (ms): Min: 0.0, Avg: 0.0, Max: 0.0, Diff: 0.0, Sum: 0.0]
      [Object Copy (ms): Min: 0.2, Avg: 1.6, Max: 2.1, Diff: 1.9, Sum: 6.4]
      [Termination (ms): Min: 0.0, Avg: 0.0, Max: 0.0, Diff: 0.0, Sum: 0.1]
         [Termination Attempts: Min: 1, Avg: 1.0, Max: 1, Diff: 0, Sum: 4]
      [GC Worker Other (ms): Min: 0.0, Avg: 0.0, Max: 0.0, Diff: 0.0, Sum: 0.0]
      [GC Worker Total (ms): Min: 0.2, Avg: 1.8, Max: 2.3, Diff: 2.0, Sum: 7.0]
      [GC Worker End (ms): Min: 137.7, Avg: 137.7, Max: 137.7, Diff: 0.0]
   [Code Root Fixup: 0.0 ms]
   [Code Root Purge: 0.0 ms]
   [Clear CT: 0.0 ms]
   [Other: 0.3 ms]
      [Choose CSet: 0.0 ms]
      [Ref Proc: 0.1 ms]
      [Ref Enq: 0.0 ms]
      [Redirty Cards: 0.0 ms]
      [Humongous Register: 0.0 ms]
      [Humongous Reclaim: 0.0 ms]
      [Free CSet: 0.0 ms]
   [Eden: 16.0M(16.0M)->0.0B(33.0M) Survivors: 2048.0K->3072.0K Heap: 26.1M(128.0M)->13.2M(128.0M)]
 [Times: user=0.00 sys=0.01, real=0.00 secs] 
2020-10-29T01:54:25.427-0800: [GC pause (G1 Evacuation Pause) (young), 0.0050578 secs]
   [Parallel Time: 4.8 ms, GC Workers: 4]
      [GC Worker Start (ms): Min: 157.9, Avg: 157.9, Max: 157.9, Diff: 0.0]
      [Ext Root Scanning (ms): Min: 0.1, Avg: 0.1, Max: 0.1, Diff: 0.0, Sum: 0.5]
      [Update RS (ms): Min: 0.0, Avg: 0.1, Max: 0.3, Diff: 0.3, Sum: 0.4]
         [Processed Buffers: Min: 0, Avg: 1.8, Max: 5, Diff: 5, Sum: 7]
      [Scan RS (ms): Min: 0.0, Avg: 0.0, Max: 0.0, Diff: 0.0, Sum: 0.0]
      [Code Root Scanning (ms): Min: 0.0, Avg: 0.0, Max: 0.0, Diff: 0.0, Sum: 0.0]
      [Object Copy (ms): Min: 3.6, Avg: 4.0, Max: 4.5, Diff: 0.9, Sum: 15.9]
      [Termination (ms): Min: 0.0, Avg: 0.5, Max: 0.7, Diff: 0.7, Sum: 1.9]
         [Termination Attempts: Min: 1, Avg: 1.0, Max: 1, Diff: 0, Sum: 4]
      [GC Worker Other (ms): Min: 0.0, Avg: 0.0, Max: 0.0, Diff: 0.0, Sum: 0.0]
      [GC Worker Total (ms): Min: 4.7, Avg: 4.7, Max: 4.7, Diff: 0.0, Sum: 18.9]
      [GC Worker End (ms): Min: 162.6, Avg: 162.6, Max: 162.6, Diff: 0.0]
   [Code Root Fixup: 0.0 ms]
   [Code Root Purge: 0.0 ms]
   [Clear CT: 0.0 ms]
   [Other: 0.3 ms]
      [Choose CSet: 0.0 ms]
      [Ref Proc: 0.1 ms]
      [Ref Enq: 0.0 ms]
      [Redirty Cards: 0.0 ms]
      [Humongous Register: 0.0 ms]
      [Humongous Reclaim: 0.0 ms]
      [Free CSet: 0.0 ms]
   [Eden: 33.0M(33.0M)->0.0B(35.0M) Survivors: 3072.0K->5120.0K Heap: 51.8M(128.0M)->26.3M(128.0M)]
 [Times: user=0.01 sys=0.01, real=0.01 secs] 
2020-10-29T01:54:25.444-0800: [GC pause (G1 Evacuation Pause) (young), 0.0069594 secs]
   [Parallel Time: 5.8 ms, GC Workers: 4]
      [GC Worker Start (ms): Min: 175.6, Avg: 175.8, Max: 176.2, Diff: 0.6]
      [Ext Root Scanning (ms): Min: 0.0, Avg: 0.1, Max: 0.2, Diff: 0.2, Sum: 0.4]
      [Update RS (ms): Min: 0.0, Avg: 0.0, Max: 0.0, Diff: 0.0, Sum: 0.1]
         [Processed Buffers: Min: 0, Avg: 1.2, Max: 2, Diff: 2, Sum: 5]
      [Scan RS (ms): Min: 0.0, Avg: 0.0, Max: 0.0, Diff: 0.0, Sum: 0.0]
      [Code Root Scanning (ms): Min: 0.0, Avg: 0.0, Max: 0.0, Diff: 0.0, Sum: 0.0]
      [Object Copy (ms): Min: 4.5, Avg: 4.9, Max: 5.5, Diff: 1.0, Sum: 19.8]
      [Termination (ms): Min: 0.0, Avg: 0.5, Max: 0.7, Diff: 0.7, Sum: 1.9]
         [Termination Attempts: Min: 1, Avg: 1.0, Max: 1, Diff: 0, Sum: 4]
      [GC Worker Other (ms): Min: 0.0, Avg: 0.0, Max: 0.0, Diff: 0.0, Sum: 0.0]
      [GC Worker Total (ms): Min: 5.2, Avg: 5.6, Max: 5.7, Diff: 0.6, Sum: 22.2]
      [GC Worker End (ms): Min: 181.3, Avg: 181.3, Max: 181.3, Diff: 0.0]
   [Code Root Fixup: 0.0 ms]
   [Code Root Purge: 0.0 ms]
   [Clear CT: 0.7 ms]
   [Other: 0.5 ms]
      [Choose CSet: 0.0 ms]
      [Ref Proc: 0.1 ms]
      [Ref Enq: 0.0 ms]
      [Redirty Cards: 0.2 ms]
      [Humongous Register: 0.0 ms]
      [Humongous Reclaim: 0.0 ms]
      [Free CSet: 0.0 ms]
   [Eden: 35.0M(35.0M)->0.0B(45.0M) Survivors: 5120.0K->5120.0K Heap: 70.4M(128.0M)->41.7M(128.0M)]
 [Times: user=0.01 sys=0.01, real=0.01 secs] 
2020-10-29T01:54:25.470-0800: [GC pause (G1 Humongous Allocation) (young) (initial-mark), 0.0077907 secs]
   [Parallel Time: 7.4 ms, GC Workers: 4]
      [GC Worker Start (ms): Min: 201.6, Avg: 201.6, Max: 201.7, Diff: 0.1]
      [Ext Root Scanning (ms): Min: 0.1, Avg: 0.1, Max: 0.1, Diff: 0.1, Sum: 0.5]
      [Update RS (ms): Min: 0.5, Avg: 0.5, Max: 0.5, Diff: 0.1, Sum: 2.1]
         [Processed Buffers: Min: 8, Avg: 8.0, Max: 8, Diff: 0, Sum: 32]
      [Scan RS (ms): Min: 0.0, Avg: 0.0, Max: 0.0, Diff: 0.0, Sum: 0.0]
      [Code Root Scanning (ms): Min: 0.0, Avg: 0.0, Max: 0.0, Diff: 0.0, Sum: 0.0]
      [Object Copy (ms): Min: 6.5, Avg: 6.5, Max: 6.6, Diff: 0.1, Sum: 26.0]
      [Termination (ms): Min: 0.0, Avg: 0.1, Max: 0.3, Diff: 0.3, Sum: 0.5]
         [Termination Attempts: Min: 1, Avg: 1.0, Max: 1, Diff: 0, Sum: 4]
      [GC Worker Other (ms): Min: 0.0, Avg: 0.0, Max: 0.0, Diff: 0.0, Sum: 0.0]
      [GC Worker Total (ms): Min: 7.3, Avg: 7.3, Max: 7.4, Diff: 0.1, Sum: 29.2]
      [GC Worker End (ms): Min: 208.9, Avg: 208.9, Max: 209.0, Diff: 0.1]
   [Code Root Fixup: 0.0 ms]
   [Code Root Purge: 0.0 ms]
   [Clear CT: 0.0 ms]
   [Other: 0.3 ms]
      [Choose CSet: 0.0 ms]
      [Ref Proc: 0.1 ms]
      [Ref Enq: 0.0 ms]
      [Redirty Cards: 0.0 ms]
      [Humongous Register: 0.0 ms]
      [Humongous Reclaim: 0.0 ms]
      [Free CSet: 0.0 ms]
   [Eden: 45.0M(45.0M)->0.0B(30.0M) Survivors: 5120.0K->7168.0K Heap: 94.7M(128.0M)->61.2M(128.0M)]
 [Times: user=0.01 sys=0.01, real=0.00 secs] 
2020-10-29T01:54:25.478-0800: [GC concurrent-root-region-scan-start]
2020-10-29T01:54:25.479-0800: [GC concurrent-root-region-scan-end, 0.0001684 secs]
2020-10-29T01:54:25.479-0800: [GC concurrent-mark-start]
2020-10-29T01:54:25.480-0800: [GC concurrent-mark-end, 0.0015907 secs]
2020-10-29T01:54:25.480-0800: [GC remark 2020-10-29T01:54:25.480-0800: [Finalize Marking, 0.0000815 secs] 2020-10-29T01:54:25.480-0800: [GC ref-proc, 0.0000412 secs] 2020-10-29T01:54:25.480-0800: [Unloading, 0.0004599 secs], 0.0008768 secs]
 [Times: user=0.00 sys=0.00, real=0.00 secs] 
2020-10-29T01:54:25.481-0800: [GC cleanup 70M->70M(128M), 0.0002690 secs]
 [Times: user=0.00 sys=0.00, real=0.00 secs] 
2020-10-29T01:54:25.487-0800: [GC pause (G1 Evacuation Pause) (young), 0.0026889 secs]
   [Parallel Time: 2.4 ms, GC Workers: 4]
      [GC Worker Start (ms): Min: 218.0, Avg: 218.0, Max: 218.0, Diff: 0.0]
      [Ext Root Scanning (ms): Min: 0.1, Avg: 0.1, Max: 0.1, Diff: 0.0, Sum: 0.5]
      [Update RS (ms): Min: 0.1, Avg: 0.1, Max: 0.2, Diff: 0.1, Sum: 0.5]
         [Processed Buffers: Min: 2, Avg: 2.8, Max: 4, Diff: 2, Sum: 11]
      [Scan RS (ms): Min: 0.0, Avg: 0.0, Max: 0.0, Diff: 0.0, Sum: 0.0]
      [Code Root Scanning (ms): Min: 0.0, Avg: 0.0, Max: 0.0, Diff: 0.0, Sum: 0.0]
      [Object Copy (ms): Min: 1.2, Avg: 1.6, Max: 1.9, Diff: 0.7, Sum: 6.4]
      [Termination (ms): Min: 0.0, Avg: 0.4, Max: 0.8, Diff: 0.8, Sum: 1.5]
         [Termination Attempts: Min: 1, Avg: 1.0, Max: 1, Diff: 0, Sum: 4]
      [GC Worker Other (ms): Min: 0.0, Avg: 0.0, Max: 0.0, Diff: 0.0, Sum: 0.0]
      [GC Worker Total (ms): Min: 2.2, Avg: 2.2, Max: 2.4, Diff: 0.2, Sum: 9.0]
      [GC Worker End (ms): Min: 220.2, Avg: 220.2, Max: 220.3, Diff: 0.2]
   [Code Root Fixup: 0.0 ms]
   [Code Root Purge: 0.0 ms]
   [Clear CT: 0.0 ms]
   [Other: 0.2 ms]
      [Choose CSet: 0.0 ms]
      [Ref Proc: 0.1 ms]
      [Ref Enq: 0.0 ms]
      [Redirty Cards: 0.0 ms]
      [Humongous Register: 0.0 ms]
      [Humongous Reclaim: 0.0 ms]
      [Free CSet: 0.0 ms]
   [Eden: 30.0M(30.0M)->0.0B(20.0M) Survivors: 7168.0K->5120.0K Heap: 95.9M(128.0M)->75.4M(128.0M)]
 [Times: user=0.00 sys=0.00, real=0.01 secs] 
2020-10-29T01:54:25.490-0800: [GC pause (G1 Humongous Allocation) (young) (initial-mark), 0.0009658 secs]
   [Parallel Time: 0.7 ms, GC Workers: 4]
      [GC Worker Start (ms): Min: 221.1, Avg: 221.1, Max: 221.1, Diff: 0.0]
      [Ext Root Scanning (ms): Min: 0.1, Avg: 0.1, Max: 0.1, Diff: 0.0, Sum: 0.5]
      [Update RS (ms): Min: 0.0, Avg: 0.0, Max: 0.0, Diff: 0.0, Sum: 0.1]
         [Processed Buffers: Min: 1, Avg: 1.2, Max: 2, Diff: 1, Sum: 5]
      [Scan RS (ms): Min: 0.0, Avg: 0.0, Max: 0.0, Diff: 0.0, Sum: 0.0]
      [Code Root Scanning (ms): Min: 0.0, Avg: 0.0, Max: 0.0, Diff: 0.0, Sum: 0.0]
      [Object Copy (ms): Min: 0.3, Avg: 0.4, Max: 0.4, Diff: 0.1, Sum: 1.6]
      [Termination (ms): Min: 0.0, Avg: 0.1, Max: 0.2, Diff: 0.2, Sum: 0.3]
         [Termination Attempts: Min: 1, Avg: 1.0, Max: 1, Diff: 0, Sum: 4]
      [GC Worker Other (ms): Min: 0.0, Avg: 0.0, Max: 0.0, Diff: 0.0, Sum: 0.0]
      [GC Worker Total (ms): Min: 0.6, Avg: 0.6, Max: 0.7, Diff: 0.1, Sum: 2.5]
      [GC Worker End (ms): Min: 221.7, Avg: 221.7, Max: 221.7, Diff: 0.1]
   [Code Root Fixup: 0.0 ms]
   [Code Root Purge: 0.0 ms]
   [Clear CT: 0.0 ms]
   [Other: 0.2 ms]
      [Choose CSet: 0.0 ms]
      [Ref Proc: 0.1 ms]
      [Ref Enq: 0.0 ms]
      [Redirty Cards: 0.0 ms]
      [Humongous Register: 0.0 ms]
      [Humongous Reclaim: 0.0 ms]
      [Free CSet: 0.0 ms]
   [Eden: 1024.0K(20.0M)->0.0B(19.0M) Survivors: 5120.0K->1024.0K Heap: 76.3M(128.0M)->75.2M(128.0M)]
 [Times: user=0.00 sys=0.00, real=0.00 secs] 
2020-10-29T01:54:25.491-0800: [GC concurrent-root-region-scan-start]
2020-10-29T01:54:25.491-0800: [GC concurrent-root-region-scan-end, 0.0001188 secs]
2020-10-29T01:54:25.491-0800: [GC concurrent-mark-start]
2020-10-29T01:54:25.492-0800: [GC concurrent-mark-end, 0.0010830 secs]
2020-10-29T01:54:25.492-0800: [GC remark 2020-10-29T01:54:25.492-0800: [Finalize Marking, 0.0000780 secs] 2020-10-29T01:54:25.493-0800: [GC ref-proc, 0.0000387 secs] 2020-10-29T01:54:25.493-0800: [Unloading, 0.0004245 secs], 0.0009603 secs]
 [Times: user=0.00 sys=0.00, real=0.00 secs] 
2020-10-29T01:54:25.493-0800: [GC cleanup 82M->82M(128M), 0.0004456 secs]
 [Times: user=0.00 sys=0.00, real=0.00 secs] 
2020-10-29T01:54:25.497-0800: [GC pause (G1 Evacuation Pause) (young), 0.0009506 secs]
   [Parallel Time: 0.7 ms, GC Workers: 4]
      [GC Worker Start (ms): Min: 228.0, Avg: 228.0, Max: 228.1, Diff: 0.0]
      [Ext Root Scanning (ms): Min: 0.1, Avg: 0.1, Max: 0.1, Diff: 0.0, Sum: 0.5]
      [Update RS (ms): Min: 0.1, Avg: 0.2, Max: 0.2, Diff: 0.0, Sum: 0.6]
         [Processed Buffers: Min: 2, Avg: 2.5, Max: 3, Diff: 1, Sum: 10]
      [Scan RS (ms): Min: 0.0, Avg: 0.0, Max: 0.0, Diff: 0.0, Sum: 0.0]
      [Code Root Scanning (ms): Min: 0.0, Avg: 0.0, Max: 0.0, Diff: 0.0, Sum: 0.0]
      [Object Copy (ms): Min: 0.3, Avg: 0.3, Max: 0.3, Diff: 0.0, Sum: 1.3]
      [Termination (ms): Min: 0.0, Avg: 0.0, Max: 0.0, Diff: 0.0, Sum: 0.1]
         [Termination Attempts: Min: 1, Avg: 1.0, Max: 1, Diff: 0, Sum: 4]
      [GC Worker Other (ms): Min: 0.0, Avg: 0.0, Max: 0.0, Diff: 0.0, Sum: 0.0]
      [GC Worker Total (ms): Min: 0.6, Avg: 0.6, Max: 0.6, Diff: 0.0, Sum: 2.5]
      [GC Worker End (ms): Min: 228.7, Avg: 228.7, Max: 228.7, Diff: 0.0]
   [Code Root Fixup: 0.0 ms]
   [Code Root Purge: 0.0 ms]
   [Clear CT: 0.0 ms]
   [Other: 0.2 ms]
      [Choose CSet: 0.0 ms]
      [Ref Proc: 0.1 ms]
      [Ref Enq: 0.0 ms]
      [Redirty Cards: 0.0 ms]
      [Humongous Register: 0.0 ms]
      [Humongous Reclaim: 0.0 ms]
      [Free CSet: 0.0 ms]
   [Eden: 19.0M(19.0M)->0.0B(4096.0K) Survivors: 1024.0K->3072.0K Heap: 98.8M(128.0M)->84.8M(128.0M)]
 [Times: user=0.00 sys=0.00, real=0.00 secs] 
2020-10-29T01:54:25.499-0800: [GC pause (G1 Evacuation Pause) (mixed), 0.0009892 secs]
   [Parallel Time: 0.7 ms, GC Workers: 4]
      [GC Worker Start (ms): Min: 230.6, Avg: 230.6, Max: 230.6, Diff: 0.0]
      [Ext Root Scanning (ms): Min: 0.1, Avg: 0.1, Max: 0.1, Diff: 0.0, Sum: 0.5]
      [Update RS (ms): Min: 0.2, Avg: 0.2, Max: 0.3, Diff: 0.1, Sum: 0.9]
         [Processed Buffers: Min: 3, Avg: 4.2, Max: 6, Diff: 3, Sum: 17]
      [Scan RS (ms): Min: 0.0, Avg: 0.0, Max: 0.0, Diff: 0.0, Sum: 0.0]
      [Code Root Scanning (ms): Min: 0.0, Avg: 0.0, Max: 0.0, Diff: 0.0, Sum: 0.0]
      [Object Copy (ms): Min: 0.3, Avg: 0.3, Max: 0.3, Diff: 0.0, Sum: 1.1]
      [Termination (ms): Min: 0.0, Avg: 0.0, Max: 0.1, Diff: 0.1, Sum: 0.1]
         [Termination Attempts: Min: 1, Avg: 1.0, Max: 1, Diff: 0, Sum: 4]
      [GC Worker Other (ms): Min: 0.0, Avg: 0.0, Max: 0.0, Diff: 0.0, Sum: 0.0]
      [GC Worker Total (ms): Min: 0.6, Avg: 0.7, Max: 0.7, Diff: 0.0, Sum: 2.7]
      [GC Worker End (ms): Min: 231.3, Avg: 231.3, Max: 231.3, Diff: 0.0]
   [Code Root Fixup: 0.0 ms]
   [Code Root Purge: 0.0 ms]
   [Clear CT: 0.0 ms]
   [Other: 0.2 ms]
      [Choose CSet: 0.0 ms]
      [Ref Proc: 0.1 ms]
      [Ref Enq: 0.0 ms]
      [Redirty Cards: 0.0 ms]
      [Humongous Register: 0.0 ms]
      [Humongous Reclaim: 0.0 ms]
      [Free CSet: 0.0 ms]
   [Eden: 4096.0K(4096.0K)->0.0B(11.0M) Survivors: 3072.0K->1024.0K Heap: 90.2M(128.0M)->83.8M(128.0M)]
 [Times: user=0.01 sys=0.00, real=0.01 secs] 
2020-10-29T01:54:25.501-0800: [GC pause (G1 Humongous Allocation) (young) (initial-mark), 0.0004725 secs]
   [Parallel Time: 0.2 ms, GC Workers: 4]
      [GC Worker Start (ms): Min: 232.2, Avg: 232.3, Max: 232.3, Diff: 0.0]
      [Ext Root Scanning (ms): Min: 0.1, Avg: 0.1, Max: 0.1, Diff: 0.0, Sum: 0.5]
      [Update RS (ms): Min: 0.0, Avg: 0.0, Max: 0.0, Diff: 0.0, Sum: 0.1]
         [Processed Buffers: Min: 1, Avg: 1.5, Max: 2, Diff: 1, Sum: 6]
      [Scan RS (ms): Min: 0.0, Avg: 0.0, Max: 0.0, Diff: 0.0, Sum: 0.0]
      [Code Root Scanning (ms): Min: 0.0, Avg: 0.0, Max: 0.0, Diff: 0.0, Sum: 0.0]
      [Object Copy (ms): Min: 0.0, Avg: 0.0, Max: 0.0, Diff: 0.0, Sum: 0.1]
      [Termination (ms): Min: 0.0, Avg: 0.0, Max: 0.0, Diff: 0.0, Sum: 0.0]
         [Termination Attempts: Min: 1, Avg: 1.0, Max: 1, Diff: 0, Sum: 4]
      [GC Worker Other (ms): Min: 0.0, Avg: 0.0, Max: 0.0, Diff: 0.0, Sum: 0.0]
      [GC Worker Total (ms): Min: 0.2, Avg: 0.2, Max: 0.2, Diff: 0.0, Sum: 0.8]
      [GC Worker End (ms): Min: 232.4, Avg: 232.5, Max: 232.5, Diff: 0.0]
   [Code Root Fixup: 0.0 ms]
   [Code Root Purge: 0.0 ms]
   [Clear CT: 0.0 ms]
   [Other: 0.2 ms]
      [Choose CSet: 0.0 ms]
      [Ref Proc: 0.1 ms]
      [Ref Enq: 0.0 ms]
      [Redirty Cards: 0.0 ms]
      [Humongous Register: 0.0 ms]
      [Humongous Reclaim: 0.0 ms]
      [Free CSet: 0.0 ms]
   [Eden: 3072.0K(11.0M)->0.0B(11.0M) Survivors: 1024.0K->1024.0K Heap: 86.1M(128.0M)->84.2M(128.0M)]
 [Times: user=0.00 sys=0.00, real=0.00 secs] 
2020-10-29T01:54:25.502-0800: [GC concurrent-root-region-scan-start]
2020-10-29T01:54:25.502-0800: [GC concurrent-root-region-scan-end, 0.0001143 secs]
2020-10-29T01:54:25.502-0800: [GC concurrent-mark-start]
2020-10-29T01:54:25.503-0800: [GC concurrent-mark-end, 0.0010849 secs]
2020-10-29T01:54:25.503-0800: [GC remark 2020-10-29T01:54:25.503-0800: [Finalize Marking, 0.0000887 secs] 2020-10-29T01:54:25.503-0800: [GC ref-proc, 0.0000584 secs] 2020-10-29T01:54:25.503-0800: [Unloading, 0.0004373 secs], 0.0010145 secs]
 [Times: user=0.00 sys=0.00, real=0.00 secs] 
2020-10-29T01:54:25.504-0800: [GC cleanup 91M->91M(128M), 0.0002359 secs]
 [Times: user=0.00 sys=0.00, real=0.00 secs] 
2020-10-29T01:54:25.507-0800: [GC pause (G1 Evacuation Pause) (young), 0.0012117 secs]
   [Parallel Time: 0.9 ms, GC Workers: 4]
      [GC Worker Start (ms): Min: 238.3, Avg: 238.3, Max: 238.4, Diff: 0.0]
      [Ext Root Scanning (ms): Min: 0.1, Avg: 0.1, Max: 0.1, Diff: 0.0, Sum: 0.5]
      [Update RS (ms): Min: 0.4, Avg: 0.4, Max: 0.4, Diff: 0.0, Sum: 1.7]
         [Processed Buffers: Min: 6, Avg: 6.0, Max: 6, Diff: 0, Sum: 24]
      [Scan RS (ms): Min: 0.0, Avg: 0.0, Max: 0.0, Diff: 0.0, Sum: 0.0]
      [Code Root Scanning (ms): Min: 0.0, Avg: 0.0, Max: 0.0, Diff: 0.0, Sum: 0.0]
      [Object Copy (ms): Min: 0.2, Avg: 0.2, Max: 0.3, Diff: 0.1, Sum: 0.9]
      [Termination (ms): Min: 0.0, Avg: 0.0, Max: 0.1, Diff: 0.1, Sum: 0.2]
         [Termination Attempts: Min: 1, Avg: 1.0, Max: 1, Diff: 0, Sum: 4]
      [GC Worker Other (ms): Min: 0.0, Avg: 0.0, Max: 0.0, Diff: 0.0, Sum: 0.0]
      [GC Worker Total (ms): Min: 0.8, Avg: 0.8, Max: 0.8, Diff: 0.0, Sum: 3.3]
      [GC Worker End (ms): Min: 239.2, Avg: 239.2, Max: 239.2, Diff: 0.1]
   [Code Root Fixup: 0.0 ms]
   [Code Root Purge: 0.0 ms]
   [Clear CT: 0.0 ms]
   [Other: 0.3 ms]
      [Choose CSet: 0.0 ms]
      [Ref Proc: 0.1 ms]
      [Ref Enq: 0.0 ms]
      [Redirty Cards: 0.0 ms]
      [Humongous Register: 0.0 ms]
      [Humongous Reclaim: 0.0 ms]
      [Free CSet: 0.0 ms]
   [Eden: 11.0M(11.0M)->0.0B(4096.0K) Survivors: 1024.0K->2048.0K Heap: 102.2M(128.0M)->93.0M(128.0M)]
 [Times: user=0.00 sys=0.00, real=0.00 secs] 
2020-10-29T01:54:25.510-0800: [GC pause (G1 Evacuation Pause) (mixed), 0.0021095 secs]
   [Parallel Time: 1.8 ms, GC Workers: 4]
      [GC Worker Start (ms): Min: 241.2, Avg: 241.2, Max: 241.2, Diff: 0.0]
      [Ext Root Scanning (ms): Min: 0.1, Avg: 0.1, Max: 0.1, Diff: 0.0, Sum: 0.5]
      [Update RS (ms): Min: 0.2, Avg: 0.2, Max: 0.2, Diff: 0.1, Sum: 0.8]
         [Processed Buffers: Min: 3, Avg: 4.0, Max: 5, Diff: 2, Sum: 16]
      [Scan RS (ms): Min: 0.0, Avg: 0.0, Max: 0.0, Diff: 0.0, Sum: 0.0]
      [Code Root Scanning (ms): Min: 0.0, Avg: 0.0, Max: 0.0, Diff: 0.0, Sum: 0.0]
      [Object Copy (ms): Min: 0.2, Avg: 0.2, Max: 0.2, Diff: 0.1, Sum: 0.9]
      [Termination (ms): Min: 0.0, Avg: 0.0, Max: 0.0, Diff: 0.0, Sum: 0.0]
         [Termination Attempts: Min: 1, Avg: 1.0, Max: 1, Diff: 0, Sum: 4]
      [GC Worker Other (ms): Min: 0.0, Avg: 0.0, Max: 0.0, Diff: 0.0, Sum: 0.0]
      [GC Worker Total (ms): Min: 0.5, Avg: 0.6, Max: 0.6, Diff: 0.0, Sum: 2.2]
      [GC Worker End (ms): Min: 241.7, Avg: 241.7, Max: 241.7, Diff: 0.0]
   [Code Root Fixup: 0.0 ms]
   [Code Root Purge: 0.0 ms]
   [Clear CT: 0.0 ms]
   [Other: 0.2 ms]
      [Choose CSet: 0.0 ms]
      [Ref Proc: 0.1 ms]
      [Ref Enq: 0.0 ms]
      [Redirty Cards: 0.0 ms]
      [Humongous Register: 0.0 ms]
      [Humongous Reclaim: 0.0 ms]
      [Free CSet: 0.0 ms]
   [Eden: 4096.0K(4096.0K)->0.0B(5120.0K) Survivors: 2048.0K->1024.0K Heap: 98.2M(128.0M)->93.3M(128.0M)]
 [Times: user=0.01 sys=0.00, real=0.00 secs] 
2020-10-29T01:54:25.512-0800: [GC pause (G1 Humongous Allocation) (young) (initial-mark), 0.0005155 secs]
   [Parallel Time: 0.3 ms, GC Workers: 4]
      [GC Worker Start (ms): Min: 243.7, Avg: 243.7, Max: 243.7, Diff: 0.0]
      [Ext Root Scanning (ms): Min: 0.1, Avg: 0.1, Max: 0.1, Diff: 0.0, Sum: 0.5]
      [Update RS (ms): Min: 0.0, Avg: 0.0, Max: 0.0, Diff: 0.0, Sum: 0.1]
         [Processed Buffers: Min: 1, Avg: 1.5, Max: 2, Diff: 1, Sum: 6]
      [Scan RS (ms): Min: 0.0, Avg: 0.0, Max: 0.0, Diff: 0.0, Sum: 0.0]
      [Code Root Scanning (ms): Min: 0.0, Avg: 0.0, Max: 0.0, Diff: 0.0, Sum: 0.0]
      [Object Copy (ms): Min: 0.0, Avg: 0.1, Max: 0.1, Diff: 0.0, Sum: 0.2]
      [Termination (ms): Min: 0.0, Avg: 0.0, Max: 0.0, Diff: 0.0, Sum: 0.0]
         [Termination Attempts: Min: 1, Avg: 1.0, Max: 1, Diff: 0, Sum: 4]
      [GC Worker Other (ms): Min: 0.0, Avg: 0.0, Max: 0.0, Diff: 0.0, Sum: 0.0]
      [GC Worker Total (ms): Min: 0.2, Avg: 0.2, Max: 0.2, Diff: 0.0, Sum: 0.9]
      [GC Worker End (ms): Min: 243.9, Avg: 243.9, Max: 243.9, Diff: 0.0]
   [Code Root Fixup: 0.0 ms]
   [Code Root Purge: 0.0 ms]
   [Clear CT: 0.0 ms]
   [Other: 0.2 ms]
      [Choose CSet: 0.0 ms]
      [Ref Proc: 0.1 ms]
      [Ref Enq: 0.0 ms]
      [Redirty Cards: 0.0 ms]
      [Humongous Register: 0.0 ms]
      [Humongous Reclaim: 0.0 ms]
      [Free CSet: 0.0 ms]
   [Eden: 1024.0K(5120.0K)->0.0B(5120.0K) Survivors: 1024.0K->1024.0K Heap: 93.7M(128.0M)->93.5M(128.0M)]
 [Times: user=0.00 sys=0.00, real=0.00 secs] 
2020-10-29T01:54:25.513-0800: [GC concurrent-root-region-scan-start]
2020-10-29T01:54:25.513-0800: [GC concurrent-root-region-scan-end, 0.0001337 secs]
2020-10-29T01:54:25.513-0800: [GC concurrent-mark-start]
2020-10-29T01:54:25.514-0800: [GC concurrent-mark-end, 0.0010624 secs]
2020-10-29T01:54:25.514-0800: [GC remark 2020-10-29T01:54:25.515-0800: [Finalize Marking, 0.0000964 secs] 2020-10-29T01:54:25.515-0800: [GC ref-proc, 0.0000559 secs] 2020-10-29T01:54:25.515-0800: [Unloading, 0.0005810 secs], 0.0012179 secs]
 [Times: user=0.00 sys=0.00, real=0.00 secs] 
2020-10-29T01:54:25.516-0800: [GC cleanup 98M->98M(128M), 0.0011161 secs]
 [Times: user=0.00 sys=0.00, real=0.00 secs] 
2020-10-29T01:54:25.518-0800: [GC pause (G1 Evacuation Pause) (young), 0.0008359 secs]
   [Parallel Time: 0.6 ms, GC Workers: 4]
      [GC Worker Start (ms): Min: 249.2, Avg: 249.2, Max: 249.2, Diff: 0.0]
      [Ext Root Scanning (ms): Min: 0.1, Avg: 0.1, Max: 0.1, Diff: 0.0, Sum: 0.5]
      [Update RS (ms): Min: 0.3, Avg: 0.4, Max: 0.4, Diff: 0.1, Sum: 1.4]
         [Processed Buffers: Min: 4, Avg: 5.2, Max: 7, Diff: 3, Sum: 21]
      [Scan RS (ms): Min: 0.0, Avg: 0.0, Max: 0.0, Diff: 0.0, Sum: 0.0]
      [Code Root Scanning (ms): Min: 0.0, Avg: 0.0, Max: 0.0, Diff: 0.0, Sum: 0.0]
      [Object Copy (ms): Min: 0.0, Avg: 0.0, Max: 0.1, Diff: 0.1, Sum: 0.2]
      [Termination (ms): Min: 0.0, Avg: 0.0, Max: 0.0, Diff: 0.0, Sum: 0.0]
         [Termination Attempts: Min: 1, Avg: 1.0, Max: 1, Diff: 0, Sum: 4]
      [GC Worker Other (ms): Min: 0.0, Avg: 0.0, Max: 0.0, Diff: 0.0, Sum: 0.0]
      [GC Worker Total (ms): Min: 0.5, Avg: 0.5, Max: 0.5, Diff: 0.0, Sum: 2.1]
      [GC Worker End (ms): Min: 249.7, Avg: 249.7, Max: 249.7, Diff: 0.0]
   [Code Root Fixup: 0.0 ms]
   [Code Root Purge: 0.0 ms]
   [Clear CT: 0.0 ms]
   [Other: 0.2 ms]
      [Choose CSet: 0.0 ms]
      [Ref Proc: 0.1 ms]
      [Ref Enq: 0.0 ms]
      [Redirty Cards: 0.0 ms]
      [Humongous Register: 0.0 ms]
      [Humongous Reclaim: 0.0 ms]
      [Free CSet: 0.0 ms]
   [Eden: 5120.0K(5120.0K)->0.0B(5120.0K) Survivors: 1024.0K->1024.0K Heap: 101.8M(128.0M)->97.9M(128.0M)]
 [Times: user=0.01 sys=0.01, real=0.00 secs] 
2020-10-29T01:54:25.520-0800: [GC pause (G1 Evacuation Pause) (mixed) (to-space exhausted), 0.0018794 secs]
   [Parallel Time: 1.4 ms, GC Workers: 4]
      [GC Worker Start (ms): Min: 251.2, Avg: 251.2, Max: 251.2, Diff: 0.0]
      [Ext Root Scanning (ms): Min: 0.1, Avg: 0.1, Max: 0.1, Diff: 0.0, Sum: 0.5]
      [Update RS (ms): Min: 0.1, Avg: 0.1, Max: 0.1, Diff: 0.0, Sum: 0.5]
         [Processed Buffers: Min: 2, Avg: 2.5, Max: 3, Diff: 1, Sum: 10]
      [Scan RS (ms): Min: 0.0, Avg: 0.0, Max: 0.0, Diff: 0.0, Sum: 0.0]
      [Code Root Scanning (ms): Min: 0.0, Avg: 0.0, Max: 0.0, Diff: 0.0, Sum: 0.0]
      [Object Copy (ms): Min: 0.5, Avg: 0.8, Max: 1.1, Diff: 0.7, Sum: 3.2]
      [Termination (ms): Min: 0.0, Avg: 0.3, Max: 0.7, Diff: 0.7, Sum: 1.4]
         [Termination Attempts: Min: 1, Avg: 1.0, Max: 1, Diff: 0, Sum: 4]
      [GC Worker Other (ms): Min: 0.0, Avg: 0.0, Max: 0.0, Diff: 0.0, Sum: 0.0]
      [GC Worker Total (ms): Min: 1.4, Avg: 1.4, Max: 1.4, Diff: 0.0, Sum: 5.5]
      [GC Worker End (ms): Min: 252.6, Avg: 252.6, Max: 252.6, Diff: 0.0]
   [Code Root Fixup: 0.0 ms]
   [Code Root Purge: 0.0 ms]
   [Clear CT: 0.0 ms]
   [Other: 0.4 ms]
      [Evacuation Failure: 0.0 ms]
      [Choose CSet: 0.0 ms]
      [Ref Proc: 0.2 ms]
      [Ref Enq: 0.0 ms]
      [Redirty Cards: 0.0 ms]
      [Humongous Register: 0.0 ms]
      [Humongous Reclaim: 0.0 ms]
      [Free CSet: 0.0 ms]
   [Eden: 5120.0K(5120.0K)->0.0B(5120.0K) Survivors: 1024.0K->1024.0K Heap: 103.6M(128.0M)->100.0M(128.0M)]
 [Times: user=0.00 sys=0.00, real=0.00 secs] 
2020-10-29T01:54:25.522-0800: [GC pause (G1 Humongous Allocation) (young) (initial-mark), 0.0005681 secs]
   [Parallel Time: 0.3 ms, GC Workers: 4]
      [GC Worker Start (ms): Min: 253.7, Avg: 253.7, Max: 253.8, Diff: 0.0]
      [Ext Root Scanning (ms): Min: 0.1, Avg: 0.1, Max: 0.1, Diff: 0.0, Sum: 0.5]
      [Update RS (ms): Min: 0.0, Avg: 0.0, Max: 0.0, Diff: 0.0, Sum: 0.1]
         [Processed Buffers: Min: 1, Avg: 2.2, Max: 3, Diff: 2, Sum: 9]
      [Scan RS (ms): Min: 0.0, Avg: 0.0, Max: 0.0, Diff: 0.0, Sum: 0.0]
      [Code Root Scanning (ms): Min: 0.0, Avg: 0.0, Max: 0.0, Diff: 0.0, Sum: 0.0]
      [Object Copy (ms): Min: 0.1, Avg: 0.1, Max: 0.1, Diff: 0.0, Sum: 0.3]
      [Termination (ms): Min: 0.0, Avg: 0.0, Max: 0.1, Diff: 0.1, Sum: 0.1]
         [Termination Attempts: Min: 1, Avg: 1.0, Max: 1, Diff: 0, Sum: 4]
      [GC Worker Other (ms): Min: 0.0, Avg: 0.0, Max: 0.0, Diff: 0.0, Sum: 0.0]
      [GC Worker Total (ms): Min: 0.2, Avg: 0.3, Max: 0.3, Diff: 0.1, Sum: 1.1]
      [GC Worker End (ms): Min: 254.0, Avg: 254.0, Max: 254.0, Diff: 0.0]
   [Code Root Fixup: 0.0 ms]
   [Code Root Purge: 0.0 ms]
   [Clear CT: 0.1 ms]
   [Other: 0.2 ms]
      [Choose CSet: 0.0 ms]
      [Ref Proc: 0.1 ms]
      [Ref Enq: 0.0 ms]
      [Redirty Cards: 0.0 ms]
      [Humongous Register: 0.0 ms]
      [Humongous Reclaim: 0.0 ms]
      [Free CSet: 0.0 ms]
   [Eden: 3072.0K(5120.0K)->0.0B(5120.0K) Survivors: 1024.0K->1024.0K Heap: 102.6M(128.0M)->100.6M(128.0M)]
 [Times: user=0.00 sys=0.00, real=0.00 secs] 
2020-10-29T01:54:25.523-0800: [GC concurrent-root-region-scan-start]
2020-10-29T01:54:25.523-0800: [GC concurrent-root-region-scan-end, 0.0000571 secs]
2020-10-29T01:54:25.523-0800: [GC concurrent-mark-start]
2020-10-29T01:54:25.524-0800: [GC concurrent-mark-end, 0.0008889 secs]
2020-10-29T01:54:25.524-0800: [GC remark 2020-10-29T01:54:25.524-0800: [Finalize Marking, 0.0001148 secs] 2020-10-29T01:54:25.524-0800: [GC ref-proc, 0.0000384 secs] 2020-10-29T01:54:25.525-0800: [Unloading, 0.0003804 secs], 0.0009853 secs]
 [Times: user=0.01 sys=0.00, real=0.00 secs] 
2020-10-29T01:54:25.525-0800: [GC cleanup 106M->106M(128M), 0.0002303 secs]
 [Times: user=0.00 sys=0.00, real=0.00 secs] 
2020-10-29T01:54:25.526-0800: [GC pause (G1 Evacuation Pause) (young) (to-space exhausted), 0.0007224 secs]
   [Parallel Time: 0.5 ms, GC Workers: 4]
      [GC Worker Start (ms): Min: 257.3, Avg: 257.3, Max: 257.3, Diff: 0.0]
      [Ext Root Scanning (ms): Min: 0.1, Avg: 0.1, Max: 0.1, Diff: 0.0, Sum: 0.5]
      [Update RS (ms): Min: 0.2, Avg: 0.3, Max: 0.3, Diff: 0.0, Sum: 1.0]
         [Processed Buffers: Min: 3, Avg: 3.8, Max: 4, Diff: 1, Sum: 15]
      [Scan RS (ms): Min: 0.0, Avg: 0.0, Max: 0.0, Diff: 0.0, Sum: 0.0]
      [Code Root Scanning (ms): Min: 0.0, Avg: 0.0, Max: 0.0, Diff: 0.0, Sum: 0.0]
      [Object Copy (ms): Min: 0.0, Avg: 0.0, Max: 0.0, Diff: 0.0, Sum: 0.0]
      [Termination (ms): Min: 0.0, Avg: 0.0, Max: 0.1, Diff: 0.1, Sum: 0.1]
         [Termination Attempts: Min: 1, Avg: 1.5, Max: 3, Diff: 2, Sum: 6]
      [GC Worker Other (ms): Min: 0.0, Avg: 0.0, Max: 0.0, Diff: 0.0, Sum: 0.0]
      [GC Worker Total (ms): Min: 0.4, Avg: 0.4, Max: 0.4, Diff: 0.0, Sum: 1.6]
      [GC Worker End (ms): Min: 257.7, Avg: 257.7, Max: 257.7, Diff: 0.0]
   [Code Root Fixup: 0.0 ms]
   [Code Root Purge: 0.0 ms]
   [Clear CT: 0.0 ms]
   [Other: 0.2 ms]
      [Evacuation Failure: 0.0 ms]
      [Choose CSet: 0.0 ms]
      [Ref Proc: 0.1 ms]
      [Ref Enq: 0.0 ms]
      [Redirty Cards: 0.0 ms]
      [Humongous Register: 0.0 ms]
      [Humongous Reclaim: 0.0 ms]
      [Free CSet: 0.0 ms]
   [Eden: 5120.0K(5120.0K)->0.0B(6144.0K) Survivors: 1024.0K->0.0B Heap: 107.5M(128.0M)->105.3M(128.0M)]
 [Times: user=0.00 sys=0.00, real=0.00 secs] 
2020-10-29T01:54:25.527-0800: [GC pause (G1 Humongous Allocation) (mixed) (to-space exhausted), 0.0006053 secs]
   [Parallel Time: 0.3 ms, GC Workers: 4]
      [GC Worker Start (ms): Min: 258.5, Avg: 258.5, Max: 258.6, Diff: 0.0]
      [Ext Root Scanning (ms): Min: 0.1, Avg: 0.1, Max: 0.1, Diff: 0.0, Sum: 0.4]
      [Update RS (ms): Min: 0.1, Avg: 0.1, Max: 0.2, Diff: 0.1, Sum: 0.5]
         [Processed Buffers: Min: 2, Avg: 3.2, Max: 5, Diff: 3, Sum: 13]
      [Scan RS (ms): Min: 0.0, Avg: 0.0, Max: 0.0, Diff: 0.0, Sum: 0.0]
      [Code Root Scanning (ms): Min: 0.0, Avg: 0.0, Max: 0.0, Diff: 0.0, Sum: 0.0]
      [Object Copy (ms): Min: 0.0, Avg: 0.0, Max: 0.0, Diff: 0.0, Sum: 0.0]
      [Termination (ms): Min: 0.0, Avg: 0.0, Max: 0.1, Diff: 0.1, Sum: 0.2]
         [Termination Attempts: Min: 1, Avg: 1.0, Max: 1, Diff: 0, Sum: 4]
      [GC Worker Other (ms): Min: 0.0, Avg: 0.0, Max: 0.0, Diff: 0.0, Sum: 0.0]
      [GC Worker Total (ms): Min: 0.3, Avg: 0.3, Max: 0.3, Diff: 0.0, Sum: 1.1]
      [GC Worker End (ms): Min: 258.8, Avg: 258.8, Max: 258.8, Diff: 0.0]
   [Code Root Fixup: 0.0 ms]
   [Code Root Purge: 0.0 ms]
   [Clear CT: 0.0 ms]
   [Other: 0.2 ms]
      [Evacuation Failure: 0.0 ms]
      [Choose CSet: 0.0 ms]
      [Ref Proc: 0.1 ms]
      [Ref Enq: 0.0 ms]
      [Redirty Cards: 0.0 ms]
      [Humongous Register: 0.0 ms]
      [Humongous Reclaim: 0.0 ms]
      [Free CSet: 0.0 ms]
   [Eden: 2048.0K(6144.0K)->0.0B(6144.0K) Survivors: 0.0B->0.0B Heap: 107.2M(128.0M)->106.9M(128.0M)]
 [Times: user=0.00 sys=0.00, real=0.00 secs] 
2020-10-29T01:54:25.528-0800: [GC pause (G1 Evacuation Pause) (young) (initial-mark), 0.0005752 secs]
   [Parallel Time: 0.3 ms, GC Workers: 4]
      [GC Worker Start (ms): Min: 259.5, Avg: 259.5, Max: 259.5, Diff: 0.0]
      [Ext Root Scanning (ms): Min: 0.1, Avg: 0.1, Max: 0.1, Diff: 0.0, Sum: 0.4]
      [Update RS (ms): Min: 0.1, Avg: 0.1, Max: 0.1, Diff: 0.0, Sum: 0.4]
         [Processed Buffers: Min: 2, Avg: 3.0, Max: 4, Diff: 2, Sum: 12]
      [Scan RS (ms): Min: 0.0, Avg: 0.0, Max: 0.0, Diff: 0.0, Sum: 0.0]
      [Code Root Scanning (ms): Min: 0.0, Avg: 0.0, Max: 0.0, Diff: 0.0, Sum: 0.0]
      [Object Copy (ms): Min: 0.0, Avg: 0.0, Max: 0.0, Diff: 0.0, Sum: 0.0]
      [Termination (ms): Min: 0.0, Avg: 0.0, Max: 0.1, Diff: 0.1, Sum: 0.2]
         [Termination Attempts: Min: 1, Avg: 1.0, Max: 1, Diff: 0, Sum: 4]
      [GC Worker Other (ms): Min: 0.0, Avg: 0.0, Max: 0.0, Diff: 0.0, Sum: 0.0]
      [GC Worker Total (ms): Min: 0.3, Avg: 0.3, Max: 0.3, Diff: 0.0, Sum: 1.1]
      [GC Worker End (ms): Min: 259.7, Avg: 259.7, Max: 259.8, Diff: 0.0]
   [Code Root Fixup: 0.0 ms]
   [Code Root Purge: 0.0 ms]
   [Clear CT: 0.0 ms]
   [Other: 0.2 ms]
      [Choose CSet: 0.0 ms]
      [Ref Proc: 0.1 ms]
      [Ref Enq: 0.0 ms]
      [Redirty Cards: 0.1 ms]
      [Humongous Register: 0.0 ms]
      [Humongous Reclaim: 0.0 ms]
      [Free CSet: 0.0 ms]
   [Eden: 0.0B(6144.0K)->0.0B(6144.0K) Survivors: 0.0B->0.0B Heap: 107.5M(128.0M)->107.5M(128.0M)]
 [Times: user=0.00 sys=0.00, real=0.00 secs] 
2020-10-29T01:54:25.529-0800: [GC concurrent-root-region-scan-start]
2020-10-29T01:54:25.529-0800: [GC concurrent-root-region-scan-end, 0.0000349 secs]
2020-10-29T01:54:25.529-0800: [GC concurrent-mark-start]
2020-10-29T01:54:25.529-0800: [GC pause (G1 Evacuation Pause) (young), 0.0005170 secs]
   [Parallel Time: 0.3 ms, GC Workers: 4]
      [GC Worker Start (ms): Min: 260.4, Avg: 260.4, Max: 260.4, Diff: 0.0]
      [Ext Root Scanning (ms): Min: 0.1, Avg: 0.1, Max: 0.1, Diff: 0.0, Sum: 0.4]
      [Update RS (ms): Min: 0.0, Avg: 0.0, Max: 0.1, Diff: 0.1, Sum: 0.1]
         [Processed Buffers: Min: 0, Avg: 0.5, Max: 1, Diff: 1, Sum: 2]
      [Scan RS (ms): Min: 0.0, Avg: 0.0, Max: 0.0, Diff: 0.0, Sum: 0.0]
      [Code Root Scanning (ms): Min: 0.0, Avg: 0.0, Max: 0.0, Diff: 0.0, Sum: 0.0]
      [Object Copy (ms): Min: 0.0, Avg: 0.0, Max: 0.0, Diff: 0.0, Sum: 0.0]
      [Termination (ms): Min: 0.0, Avg: 0.1, Max: 0.1, Diff: 0.1, Sum: 0.3]
         [Termination Attempts: Min: 1, Avg: 1.0, Max: 1, Diff: 0, Sum: 4]
      [GC Worker Other (ms): Min: 0.0, Avg: 0.0, Max: 0.0, Diff: 0.0, Sum: 0.0]
      [GC Worker Total (ms): Min: 0.2, Avg: 0.2, Max: 0.2, Diff: 0.1, Sum: 0.8]
      [GC Worker End (ms): Min: 260.5, Avg: 260.6, Max: 260.6, Diff: 0.1]
   [Code Root Fixup: 0.0 ms]
   [Code Root Purge: 0.0 ms]
   [Clear CT: 0.0 ms]
   [Other: 0.2 ms]
      [Choose CSet: 0.0 ms]
      [Ref Proc: 0.1 ms]
      [Ref Enq: 0.0 ms]
      [Redirty Cards: 0.0 ms]
      [Humongous Register: 0.0 ms]
      [Humongous Reclaim: 0.0 ms]
      [Free CSet: 0.0 ms]
   [Eden: 0.0B(6144.0K)->0.0B(6144.0K) Survivors: 0.0B->0.0B Heap: 107.5M(128.0M)->107.5M(128.0M)]
 [Times: user=0.00 sys=0.00, real=0.01 secs] 
2020-10-29T01:54:25.530-0800: [Full GC (Allocation Failure)  107M->93M(128M), 0.0102557 secs]
   [Eden: 0.0B(6144.0K)->0.0B(6144.0K) Survivors: 0.0B->0.0B Heap: 107.5M(128.0M)->93.6M(128.0M)], [Metaspace: 2714K->2714K(1056768K)]
 [Times: user=0.01 sys=0.00, real=0.01 secs] 
2020-10-29T01:54:25.540-0800: [GC concurrent-mark-abort]
2020-10-29T01:54:25.541-0800: [GC pause (G1 Humongous Allocation) (young) (initial-mark), 0.0004835 secs]
   [Parallel Time: 0.2 ms, GC Workers: 4]
      [GC Worker Start (ms): Min: 271.9, Avg: 272.0, Max: 272.0, Diff: 0.0]
      [Ext Root Scanning (ms): Min: 0.1, Avg: 0.1, Max: 0.1, Diff: 0.0, Sum: 0.5]
      [Update RS (ms): Min: 0.0, Avg: 0.0, Max: 0.1, Diff: 0.1, Sum: 0.1]
         [Processed Buffers: Min: 0, Avg: 0.5, Max: 1, Diff: 1, Sum: 2]
      [Scan RS (ms): Min: 0.0, Avg: 0.0, Max: 0.0, Diff: 0.0, Sum: 0.0]
      [Code Root Scanning (ms): Min: 0.0, Avg: 0.0, Max: 0.0, Diff: 0.0, Sum: 0.0]
      [Object Copy (ms): Min: 0.0, Avg: 0.0, Max: 0.0, Diff: 0.0, Sum: 0.1]
      [Termination (ms): Min: 0.0, Avg: 0.0, Max: 0.0, Diff: 0.0, Sum: 0.1]
         [Termination Attempts: Min: 1, Avg: 1.8, Max: 3, Diff: 2, Sum: 7]
      [GC Worker Other (ms): Min: 0.0, Avg: 0.0, Max: 0.0, Diff: 0.0, Sum: 0.0]
      [GC Worker Total (ms): Min: 0.2, Avg: 0.2, Max: 0.2, Diff: 0.0, Sum: 0.8]
      [GC Worker End (ms): Min: 272.2, Avg: 272.2, Max: 272.2, Diff: 0.0]
   [Code Root Fixup: 0.0 ms]
   [Code Root Purge: 0.0 ms]
   [Clear CT: 0.0 ms]
   [Other: 0.2 ms]
      [Choose CSet: 0.0 ms]
      [Ref Proc: 0.1 ms]
      [Ref Enq: 0.0 ms]
      [Redirty Cards: 0.0 ms]
      [Humongous Register: 0.0 ms]
      [Humongous Reclaim: 0.0 ms]
      [Free CSet: 0.0 ms]
   [Eden: 3072.0K(6144.0K)->0.0B(5120.0K) Survivors: 0.0B->1024.0K Heap: 96.0M(128.0M)->94.3M(128.0M)]
 [Times: user=0.00 sys=0.00, real=0.00 secs] 
2020-10-29T01:54:25.541-0800: [GC concurrent-root-region-scan-start]
2020-10-29T01:54:25.542-0800: [GC concurrent-root-region-scan-end, 0.0001155 secs]
2020-10-29T01:54:25.542-0800: [GC concurrent-mark-start]
2020-10-29T01:54:25.542-0800: [GC pause (G1 Humongous Allocation) (young) (to-space exhausted), 0.0006569 secs]
   [Parallel Time: 0.3 ms, GC Workers: 4]
      [GC Worker Start (ms): Min: 273.4, Avg: 273.4, Max: 273.4, Diff: 0.0]
      [Ext Root Scanning (ms): Min: 0.1, Avg: 0.1, Max: 0.1, Diff: 0.0, Sum: 0.5]
      [Update RS (ms): Min: 0.1, Avg: 0.1, Max: 0.1, Diff: 0.0, Sum: 0.5]
         [Processed Buffers: Min: 2, Avg: 2.8, Max: 3, Diff: 1, Sum: 11]
      [Scan RS (ms): Min: 0.0, Avg: 0.0, Max: 0.0, Diff: 0.0, Sum: 0.0]
      [Code Root Scanning (ms): Min: 0.0, Avg: 0.0, Max: 0.0, Diff: 0.0, Sum: 0.0]
      [Object Copy (ms): Min: 0.0, Avg: 0.0, Max: 0.0, Diff: 0.0, Sum: 0.0]
      [Termination (ms): Min: 0.0, Avg: 0.0, Max: 0.1, Diff: 0.1, Sum: 0.1]
         [Termination Attempts: Min: 1, Avg: 1.0, Max: 1, Diff: 0, Sum: 4]
      [GC Worker Other (ms): Min: 0.0, Avg: 0.0, Max: 0.0, Diff: 0.0, Sum: 0.0]
      [GC Worker Total (ms): Min: 0.3, Avg: 0.3, Max: 0.3, Diff: 0.1, Sum: 1.1]
      [GC Worker End (ms): Min: 273.7, Avg: 273.7, Max: 273.7, Diff: 0.0]
   [Code Root Fixup: 0.0 ms]
   [Code Root Purge: 0.0 ms]
   [Clear CT: 0.0 ms]
   [Other: 0.3 ms]
      [Evacuation Failure: 0.0 ms]
      [Choose CSet: 0.0 ms]
      [Ref Proc: 0.1 ms]
      [Ref Enq: 0.0 ms]
      [Redirty Cards: 0.1 ms]
      [Humongous Register: 0.0 ms]
      [Humongous Reclaim: 0.0 ms]
      [Free CSet: 0.0 ms]
   [Eden: 4096.0K(5120.0K)->0.0B(6144.0K) Survivors: 1024.0K->0.0B Heap: 98.7M(128.0M)->98.7M(128.0M)]
 [Times: user=0.00 sys=0.00, real=0.00 secs] 
2020-10-29T01:54:25.543-0800: [Full GC (Allocation Failure)  98M->96M(128M), 0.0023884 secs]
   [Eden: 0.0B(6144.0K)->0.0B(6144.0K) Survivors: 0.0B->0.0B Heap: 98.7M(128.0M)->96.2M(128.0M)], [Metaspace: 2714K->2714K(1056768K)]
 [Times: user=0.00 sys=0.00, real=0.00 secs] 
2020-10-29T01:54:25.546-0800: [GC concurrent-mark-abort]
2020-10-29T01:54:25.546-0800: [GC pause (G1 Evacuation Pause) (young) (to-space exhausted), 0.0005526 secs]
   [Parallel Time: 0.3 ms, GC Workers: 4]
      [GC Worker Start (ms): Min: 277.1, Avg: 277.1, Max: 277.1, Diff: 0.0]
      [Ext Root Scanning (ms): Min: 0.1, Avg: 0.1, Max: 0.1, Diff: 0.0, Sum: 0.5]
      [Update RS (ms): Min: 0.1, Avg: 0.1, Max: 0.1, Diff: 0.0, Sum: 0.4]
         [Processed Buffers: Min: 1, Avg: 1.5, Max: 2, Diff: 1, Sum: 6]
      [Scan RS (ms): Min: 0.0, Avg: 0.0, Max: 0.0, Diff: 0.0, Sum: 0.0]
      [Code Root Scanning (ms): Min: 0.0, Avg: 0.0, Max: 0.0, Diff: 0.0, Sum: 0.0]
      [Object Copy (ms): Min: 0.0, Avg: 0.0, Max: 0.0, Diff: 0.0, Sum: 0.0]
      [Termination (ms): Min: 0.0, Avg: 0.0, Max: 0.0, Diff: 0.0, Sum: 0.1]
         [Termination Attempts: Min: 1, Avg: 3.0, Max: 6, Diff: 5, Sum: 12]
      [GC Worker Other (ms): Min: 0.0, Avg: 0.0, Max: 0.0, Diff: 0.0, Sum: 0.0]
      [GC Worker Total (ms): Min: 0.2, Avg: 0.2, Max: 0.3, Diff: 0.0, Sum: 1.0]
      [GC Worker End (ms): Min: 277.4, Avg: 277.4, Max: 277.4, Diff: 0.0]
   [Code Root Fixup: 0.0 ms]
   [Code Root Purge: 0.0 ms]
   [Clear CT: 0.0 ms]
   [Other: 0.2 ms]
      [Evacuation Failure: 0.0 ms]
      [Choose CSet: 0.0 ms]
      [Ref Proc: 0.1 ms]
      [Ref Enq: 0.0 ms]
      [Redirty Cards: 0.0 ms]
      [Humongous Register: 0.0 ms]
      [Humongous Reclaim: 0.0 ms]
      [Free CSet: 0.0 ms]
   [Eden: 2048.0K(6144.0K)->0.0B(6144.0K) Survivors: 0.0B->0.0B Heap: 98.7M(128.0M)->98.2M(128.0M)]
 [Times: user=0.00 sys=0.00, real=0.00 secs] 
2020-10-29T01:54:25.547-0800: [GC pause (G1 Evacuation Pause) (young) (initial-mark) (to-space exhausted), 0.0009845 secs]
   [Parallel Time: 0.3 ms, GC Workers: 4]
      [GC Worker Start (ms): Min: 278.1, Avg: 278.1, Max: 278.1, Diff: 0.0]
      [Ext Root Scanning (ms): Min: 0.2, Avg: 0.2, Max: 0.2, Diff: 0.0, Sum: 0.8]
      [Update RS (ms): Min: 0.0, Avg: 0.0, Max: 0.1, Diff: 0.1, Sum: 0.1]
         [Processed Buffers: Min: 1, Avg: 1.5, Max: 2, Diff: 1, Sum: 6]
      [Scan RS (ms): Min: 0.0, Avg: 0.0, Max: 0.0, Diff: 0.0, Sum: 0.0]
      [Code Root Scanning (ms): Min: 0.0, Avg: 0.0, Max: 0.0, Diff: 0.0, Sum: 0.0]
      [Object Copy (ms): Min: 0.0, Avg: 0.0, Max: 0.0, Diff: 0.0, Sum: 0.0]
      [Termination (ms): Min: 0.0, Avg: 0.0, Max: 0.1, Diff: 0.1, Sum: 0.1]
         [Termination Attempts: Min: 1, Avg: 1.0, Max: 1, Diff: 0, Sum: 4]
      [GC Worker Other (ms): Min: 0.0, Avg: 0.0, Max: 0.0, Diff: 0.0, Sum: 0.0]
      [GC Worker Total (ms): Min: 0.3, Avg: 0.3, Max: 0.3, Diff: 0.0, Sum: 1.2]
      [GC Worker End (ms): Min: 278.4, Avg: 278.4, Max: 278.4, Diff: 0.0]
   [Code Root Fixup: 0.0 ms]
   [Code Root Purge: 0.0 ms]
   [Clear CT: 0.0 ms]
   [Other: 0.6 ms]
      [Evacuation Failure: 0.1 ms]
      [Choose CSet: 0.0 ms]
      [Ref Proc: 0.4 ms]
      [Ref Enq: 0.0 ms]
      [Redirty Cards: 0.0 ms]
      [Humongous Register: 0.0 ms]
      [Humongous Reclaim: 0.0 ms]
      [Free CSet: 0.0 ms]
   [Eden: 1024.0K(6144.0K)->0.0B(6144.0K) Survivors: 0.0B->0.0B Heap: 99.2M(128.0M)->99.2M(128.0M)]
 [Times: user=0.01 sys=0.00, real=0.00 secs] 
2020-10-29T01:54:25.548-0800: [GC concurrent-root-region-scan-start]
2020-10-29T01:54:25.548-0800: [Full GC (Allocation Failure) 2020-10-29T01:54:25.548-0800: [GC concurrent-root-region-scan-end, 0.0000424 secs]
2020-10-29T01:54:25.548-0800: [GC concurrent-mark-start]
 99M->97M(128M), 0.0025492 secs]
   [Eden: 0.0B(6144.0K)->0.0B(6144.0K) Survivors: 0.0B->0.0B Heap: 99.2M(128.0M)->97.6M(128.0M)], [Metaspace: 2714K->2714K(1056768K)]
 [Times: user=0.00 sys=0.00, real=0.01 secs] 
2020-10-29T01:54:25.551-0800: [GC concurrent-mark-abort]
2020-10-29T01:54:25.551-0800: [GC pause (G1 Evacuation Pause) (young) (to-space exhausted), 0.0004934 secs]
   [Parallel Time: 0.2 ms, GC Workers: 4]
      [GC Worker Start (ms): Min: 282.5, Avg: 282.5, Max: 282.5, Diff: 0.0]
      [Ext Root Scanning (ms): Min: 0.1, Avg: 0.1, Max: 0.1, Diff: 0.0, Sum: 0.4]
      [Update RS (ms): Min: 0.0, Avg: 0.0, Max: 0.1, Diff: 0.1, Sum: 0.1]
         [Processed Buffers: Min: 0, Avg: 0.5, Max: 1, Diff: 1, Sum: 2]
      [Scan RS (ms): Min: 0.0, Avg: 0.0, Max: 0.0, Diff: 0.0, Sum: 0.0]
      [Code Root Scanning (ms): Min: 0.0, Avg: 0.0, Max: 0.0, Diff: 0.0, Sum: 0.0]
      [Object Copy (ms): Min: 0.0, Avg: 0.0, Max: 0.0, Diff: 0.0, Sum: 0.0]
      [Termination (ms): Min: 0.0, Avg: 0.0, Max: 0.1, Diff: 0.1, Sum: 0.2]
         [Termination Attempts: Min: 1, Avg: 1.8, Max: 3, Diff: 2, Sum: 7]
      [GC Worker Other (ms): Min: 0.0, Avg: 0.0, Max: 0.0, Diff: 0.0, Sum: 0.0]
      [GC Worker Total (ms): Min: 0.2, Avg: 0.2, Max: 0.2, Diff: 0.0, Sum: 0.7]
      [GC Worker End (ms): Min: 282.6, Avg: 282.7, Max: 282.7, Diff: 0.0]
   [Code Root Fixup: 0.0 ms]
   [Code Root Purge: 0.0 ms]
   [Clear CT: 0.0 ms]
   [Other: 0.2 ms]
      [Evacuation Failure: 0.0 ms]
      [Choose CSet: 0.0 ms]
      [Ref Proc: 0.1 ms]
      [Ref Enq: 0.0 ms]
      [Redirty Cards: 0.0 ms]
      [Humongous Register: 0.0 ms]
      [Humongous Reclaim: 0.0 ms]
      [Free CSet: 0.0 ms]
   [Eden: 1024.0K(6144.0K)->0.0B(6144.0K) Survivors: 0.0B->0.0B Heap: 98.6M(128.0M)->98.6M(128.0M)]
 [Times: user=0.00 sys=0.00, real=0.00 secs] 
2020-10-29T01:54:25.552-0800: [Full GC (Allocation Failure)  98M->97M(128M), 0.0026066 secs]
   [Eden: 0.0B(6144.0K)->0.0B(6144.0K) Survivors: 0.0B->0.0B Heap: 98.6M(128.0M)->97.3M(128.0M)], [Metaspace: 2714K->2714K(1056768K)]
 [Times: user=0.00 sys=0.00, real=0.00 secs] 
2020-10-29T01:54:25.555-0800: [GC pause (G1 Humongous Allocation) (young) (initial-mark) (to-space exhausted), 0.0005249 secs]
   [Parallel Time: 0.2 ms, GC Workers: 4]
      [GC Worker Start (ms): Min: 286.2, Avg: 286.2, Max: 286.2, Diff: 0.0]
      [Ext Root Scanning (ms): Min: 0.1, Avg: 0.1, Max: 0.1, Diff: 0.0, Sum: 0.5]
      [Update RS (ms): Min: 0.0, Avg: 0.0, Max: 0.1, Diff: 0.1, Sum: 0.1]
         [Processed Buffers: Min: 0, Avg: 0.5, Max: 1, Diff: 1, Sum: 2]
      [Scan RS (ms): Min: 0.0, Avg: 0.0, Max: 0.0, Diff: 0.0, Sum: 0.0]
      [Code Root Scanning (ms): Min: 0.0, Avg: 0.0, Max: 0.0, Diff: 0.0, Sum: 0.0]
      [Object Copy (ms): Min: 0.0, Avg: 0.0, Max: 0.0, Diff: 0.0, Sum: 0.0]
      [Termination (ms): Min: 0.0, Avg: 0.0, Max: 0.1, Diff: 0.1, Sum: 0.2]
         [Termination Attempts: Min: 1, Avg: 2.0, Max: 4, Diff: 3, Sum: 8]
      [GC Worker Other (ms): Min: 0.0, Avg: 0.0, Max: 0.0, Diff: 0.0, Sum: 0.0]
      [GC Worker Total (ms): Min: 0.2, Avg: 0.2, Max: 0.2, Diff: 0.0, Sum: 0.7]
      [GC Worker End (ms): Min: 286.4, Avg: 286.4, Max: 286.4, Diff: 0.0]
   [Code Root Fixup: 0.0 ms]
   [Code Root Purge: 0.0 ms]
   [Clear CT: 0.0 ms]
   [Other: 0.2 ms]
      [Evacuation Failure: 0.0 ms]
      [Choose CSet: 0.0 ms]
      [Ref Proc: 0.1 ms]
      [Ref Enq: 0.0 ms]
      [Redirty Cards: 0.0 ms]
      [Humongous Register: 0.0 ms]
      [Humongous Reclaim: 0.0 ms]
      [Free CSet: 0.0 ms]
   [Eden: 1024.0K(6144.0K)->0.0B(6144.0K) Survivors: 0.0B->0.0B Heap: 98.2M(128.0M)->98.2M(128.0M)]
 [Times: user=0.00 sys=0.00, real=0.00 secs] 
2020-10-29T01:54:25.556-0800: [GC concurrent-root-region-scan-start]
2020-10-29T01:54:25.556-0800: [GC concurrent-root-region-scan-end, 0.0000388 secs]
2020-10-29T01:54:25.556-0800: [GC concurrent-mark-start]
2020-10-29T01:54:25.556-0800: [GC pause (G1 Humongous Allocation) (young), 0.0005844 secs]
   [Parallel Time: 0.2 ms, GC Workers: 4]
      [GC Worker Start (ms): Min: 287.1, Avg: 287.1, Max: 287.1, Diff: 0.0]
      [Ext Root Scanning (ms): Min: 0.1, Avg: 0.1, Max: 0.1, Diff: 0.0, Sum: 0.4]
      [Update RS (ms): Min: 0.0, Avg: 0.0, Max: 0.0, Diff: 0.0, Sum: 0.1]
         [Processed Buffers: Min: 1, Avg: 1.2, Max: 2, Diff: 1, Sum: 5]
      [Scan RS (ms): Min: 0.0, Avg: 0.0, Max: 0.0, Diff: 0.0, Sum: 0.0]
      [Code Root Scanning (ms): Min: 0.0, Avg: 0.0, Max: 0.0, Diff: 0.0, Sum: 0.0]
      [Object Copy (ms): Min: 0.0, Avg: 0.0, Max: 0.0, Diff: 0.0, Sum: 0.0]
      [Termination (ms): Min: 0.0, Avg: 0.0, Max: 0.1, Diff: 0.1, Sum: 0.2]
         [Termination Attempts: Min: 1, Avg: 1.0, Max: 1, Diff: 0, Sum: 4]
      [GC Worker Other (ms): Min: 0.0, Avg: 0.0, Max: 0.0, Diff: 0.0, Sum: 0.0]
      [GC Worker Total (ms): Min: 0.2, Avg: 0.2, Max: 0.2, Diff: 0.0, Sum: 0.7]
      [GC Worker End (ms): Min: 287.3, Avg: 287.3, Max: 287.3, Diff: 0.0]
   [Code Root Fixup: 0.0 ms]
   [Code Root Purge: 0.0 ms]
   [Clear CT: 0.0 ms]
   [Other: 0.3 ms]
      [Choose CSet: 0.0 ms]
      [Ref Proc: 0.1 ms]
      [Ref Enq: 0.0 ms]
      [Redirty Cards: 0.0 ms]
      [Humongous Register: 0.0 ms]
      [Humongous Reclaim: 0.0 ms]
      [Free CSet: 0.0 ms]
   [Eden: 0.0B(6144.0K)->0.0B(6144.0K) Survivors: 0.0B->0.0B Heap: 98.2M(128.0M)->98.2M(128.0M)]
 [Times: user=0.01 sys=0.00, real=0.00 secs] 
2020-10-29T01:54:25.557-0800: [Full GC (Allocation Failure)  98M->97M(128M), 0.0026311 secs]
   [Eden: 0.0B(6144.0K)->0.0B(6144.0K) Survivors: 0.0B->0.0B Heap: 98.2M(128.0M)->97.5M(128.0M)], [Metaspace: 2714K->2714K(1056768K)]
 [Times: user=0.00 sys=0.00, real=0.00 secs] 
2020-10-29T01:54:25.559-0800: [GC concurrent-mark-abort]
2020-10-29T01:54:25.560-0800: [GC pause (G1 Evacuation Pause) (young), 0.0005870 secs]
   [Parallel Time: 0.3 ms, GC Workers: 4]
      [GC Worker Start (ms): Min: 290.9, Avg: 290.9, Max: 290.9, Diff: 0.0]
      [Ext Root Scanning (ms): Min: 0.1, Avg: 0.1, Max: 0.1, Diff: 0.0, Sum: 0.4]
      [Update RS (ms): Min: 0.1, Avg: 0.1, Max: 0.1, Diff: 0.1, Sum: 0.4]
         [Processed Buffers: Min: 1, Avg: 1.5, Max: 2, Diff: 1, Sum: 6]
      [Scan RS (ms): Min: 0.0, Avg: 0.0, Max: 0.0, Diff: 0.0, Sum: 0.0]
      [Code Root Scanning (ms): Min: 0.0, Avg: 0.0, Max: 0.0, Diff: 0.0, Sum: 0.0]
      [Object Copy (ms): Min: 0.0, Avg: 0.0, Max: 0.0, Diff: 0.0, Sum: 0.0]
      [Termination (ms): Min: 0.0, Avg: 0.1, Max: 0.1, Diff: 0.1, Sum: 0.2]
         [Termination Attempts: Min: 1, Avg: 1.0, Max: 1, Diff: 0, Sum: 4]
      [GC Worker Other (ms): Min: 0.0, Avg: 0.0, Max: 0.0, Diff: 0.0, Sum: 0.0]
      [GC Worker Total (ms): Min: 0.3, Avg: 0.3, Max: 0.3, Diff: 0.0, Sum: 1.1]
      [GC Worker End (ms): Min: 291.1, Avg: 291.2, Max: 291.2, Diff: 0.0]
   [Code Root Fixup: 0.0 ms]
   [Code Root Purge: 0.0 ms]
   [Clear CT: 0.0 ms]
   [Other: 0.2 ms]
      [Choose CSet: 0.0 ms]
      [Ref Proc: 0.1 ms]
      [Ref Enq: 0.0 ms]
      [Redirty Cards: 0.0 ms]
      [Humongous Register: 0.0 ms]
      [Humongous Reclaim: 0.0 ms]
      [Free CSet: 0.0 ms]
   [Eden: 0.0B(6144.0K)->0.0B(6144.0K) Survivors: 0.0B->0.0B Heap: 98.1M(128.0M)->97.5M(128.0M)]
 [Times: user=0.00 sys=0.00, real=0.00 secs] 
2020-10-29T01:54:25.561-0800: [GC pause (G1 Evacuation Pause) (young) (initial-mark) (to-space exhausted), 0.0005976 secs]
   [Parallel Time: 0.2 ms, GC Workers: 4]
      [GC Worker Start (ms): Min: 292.0, Avg: 292.0, Max: 292.0, Diff: 0.0]
      [Ext Root Scanning (ms): Min: 0.1, Avg: 0.1, Max: 0.1, Diff: 0.0, Sum: 0.4]
      [Update RS (ms): Min: 0.0, Avg: 0.0, Max: 0.0, Diff: 0.0, Sum: 0.1]
         [Processed Buffers: Min: 0, Avg: 0.8, Max: 1, Diff: 1, Sum: 3]
      [Scan RS (ms): Min: 0.0, Avg: 0.0, Max: 0.0, Diff: 0.0, Sum: 0.0]
      [Code Root Scanning (ms): Min: 0.0, Avg: 0.0, Max: 0.0, Diff: 0.0, Sum: 0.0]
      [Object Copy (ms): Min: 0.0, Avg: 0.0, Max: 0.0, Diff: 0.0, Sum: 0.0]
      [Termination (ms): Min: 0.0, Avg: 0.0, Max: 0.1, Diff: 0.1, Sum: 0.2]
         [Termination Attempts: Min: 1, Avg: 1.8, Max: 3, Diff: 2, Sum: 7]
      [GC Worker Other (ms): Min: 0.0, Avg: 0.0, Max: 0.0, Diff: 0.0, Sum: 0.0]
      [GC Worker Total (ms): Min: 0.2, Avg: 0.2, Max: 0.2, Diff: 0.0, Sum: 0.7]
      [GC Worker End (ms): Min: 292.1, Avg: 292.1, Max: 292.2, Diff: 0.0]
   [Code Root Fixup: 0.0 ms]
   [Code Root Purge: 0.0 ms]
   [Clear CT: 0.0 ms]
   [Other: 0.3 ms]
      [Evacuation Failure: 0.0 ms]
      [Choose CSet: 0.0 ms]
      [Ref Proc: 0.2 ms]
      [Ref Enq: 0.0 ms]
      [Redirty Cards: 0.0 ms]
      [Humongous Register: 0.0 ms]
      [Humongous Reclaim: 0.0 ms]
      [Free CSet: 0.0 ms]
   [Eden: 1024.0K(6144.0K)->0.0B(6144.0K) Survivors: 0.0B->0.0B Heap: 98.5M(128.0M)->98.5M(128.0M)]
 [Times: user=0.00 sys=0.00, real=0.00 secs] 
2020-10-29T01:54:25.562-0800: [GC concurrent-root-region-scan-start]
2020-10-29T01:54:25.562-0800: [GC concurrent-root-region-scan-end, 0.0000391 secs]
2020-10-29T01:54:25.562-0800: [GC concurrent-mark-start]
2020-10-29T01:54:25.562-0800: [Full GC (Allocation Failure)  98M->97M(128M), 0.0028099 secs]
   [Eden: 0.0B(6144.0K)->0.0B(6144.0K) Survivors: 0.0B->0.0B Heap: 98.5M(128.0M)->97.7M(128.0M)], [Metaspace: 2714K->2714K(1056768K)]
 [Times: user=0.01 sys=0.00, real=0.00 secs] 
2020-10-29T01:54:25.564-0800: [Full GC (Allocation Failure)  97M->97M(128M), 0.0022857 secs]
   [Eden: 0.0B(6144.0K)->0.0B(6144.0K) Survivors: 0.0B->0.0B Heap: 97.7M(128.0M)->97.7M(128.0M)], [Metaspace: 2714K->2714K(1056768K)]
 [Times: user=0.00 sys=0.00, real=0.00 secs] 
2020-10-29T01:54:25.567-0800: [GC concurrent-mark-abort]
2020-10-29T01:54:25.567-0800: [GC pause (G1 Evacuation Pause) (young), 0.0005098 secs]
   [Parallel Time: 0.3 ms, GC Workers: 4]
      [GC Worker Start (ms): Min: 298.3, Avg: 298.3, Max: 298.3, Diff: 0.0]
      [Ext Root Scanning (ms): Min: 0.1, Avg: 0.1, Max: 0.1, Diff: 0.0, Sum: 0.5]
      [Update RS (ms): Min: 0.0, Avg: 0.0, Max: 0.1, Diff: 0.1, Sum: 0.1]
         [Processed Buffers: Min: 0, Avg: 0.8, Max: 1, Diff: 1, Sum: 3]
      [Scan RS (ms): Min: 0.0, Avg: 0.0, Max: 0.0, Diff: 0.0, Sum: 0.0]
      [Code Root Scanning (ms): Min: 0.0, Avg: 0.0, Max: 0.0, Diff: 0.0, Sum: 0.0]
      [Object Copy (ms): Min: 0.0, Avg: 0.0, Max: 0.0, Diff: 0.0, Sum: 0.0]
      [Termination (ms): Min: 0.0, Avg: 0.1, Max: 0.1, Diff: 0.1, Sum: 0.3]
         [Termination Attempts: Min: 1, Avg: 1.0, Max: 1, Diff: 0, Sum: 4]
      [GC Worker Other (ms): Min: 0.0, Avg: 0.0, Max: 0.0, Diff: 0.0, Sum: 0.0]
      [GC Worker Total (ms): Min: 0.2, Avg: 0.2, Max: 0.2, Diff: 0.1, Sum: 0.9]
      [GC Worker End (ms): Min: 298.5, Avg: 298.5, Max: 298.5, Diff: 0.1]
   [Code Root Fixup: 0.0 ms]
   [Code Root Purge: 0.0 ms]
   [Clear CT: 0.0 ms]
   [Other: 0.2 ms]
      [Choose CSet: 0.0 ms]
      [Ref Proc: 0.1 ms]
      [Ref Enq: 0.0 ms]
      [Redirty Cards: 0.0 ms]
      [Humongous Register: 0.0 ms]
      [Humongous Reclaim: 0.0 ms]
      [Free CSet: 0.0 ms]
   [Eden: 0.0B(6144.0K)->0.0B(6144.0K) Survivors: 0.0B->0.0B Heap: 97.7M(128.0M)->97.7M(128.0M)]
 [Times: user=0.00 sys=0.00, real=0.00 secs] 
2020-10-29T01:54:25.568-0800: [GC pause (G1 Evacuation Pause) (young) (initial-mark), 0.0004462 secs]
   [Parallel Time: 0.2 ms, GC Workers: 4]
      [GC Worker Start (ms): Min: 299.0, Avg: 299.0, Max: 299.0, Diff: 0.0]
      [Ext Root Scanning (ms): Min: 0.1, Avg: 0.1, Max: 0.1, Diff: 0.0, Sum: 0.4]
      [Update RS (ms): Min: 0.0, Avg: 0.0, Max: 0.1, Diff: 0.1, Sum: 0.1]
         [Processed Buffers: Min: 0, Avg: 0.5, Max: 1, Diff: 1, Sum: 2]
      [Scan RS (ms): Min: 0.0, Avg: 0.0, Max: 0.0, Diff: 0.0, Sum: 0.0]
      [Code Root Scanning (ms): Min: 0.0, Avg: 0.0, Max: 0.0, Diff: 0.0, Sum: 0.0]
      [Object Copy (ms): Min: 0.0, Avg: 0.0, Max: 0.0, Diff: 0.0, Sum: 0.0]
      [Termination (ms): Min: 0.0, Avg: 0.1, Max: 0.1, Diff: 0.1, Sum: 0.3]
         [Termination Attempts: Min: 1, Avg: 1.0, Max: 1, Diff: 0, Sum: 4]
      [GC Worker Other (ms): Min: 0.0, Avg: 0.0, Max: 0.0, Diff: 0.0, Sum: 0.0]
      [GC Worker Total (ms): Min: 0.2, Avg: 0.2, Max: 0.2, Diff: 0.1, Sum: 0.8]
      [GC Worker End (ms): Min: 299.1, Avg: 299.2, Max: 299.2, Diff: 0.0]
   [Code Root Fixup: 0.0 ms]
   [Code Root Purge: 0.0 ms]
   [Clear CT: 0.0 ms]
   [Other: 0.2 ms]
      [Choose CSet: 0.0 ms]
      [Ref Proc: 0.1 ms]
      [Ref Enq: 0.0 ms]
      [Redirty Cards: 0.0 ms]
      [Humongous Register: 0.0 ms]
      [Humongous Reclaim: 0.0 ms]
      [Free CSet: 0.0 ms]
   [Eden: 0.0B(6144.0K)->0.0B(6144.0K) Survivors: 0.0B->0.0B Heap: 97.7M(128.0M)->97.7M(128.0M)]
 [Times: user=0.00 sys=0.00, real=0.00 secs] 
2020-10-29T01:54:25.568-0800: [GC concurrent-root-region-scan-start]
2020-10-29T01:54:25.568-0800: [GC concurrent-root-region-scan-end, 0.0000258 secs]
2020-10-29T01:54:25.568-0800: [GC concurrent-mark-start]
2020-10-29T01:54:25.568-0800: [Full GC (Allocation Failure)  97M->275K(128M), 0.0020761 secs]
   [Eden: 0.0B(6144.0K)->0.0B(76.0M) Survivors: 0.0B->0.0B Heap: 97.7M(128.0M)->275.4K(128.0M)], [Metaspace: 2714K->2714K(1056768K)]
 [Times: user=0.00 sys=0.00, real=0.01 secs] 
2020-10-29T01:54:25.571-0800: [GC concurrent-mark-abort]
Exception in thread "main" java.lang.OutOfMemoryError: Java heap space
	at GCLogAnalysis.generateGarbage(GCLogAnalysis.java:42)
	at GCLogAnalysis.main(GCLogAnalysis.java:25)
Heap
 garbage-first heap   total 131072K, used 275K [0x00000007b8000000, 0x00000007b8100400, 0x00000007c0000000)
  region size 1024K, 1 young (1024K), 0 survivors (0K)
 Metaspace       used 2744K, capacity 4486K, committed 4864K, reserved 1056768K
  class space    used 300K, capacity 386K, committed 512K, reserved 1048576K

-------------------------------------------------------------------

GC_Algorithm_Parameter:+UseG1GC; Heap_size: 512m

正在执行...
2020-10-29T01:54:25.727-0800: [GC pause (G1 Evacuation Pause) (young), 0.0051135 secs]
   [Parallel Time: 4.1 ms, GC Workers: 4]
      [GC Worker Start (ms): Min: 121.5, Avg: 121.7, Max: 122.3, Diff: 0.8]
      [Ext Root Scanning (ms): Min: 0.0, Avg: 0.2, Max: 0.3, Diff: 0.3, Sum: 0.8]
      [Update RS (ms): Min: 0.0, Avg: 0.0, Max: 0.0, Diff: 0.0, Sum: 0.0]
         [Processed Buffers: Min: 0, Avg: 0.0, Max: 0, Diff: 0, Sum: 0]
      [Scan RS (ms): Min: 0.0, Avg: 0.0, Max: 0.0, Diff: 0.0, Sum: 0.0]
      [Code Root Scanning (ms): Min: 0.0, Avg: 0.0, Max: 0.0, Diff: 0.0, Sum: 0.0]
      [Object Copy (ms): Min: 2.9, Avg: 3.0, Max: 3.1, Diff: 0.3, Sum: 12.1]
      [Termination (ms): Min: 0.0, Avg: 0.5, Max: 0.8, Diff: 0.8, Sum: 2.0]
         [Termination Attempts: Min: 1, Avg: 1.0, Max: 1, Diff: 0, Sum: 4]
      [GC Worker Other (ms): Min: 0.0, Avg: 0.0, Max: 0.0, Diff: 0.0, Sum: 0.1]
      [GC Worker Total (ms): Min: 3.1, Avg: 3.7, Max: 4.0, Diff: 1.0, Sum: 15.0]
      [GC Worker End (ms): Min: 125.4, Avg: 125.5, Max: 125.6, Diff: 0.2]
   [Code Root Fixup: 0.0 ms]
   [Code Root Purge: 0.0 ms]
   [Clear CT: 0.0 ms]
   [Other: 1.0 ms]
      [Choose CSet: 0.0 ms]
      [Ref Proc: 0.7 ms]
      [Ref Enq: 0.0 ms]
      [Redirty Cards: 0.0 ms]
      [Humongous Register: 0.0 ms]
      [Humongous Reclaim: 0.0 ms]
      [Free CSet: 0.0 ms]
   [Eden: 25.0M(25.0M)->0.0B(21.0M) Survivors: 0.0B->4096.0K Heap: 28.8M(512.0M)->12.7M(512.0M)]
 [Times: user=0.01 sys=0.01, real=0.01 secs] 
2020-10-29T01:54:25.746-0800: [GC pause (G1 Evacuation Pause) (young), 0.0029048 secs]
   [Parallel Time: 2.6 ms, GC Workers: 4]
      [GC Worker Start (ms): Min: 140.4, Avg: 140.4, Max: 140.5, Diff: 0.0]
      [Ext Root Scanning (ms): Min: 0.1, Avg: 0.1, Max: 0.2, Diff: 0.1, Sum: 0.6]
      [Update RS (ms): Min: 0.0, Avg: 0.0, Max: 0.0, Diff: 0.0, Sum: 0.0]
         [Processed Buffers: Min: 0, Avg: 0.8, Max: 2, Diff: 2, Sum: 3]
      [Scan RS (ms): Min: 0.0, Avg: 0.0, Max: 0.0, Diff: 0.0, Sum: 0.0]
      [Code Root Scanning (ms): Min: 0.0, Avg: 0.0, Max: 0.0, Diff: 0.0, Sum: 0.0]
      [Object Copy (ms): Min: 1.7, Avg: 1.8, Max: 2.1, Diff: 0.4, Sum: 7.3]
      [Termination (ms): Min: 0.0, Avg: 0.4, Max: 0.6, Diff: 0.6, Sum: 1.6]
         [Termination Attempts: Min: 1, Avg: 1.0, Max: 1, Diff: 0, Sum: 4]
      [GC Worker Other (ms): Min: 0.0, Avg: 0.0, Max: 0.0, Diff: 0.0, Sum: 0.0]
      [GC Worker Total (ms): Min: 2.3, Avg: 2.4, Max: 2.5, Diff: 0.2, Sum: 9.6]
      [GC Worker End (ms): Min: 142.8, Avg: 142.8, Max: 142.9, Diff: 0.2]
   [Code Root Fixup: 0.0 ms]
   [Code Root Purge: 0.0 ms]
   [Clear CT: 0.0 ms]
   [Other: 0.3 ms]
      [Choose CSet: 0.0 ms]
      [Ref Proc: 0.1 ms]
      [Ref Enq: 0.0 ms]
      [Redirty Cards: 0.0 ms]
      [Humongous Register: 0.0 ms]
      [Humongous Reclaim: 0.0 ms]
      [Free CSet: 0.0 ms]
   [Eden: 21.0M(21.0M)->0.0B(21.0M) Survivors: 4096.0K->4096.0K Heap: 38.7M(512.0M)->21.8M(512.0M)]
 [Times: user=0.01 sys=0.00, real=0.00 secs] 
2020-10-29T01:54:25.761-0800: [GC pause (G1 Evacuation Pause) (young), 0.0045171 secs]
   [Parallel Time: 3.4 ms, GC Workers: 4]
      [GC Worker Start (ms): Min: 155.4, Avg: 155.4, Max: 155.4, Diff: 0.0]
      [Ext Root Scanning (ms): Min: 0.1, Avg: 0.1, Max: 0.1, Diff: 0.0, Sum: 0.5]
      [Update RS (ms): Min: 0.0, Avg: 0.1, Max: 0.3, Diff: 0.3, Sum: 0.5]
         [Processed Buffers: Min: 1, Avg: 1.5, Max: 2, Diff: 1, Sum: 6]
      [Scan RS (ms): Min: 0.0, Avg: 0.0, Max: 0.0, Diff: 0.0, Sum: 0.0]
      [Code Root Scanning (ms): Min: 0.0, Avg: 0.0, Max: 0.0, Diff: 0.0, Sum: 0.0]
      [Object Copy (ms): Min: 2.3, Avg: 2.5, Max: 3.0, Diff: 0.7, Sum: 10.1]
      [Termination (ms): Min: 0.0, Avg: 0.5, Max: 0.8, Diff: 0.8, Sum: 2.0]
         [Termination Attempts: Min: 1, Avg: 1.0, Max: 1, Diff: 0, Sum: 4]
      [GC Worker Other (ms): Min: 0.0, Avg: 0.0, Max: 0.0, Diff: 0.0, Sum: 0.0]
      [GC Worker Total (ms): Min: 3.2, Avg: 3.3, Max: 3.4, Diff: 0.2, Sum: 13.1]
      [GC Worker End (ms): Min: 158.6, Avg: 158.7, Max: 158.8, Diff: 0.1]
   [Code Root Fixup: 0.0 ms]
   [Code Root Purge: 0.0 ms]
   [Clear CT: 0.0 ms]
   [Other: 1.0 ms]
      [Choose CSet: 0.0 ms]
      [Ref Proc: 0.1 ms]
      [Ref Enq: 0.0 ms]
      [Redirty Cards: 0.7 ms]
      [Humongous Register: 0.0 ms]
      [Humongous Reclaim: 0.1 ms]
      [Free CSet: 0.0 ms]
   [Eden: 21.0M(21.0M)->0.0B(37.0M) Survivors: 4096.0K->4096.0K Heap: 53.3M(512.0M)->32.9M(512.0M)]
 [Times: user=0.01 sys=0.00, real=0.00 secs] 
2020-10-29T01:54:25.786-0800: [GC pause (G1 Evacuation Pause) (young), 0.0052720 secs]
   [Parallel Time: 4.9 ms, GC Workers: 4]
      [GC Worker Start (ms): Min: 180.1, Avg: 180.1, Max: 180.2, Diff: 0.1]
      [Ext Root Scanning (ms): Min: 0.1, Avg: 0.1, Max: 0.1, Diff: 0.1, Sum: 0.5]
      [Update RS (ms): Min: 0.1, Avg: 0.1, Max: 0.1, Diff: 0.0, Sum: 0.5]
         [Processed Buffers: Min: 2, Avg: 2.5, Max: 3, Diff: 1, Sum: 10]
      [Scan RS (ms): Min: 0.0, Avg: 0.0, Max: 0.0, Diff: 0.0, Sum: 0.0]
      [Code Root Scanning (ms): Min: 0.0, Avg: 0.0, Max: 0.0, Diff: 0.0, Sum: 0.0]
      [Object Copy (ms): Min: 4.0, Avg: 4.2, Max: 4.6, Diff: 0.6, Sum: 16.6]
      [Termination (ms): Min: 0.0, Avg: 0.5, Max: 0.6, Diff: 0.6, Sum: 1.8]
         [Termination Attempts: Min: 1, Avg: 1.0, Max: 1, Diff: 0, Sum: 4]
      [GC Worker Other (ms): Min: 0.0, Avg: 0.0, Max: 0.0, Diff: 0.0, Sum: 0.0]
      [GC Worker Total (ms): Min: 4.8, Avg: 4.9, Max: 4.9, Diff: 0.1, Sum: 19.5]
      [GC Worker End (ms): Min: 185.0, Avg: 185.0, Max: 185.0, Diff: 0.0]
   [Code Root Fixup: 0.0 ms]
   [Code Root Purge: 0.0 ms]
   [Clear CT: 0.1 ms]
   [Other: 0.3 ms]
      [Choose CSet: 0.0 ms]
      [Ref Proc: 0.1 ms]
      [Ref Enq: 0.0 ms]
      [Redirty Cards: 0.0 ms]
      [Humongous Register: 0.0 ms]
      [Humongous Reclaim: 0.0 ms]
      [Free CSet: 0.0 ms]
   [Eden: 37.0M(37.0M)->0.0B(46.0M) Survivors: 4096.0K->6144.0K Heap: 81.8M(512.0M)->50.2M(512.0M)]
 [Times: user=0.00 sys=0.00, real=0.01 secs] 
2020-10-29T01:54:25.809-0800: [GC pause (G1 Evacuation Pause) (young), 0.0120052 secs]
   [Parallel Time: 11.4 ms, GC Workers: 4]
      [GC Worker Start (ms): Min: 203.3, Avg: 203.4, Max: 203.7, Diff: 0.4]
      [Ext Root Scanning (ms): Min: 0.0, Avg: 0.1, Max: 0.2, Diff: 0.2, Sum: 0.4]
      [Update RS (ms): Min: 0.6, Avg: 0.9, Max: 1.2, Diff: 0.6, Sum: 3.5]
         [Processed Buffers: Min: 4, Avg: 9.8, Max: 14, Diff: 10, Sum: 39]
      [Scan RS (ms): Min: 0.0, Avg: 0.0, Max: 0.0, Diff: 0.0, Sum: 0.0]
      [Code Root Scanning (ms): Min: 0.0, Avg: 0.0, Max: 0.0, Diff: 0.0, Sum: 0.0]
      [Object Copy (ms): Min: 8.7, Avg: 9.0, Max: 9.3, Diff: 0.6, Sum: 36.1]
      [Termination (ms): Min: 0.0, Avg: 0.4, Max: 0.8, Diff: 0.8, Sum: 1.5]
         [Termination Attempts: Min: 1, Avg: 1.0, Max: 1, Diff: 0, Sum: 4]
      [GC Worker Other (ms): Min: 0.0, Avg: 0.0, Max: 0.0, Diff: 0.0, Sum: 0.0]
      [GC Worker Total (ms): Min: 10.1, Avg: 10.4, Max: 10.6, Diff: 0.5, Sum: 41.6]
      [GC Worker End (ms): Min: 213.7, Avg: 213.8, Max: 213.9, Diff: 0.2]
   [Code Root Fixup: 0.0 ms]
   [Code Root Purge: 0.0 ms]
   [Clear CT: 0.0 ms]
   [Other: 0.6 ms]
      [Choose CSet: 0.0 ms]
      [Ref Proc: 0.3 ms]
      [Ref Enq: 0.0 ms]
      [Redirty Cards: 0.0 ms]
      [Humongous Register: 0.0 ms]
      [Humongous Reclaim: 0.0 ms]
      [Free CSet: 0.0 ms]
   [Eden: 46.0M(46.0M)->0.0B(63.0M) Survivors: 6144.0K->7168.0K Heap: 106.5M(512.0M)->69.5M(512.0M)]
 [Times: user=0.01 sys=0.01, real=0.02 secs] 
2020-10-29T01:54:25.843-0800: [GC pause (G1 Evacuation Pause) (young), 0.0101674 secs]
   [Parallel Time: 9.2 ms, GC Workers: 4]
      [GC Worker Start (ms): Min: 237.2, Avg: 237.3, Max: 237.6, Diff: 0.4]
      [Ext Root Scanning (ms): Min: 0.0, Avg: 0.1, Max: 0.2, Diff: 0.1, Sum: 0.4]
      [Update RS (ms): Min: 0.0, Avg: 0.2, Max: 0.2, Diff: 0.2, Sum: 0.6]
         [Processed Buffers: Min: 0, Avg: 2.5, Max: 5, Diff: 5, Sum: 10]
      [Scan RS (ms): Min: 0.0, Avg: 0.0, Max: 0.0, Diff: 0.0, Sum: 0.1]
      [Code Root Scanning (ms): Min: 0.0, Avg: 0.0, Max: 0.0, Diff: 0.0, Sum: 0.0]
      [Object Copy (ms): Min: 8.0, Avg: 8.2, Max: 8.6, Diff: 0.6, Sum: 32.8]
      [Termination (ms): Min: 0.0, Avg: 0.5, Max: 0.7, Diff: 0.7, Sum: 1.9]
         [Termination Attempts: Min: 1, Avg: 1.0, Max: 1, Diff: 0, Sum: 4]
      [GC Worker Other (ms): Min: 0.0, Avg: 0.0, Max: 0.0, Diff: 0.0, Sum: 0.0]
      [GC Worker Total (ms): Min: 8.6, Avg: 9.0, Max: 9.2, Diff: 0.5, Sum: 35.9]
      [GC Worker End (ms): Min: 246.2, Avg: 246.3, Max: 246.3, Diff: 0.1]
   [Code Root Fixup: 0.0 ms]
   [Code Root Purge: 0.0 ms]
   [Clear CT: 0.0 ms]
   [Other: 0.9 ms]
      [Choose CSet: 0.0 ms]
      [Ref Proc: 0.7 ms]
      [Ref Enq: 0.0 ms]
      [Redirty Cards: 0.0 ms]
      [Humongous Register: 0.0 ms]
      [Humongous Reclaim: 0.0 ms]
      [Free CSet: 0.0 ms]
   [Eden: 63.0M(63.0M)->0.0B(72.0M) Survivors: 7168.0K->9216.0K Heap: 149.0M(512.0M)->98.9M(512.0M)]
 [Times: user=0.01 sys=0.02, real=0.01 secs] 
2020-10-29T01:54:25.877-0800: [GC pause (G1 Evacuation Pause) (young), 0.0125906 secs]
   [Parallel Time: 11.6 ms, GC Workers: 4]
      [GC Worker Start (ms): Min: 271.2, Avg: 271.3, Max: 271.6, Diff: 0.5]
      [Ext Root Scanning (ms): Min: 0.0, Avg: 0.1, Max: 0.1, Diff: 0.1, Sum: 0.4]
      [Update RS (ms): Min: 0.0, Avg: 0.2, Max: 0.3, Diff: 0.3, Sum: 0.7]
         [Processed Buffers: Min: 0, Avg: 2.8, Max: 4, Diff: 4, Sum: 11]
      [Scan RS (ms): Min: 0.0, Avg: 0.0, Max: 0.0, Diff: 0.0, Sum: 0.1]
      [Code Root Scanning (ms): Min: 0.0, Avg: 0.0, Max: 0.0, Diff: 0.0, Sum: 0.0]
      [Object Copy (ms): Min: 10.2, Avg: 10.4, Max: 11.1, Diff: 1.0, Sum: 41.6]
      [Termination (ms): Min: 0.0, Avg: 0.7, Max: 0.9, Diff: 0.9, Sum: 2.7]
         [Termination Attempts: Min: 1, Avg: 1.0, Max: 1, Diff: 0, Sum: 4]
      [GC Worker Other (ms): Min: 0.0, Avg: 0.0, Max: 0.0, Diff: 0.0, Sum: 0.0]
      [GC Worker Total (ms): Min: 11.0, Avg: 11.4, Max: 11.5, Diff: 0.5, Sum: 45.5]
      [GC Worker End (ms): Min: 282.7, Avg: 282.7, Max: 282.7, Diff: 0.0]
   [Code Root Fixup: 0.0 ms]
   [Code Root Purge: 0.0 ms]
   [Clear CT: 0.1 ms]
   [Other: 0.9 ms]
      [Choose CSet: 0.0 ms]
      [Ref Proc: 0.7 ms]
      [Ref Enq: 0.0 ms]
      [Redirty Cards: 0.1 ms]
      [Humongous Register: 0.0 ms]
      [Humongous Reclaim: 0.0 ms]
      [Free CSet: 0.0 ms]
   [Eden: 72.0M(72.0M)->0.0B(87.0M) Survivors: 9216.0K->11.0M Heap: 187.7M(512.0M)->130.9M(512.0M)]
 [Times: user=0.01 sys=0.02, real=0.02 secs] 
2020-10-29T01:54:25.922-0800: [GC pause (G1 Evacuation Pause) (young), 0.0147312 secs]
   [Parallel Time: 14.2 ms, GC Workers: 4]
      [GC Worker Start (ms): Min: 316.6, Avg: 316.7, Max: 317.1, Diff: 0.6]
      [Ext Root Scanning (ms): Min: 0.0, Avg: 0.1, Max: 0.2, Diff: 0.1, Sum: 0.4]
      [Update RS (ms): Min: 0.0, Avg: 0.2, Max: 0.3, Diff: 0.3, Sum: 0.8]
         [Processed Buffers: Min: 0, Avg: 3.0, Max: 6, Diff: 6, Sum: 12]
      [Scan RS (ms): Min: 0.0, Avg: 0.0, Max: 0.0, Diff: 0.0, Sum: 0.0]
      [Code Root Scanning (ms): Min: 0.0, Avg: 0.0, Max: 0.0, Diff: 0.0, Sum: 0.0]
      [Object Copy (ms): Min: 12.1, Avg: 12.8, Max: 13.3, Diff: 1.2, Sum: 51.1]
      [Termination (ms): Min: 0.0, Avg: 0.7, Max: 1.6, Diff: 1.6, Sum: 3.0]
         [Termination Attempts: Min: 1, Avg: 1.0, Max: 1, Diff: 0, Sum: 4]
      [GC Worker Other (ms): Min: 0.0, Avg: 0.0, Max: 0.0, Diff: 0.0, Sum: 0.0]
      [GC Worker Total (ms): Min: 13.3, Avg: 13.9, Max: 14.2, Diff: 0.8, Sum: 55.5]
      [GC Worker End (ms): Min: 330.4, Avg: 330.6, Max: 330.7, Diff: 0.3]
   [Code Root Fixup: 0.0 ms]
   [Code Root Purge: 0.0 ms]
   [Clear CT: 0.0 ms]
   [Other: 0.4 ms]
      [Choose CSet: 0.0 ms]
      [Ref Proc: 0.2 ms]
      [Ref Enq: 0.0 ms]
      [Redirty Cards: 0.0 ms]
      [Humongous Register: 0.0 ms]
      [Humongous Reclaim: 0.1 ms]
      [Free CSet: 0.0 ms]
   [Eden: 87.0M(87.0M)->0.0B(182.0M) Survivors: 11.0M->13.0M Heap: 241.3M(512.0M)->161.3M(512.0M)]
 [Times: user=0.02 sys=0.02, real=0.01 secs] 
2020-10-29T01:54:26.004-0800: [GC pause (G1 Humongous Allocation) (young) (initial-mark), 0.0221657 secs]
   [Parallel Time: 21.0 ms, GC Workers: 4]
      [GC Worker Start (ms): Min: 398.3, Avg: 398.3, Max: 398.4, Diff: 0.2]
      [Ext Root Scanning (ms): Min: 0.0, Avg: 0.2, Max: 0.6, Diff: 0.6, Sum: 1.0]
      [Update RS (ms): Min: 0.0, Avg: 0.2, Max: 0.3, Diff: 0.3, Sum: 1.0]
         [Processed Buffers: Min: 0, Avg: 3.0, Max: 5, Diff: 5, Sum: 12]
      [Scan RS (ms): Min: 0.0, Avg: 0.0, Max: 0.0, Diff: 0.0, Sum: 0.1]
      [Code Root Scanning (ms): Min: 0.0, Avg: 0.0, Max: 0.0, Diff: 0.0, Sum: 0.0]
      [Object Copy (ms): Min: 19.7, Avg: 19.9, Max: 20.2, Diff: 0.5, Sum: 79.4]
      [Termination (ms): Min: 0.0, Avg: 0.5, Max: 0.7, Diff: 0.7, Sum: 1.9]
         [Termination Attempts: Min: 1, Avg: 1.2, Max: 2, Diff: 1, Sum: 5]
      [GC Worker Other (ms): Min: 0.0, Avg: 0.0, Max: 0.0, Diff: 0.0, Sum: 0.0]
      [GC Worker Total (ms): Min: 20.7, Avg: 20.9, Max: 21.0, Diff: 0.2, Sum: 83.4]
      [GC Worker End (ms): Min: 419.2, Avg: 419.2, Max: 419.2, Diff: 0.1]
   [Code Root Fixup: 0.0 ms]
   [Code Root Purge: 0.0 ms]
   [Clear CT: 0.1 ms]
   [Other: 1.1 ms]
      [Choose CSet: 0.0 ms]
      [Ref Proc: 0.8 ms]
      [Ref Enq: 0.0 ms]
      [Redirty Cards: 0.0 ms]
      [Humongous Register: 0.0 ms]
      [Humongous Reclaim: 0.1 ms]
      [Free CSet: 0.0 ms]
   [Eden: 157.0M(182.0M)->0.0B(126.0M) Survivors: 13.0M->25.0M Heap: 354.4M(512.0M)->210.4M(512.0M)]
 [Times: user=0.03 sys=0.03, real=0.02 secs] 
2020-10-29T01:54:26.026-0800: [GC concurrent-root-region-scan-start]
2020-10-29T01:54:26.027-0800: [GC concurrent-root-region-scan-end, 0.0001678 secs]
2020-10-29T01:54:26.027-0800: [GC concurrent-mark-start]
2020-10-29T01:54:26.029-0800: [GC concurrent-mark-end, 0.0024401 secs]
2020-10-29T01:54:26.029-0800: [GC remark 2020-10-29T01:54:26.029-0800: [Finalize Marking, 0.0007156 secs] 2020-10-29T01:54:26.030-0800: [GC ref-proc, 0.0000457 secs] 2020-10-29T01:54:26.030-0800: [Unloading, 0.0005781 secs], 0.0022201 secs]
 [Times: user=0.01 sys=0.00, real=0.01 secs] 
2020-10-29T01:54:26.032-0800: [GC cleanup 225M->225M(512M), 0.0011602 secs]
 [Times: user=0.00 sys=0.00, real=0.00 secs] 
2020-10-29T01:54:26.069-0800: [GC pause (G1 Evacuation Pause) (young), 0.0177066 secs]
   [Parallel Time: 16.9 ms, GC Workers: 4]
      [GC Worker Start (ms): Min: 463.2, Avg: 463.6, Max: 464.7, Diff: 1.5]
      [Ext Root Scanning (ms): Min: 0.0, Avg: 0.1, Max: 0.2, Diff: 0.2, Sum: 0.4]
      [Update RS (ms): Min: 0.0, Avg: 0.5, Max: 1.1, Diff: 1.1, Sum: 2.0]
         [Processed Buffers: Min: 0, Avg: 3.2, Max: 5, Diff: 5, Sum: 13]
      [Scan RS (ms): Min: 0.0, Avg: 0.0, Max: 0.1, Diff: 0.1, Sum: 0.1]
      [Code Root Scanning (ms): Min: 0.0, Avg: 0.0, Max: 0.0, Diff: 0.0, Sum: 0.0]
      [Object Copy (ms): Min: 14.8, Avg: 15.1, Max: 15.3, Diff: 0.6, Sum: 60.3]
      [Termination (ms): Min: 0.0, Avg: 0.6, Max: 0.9, Diff: 0.9, Sum: 2.3]
         [Termination Attempts: Min: 1, Avg: 1.0, Max: 1, Diff: 0, Sum: 4]
      [GC Worker Other (ms): Min: 0.0, Avg: 0.0, Max: 0.0, Diff: 0.0, Sum: 0.1]
      [GC Worker Total (ms): Min: 15.1, Avg: 16.3, Max: 16.8, Diff: 1.7, Sum: 65.3]
      [GC Worker End (ms): Min: 479.8, Avg: 479.9, Max: 480.0, Diff: 0.2]
   [Code Root Fixup: 0.0 ms]
   [Code Root Purge: 0.0 ms]
   [Clear CT: 0.0 ms]
   [Other: 0.8 ms]
      [Choose CSet: 0.0 ms]
      [Ref Proc: 0.5 ms]
      [Ref Enq: 0.0 ms]
      [Redirty Cards: 0.0 ms]
      [Humongous Register: 0.1 ms]
      [Humongous Reclaim: 0.1 ms]
      [Free CSet: 0.0 ms]
   [Eden: 126.0M(126.0M)->0.0B(6144.0K) Survivors: 25.0M->19.0M Heap: 375.1M(512.0M)->248.9M(512.0M)]
 [Times: user=0.02 sys=0.02, real=0.02 secs] 
2020-10-29T01:54:26.089-0800: [GC pause (G1 Evacuation Pause) (mixed), 0.0044440 secs]
   [Parallel Time: 3.5 ms, GC Workers: 4]
      [GC Worker Start (ms): Min: 482.9, Avg: 482.9, Max: 482.9, Diff: 0.0]
      [Ext Root Scanning (ms): Min: 0.1, Avg: 0.1, Max: 0.1, Diff: 0.0, Sum: 0.5]
      [Update RS (ms): Min: 0.4, Avg: 0.4, Max: 0.5, Diff: 0.0, Sum: 1.7]
         [Processed Buffers: Min: 4, Avg: 5.8, Max: 7, Diff: 3, Sum: 23]
      [Scan RS (ms): Min: 0.0, Avg: 0.0, Max: 0.0, Diff: 0.0, Sum: 0.1]
      [Code Root Scanning (ms): Min: 0.0, Avg: 0.0, Max: 0.0, Diff: 0.0, Sum: 0.0]
      [Object Copy (ms): Min: 2.7, Avg: 2.7, Max: 2.8, Diff: 0.2, Sum: 10.8]
      [Termination (ms): Min: 0.0, Avg: 0.2, Max: 0.2, Diff: 0.2, Sum: 0.6]
         [Termination Attempts: Min: 1, Avg: 1.0, Max: 1, Diff: 0, Sum: 4]
      [GC Worker Other (ms): Min: 0.0, Avg: 0.0, Max: 0.0, Diff: 0.0, Sum: 0.0]
      [GC Worker Total (ms): Min: 3.4, Avg: 3.4, Max: 3.5, Diff: 0.1, Sum: 13.8]
      [GC Worker End (ms): Min: 486.3, Avg: 486.3, Max: 486.4, Diff: 0.1]
   [Code Root Fixup: 0.0 ms]
   [Code Root Purge: 0.0 ms]
   [Clear CT: 0.1 ms]
   [Other: 0.9 ms]
      [Choose CSet: 0.0 ms]
      [Ref Proc: 0.7 ms]
      [Ref Enq: 0.0 ms]
      [Redirty Cards: 0.0 ms]
      [Humongous Register: 0.0 ms]
      [Humongous Reclaim: 0.0 ms]
      [Free CSet: 0.0 ms]
   [Eden: 6144.0K(6144.0K)->0.0B(138.0M) Survivors: 19.0M->1024.0K Heap: 258.7M(512.0M)->236.4M(512.0M)]
 [Times: user=0.01 sys=0.00, real=0.01 secs] 
2020-10-29T01:54:26.094-0800: [GC pause (G1 Humongous Allocation) (young) (initial-mark), 0.0005716 secs]
   [Parallel Time: 0.3 ms, GC Workers: 4]
      [GC Worker Start (ms): Min: 487.7, Avg: 487.8, Max: 487.8, Diff: 0.0]
      [Ext Root Scanning (ms): Min: 0.1, Avg: 0.1, Max: 0.1, Diff: 0.0, Sum: 0.5]
      [Update RS (ms): Min: 0.0, Avg: 0.1, Max: 0.1, Diff: 0.0, Sum: 0.2]
         [Processed Buffers: Min: 1, Avg: 1.2, Max: 2, Diff: 1, Sum: 5]
      [Scan RS (ms): Min: 0.0, Avg: 0.0, Max: 0.0, Diff: 0.0, Sum: 0.0]
      [Code Root Scanning (ms): Min: 0.0, Avg: 0.0, Max: 0.0, Diff: 0.0, Sum: 0.0]
      [Object Copy (ms): Min: 0.0, Avg: 0.0, Max: 0.1, Diff: 0.1, Sum: 0.2]
      [Termination (ms): Min: 0.0, Avg: 0.0, Max: 0.0, Diff: 0.0, Sum: 0.0]
         [Termination Attempts: Min: 1, Avg: 1.0, Max: 1, Diff: 0, Sum: 4]
      [GC Worker Other (ms): Min: 0.0, Avg: 0.0, Max: 0.0, Diff: 0.0, Sum: 0.0]
      [GC Worker Total (ms): Min: 0.2, Avg: 0.2, Max: 0.3, Diff: 0.0, Sum: 1.0]
      [GC Worker End (ms): Min: 488.0, Avg: 488.0, Max: 488.0, Diff: 0.0]
   [Code Root Fixup: 0.0 ms]
   [Code Root Purge: 0.0 ms]
   [Clear CT: 0.0 ms]
   [Other: 0.3 ms]
      [Choose CSet: 0.0 ms]
      [Ref Proc: 0.1 ms]
      [Ref Enq: 0.0 ms]
      [Redirty Cards: 0.0 ms]
      [Humongous Register: 0.0 ms]
      [Humongous Reclaim: 0.0 ms]
      [Free CSet: 0.0 ms]
   [Eden: 1024.0K(138.0M)->0.0B(152.0M) Survivors: 1024.0K->1024.0K Heap: 236.7M(512.0M)->236.4M(512.0M)]
 [Times: user=0.00 sys=0.00, real=0.00 secs] 
2020-10-29T01:54:26.094-0800: [GC concurrent-root-region-scan-start]
2020-10-29T01:54:26.095-0800: [GC concurrent-root-region-scan-end, 0.0001055 secs]
2020-10-29T01:54:26.095-0800: [GC concurrent-mark-start]
2020-10-29T01:54:26.096-0800: [GC concurrent-mark-end, 0.0018709 secs]
2020-10-29T01:54:26.097-0800: [GC remark 2020-10-29T01:54:26.097-0800: [Finalize Marking, 0.0000787 secs] 2020-10-29T01:54:26.097-0800: [GC ref-proc, 0.0000441 secs] 2020-10-29T01:54:26.097-0800: [Unloading, 0.0004418 secs], 0.0014621 secs]
 [Times: user=0.01 sys=0.00, real=0.00 secs] 
2020-10-29T01:54:26.098-0800: [GC cleanup 246M->245M(512M), 0.0005143 secs]
 [Times: user=0.00 sys=0.00, real=0.00 secs] 
2020-10-29T01:54:26.099-0800: [GC concurrent-cleanup-start]
2020-10-29T01:54:26.099-0800: [GC concurrent-cleanup-end, 0.0000351 secs]
2020-10-29T01:54:26.135-0800: [GC pause (G1 Evacuation Pause) (young) (to-space exhausted), 0.0048184 secs]
   [Parallel Time: 3.8 ms, GC Workers: 4]
      [GC Worker Start (ms): Min: 529.2, Avg: 529.2, Max: 529.3, Diff: 0.0]
      [Ext Root Scanning (ms): Min: 0.1, Avg: 0.1, Max: 0.1, Diff: 0.0, Sum: 0.5]
      [Update RS (ms): Min: 0.4, Avg: 0.5, Max: 0.5, Diff: 0.0, Sum: 1.9]
         [Processed Buffers: Min: 3, Avg: 5.8, Max: 7, Diff: 4, Sum: 23]
      [Scan RS (ms): Min: 0.0, Avg: 0.0, Max: 0.0, Diff: 0.0, Sum: 0.1]
      [Code Root Scanning (ms): Min: 0.0, Avg: 0.0, Max: 0.0, Diff: 0.0, Sum: 0.0]
      [Object Copy (ms): Min: 3.1, Avg: 3.1, Max: 3.1, Diff: 0.0, Sum: 12.4]
      [Termination (ms): Min: 0.0, Avg: 0.0, Max: 0.0, Diff: 0.0, Sum: 0.0]
         [Termination Attempts: Min: 1, Avg: 1.0, Max: 1, Diff: 0, Sum: 4]
      [GC Worker Other (ms): Min: 0.0, Avg: 0.0, Max: 0.0, Diff: 0.0, Sum: 0.1]
      [GC Worker Total (ms): Min: 3.7, Avg: 3.7, Max: 3.8, Diff: 0.0, Sum: 14.9]
      [GC Worker End (ms): Min: 533.0, Avg: 533.0, Max: 533.0, Diff: 0.0]
   [Code Root Fixup: 0.0 ms]
   [Code Root Purge: 0.0 ms]
   [Clear CT: 0.1 ms]
   [Other: 1.0 ms]
      [Evacuation Failure: 0.2 ms]
      [Choose CSet: 0.0 ms]
      [Ref Proc: 0.5 ms]
      [Ref Enq: 0.0 ms]
      [Redirty Cards: 0.0 ms]
      [Humongous Register: 0.1 ms]
      [Humongous Reclaim: 0.0 ms]
      [Free CSet: 0.0 ms]
   [Eden: 152.0M(152.0M)->0.0B(5120.0K) Survivors: 1024.0K->20.0M Heap: 425.1M(512.0M)->346.9M(512.0M)]
 [Times: user=0.01 sys=0.00, real=0.01 secs] 
2020-10-29T01:54:26.141-0800: [GC pause (G1 Evacuation Pause) (mixed), 0.0040574 secs]
   [Parallel Time: 3.7 ms, GC Workers: 4]
      [GC Worker Start (ms): Min: 535.0, Avg: 535.1, Max: 535.1, Diff: 0.0]
      [Ext Root Scanning (ms): Min: 0.1, Avg: 0.1, Max: 0.1, Diff: 0.0, Sum: 0.5]
      [Update RS (ms): Min: 0.1, Avg: 0.1, Max: 0.1, Diff: 0.0, Sum: 0.2]
         [Processed Buffers: Min: 1, Avg: 1.5, Max: 2, Diff: 1, Sum: 6]
      [Scan RS (ms): Min: 0.0, Avg: 0.0, Max: 0.0, Diff: 0.0, Sum: 0.1]
      [Code Root Scanning (ms): Min: 0.0, Avg: 0.0, Max: 0.0, Diff: 0.0, Sum: 0.0]
      [Object Copy (ms): Min: 3.3, Avg: 3.3, Max: 3.4, Diff: 0.1, Sum: 13.3]
      [Termination (ms): Min: 0.0, Avg: 0.1, Max: 0.2, Diff: 0.2, Sum: 0.4]
         [Termination Attempts: Min: 1, Avg: 1.0, Max: 1, Diff: 0, Sum: 4]
      [GC Worker Other (ms): Min: 0.0, Avg: 0.0, Max: 0.0, Diff: 0.0, Sum: 0.0]
      [GC Worker Total (ms): Min: 3.6, Avg: 3.6, Max: 3.7, Diff: 0.1, Sum: 14.6]
      [GC Worker End (ms): Min: 538.7, Avg: 538.7, Max: 538.8, Diff: 0.1]
   [Code Root Fixup: 0.0 ms]
   [Code Root Purge: 0.0 ms]
   [Clear CT: 0.0 ms]
   [Other: 0.3 ms]
      [Choose CSet: 0.0 ms]
      [Ref Proc: 0.1 ms]
      [Ref Enq: 0.0 ms]
      [Redirty Cards: 0.0 ms]
      [Humongous Register: 0.0 ms]
      [Humongous Reclaim: 0.0 ms]
      [Free CSet: 0.0 ms]
   [Eden: 5120.0K(5120.0K)->0.0B(70.0M) Survivors: 20.0M->2048.0K Heap: 351.9M(512.0M)->333.1M(512.0M)]
 [Times: user=0.01 sys=0.00, real=0.00 secs] 
2020-10-29T01:54:26.145-0800: [GC pause (G1 Humongous Allocation) (young) (initial-mark), 0.0006572 secs]
   [Parallel Time: 0.4 ms, GC Workers: 4]
      [GC Worker Start (ms): Min: 539.5, Avg: 539.5, Max: 539.5, Diff: 0.0]
      [Ext Root Scanning (ms): Min: 0.1, Avg: 0.1, Max: 0.1, Diff: 0.0, Sum: 0.5]
      [Update RS (ms): Min: 0.0, Avg: 0.1, Max: 0.1, Diff: 0.1, Sum: 0.3]
         [Processed Buffers: Min: 1, Avg: 1.5, Max: 3, Diff: 2, Sum: 6]
      [Scan RS (ms): Min: 0.0, Avg: 0.0, Max: 0.0, Diff: 0.0, Sum: 0.0]
      [Code Root Scanning (ms): Min: 0.0, Avg: 0.0, Max: 0.0, Diff: 0.0, Sum: 0.0]
      [Object Copy (ms): Min: 0.0, Avg: 0.1, Max: 0.1, Diff: 0.1, Sum: 0.3]
      [Termination (ms): Min: 0.0, Avg: 0.0, Max: 0.1, Diff: 0.1, Sum: 0.1]
         [Termination Attempts: Min: 1, Avg: 1.0, Max: 1, Diff: 0, Sum: 4]
      [GC Worker Other (ms): Min: 0.0, Avg: 0.0, Max: 0.0, Diff: 0.0, Sum: 0.0]
      [GC Worker Total (ms): Min: 0.3, Avg: 0.3, Max: 0.3, Diff: 0.0, Sum: 1.2]
      [GC Worker End (ms): Min: 539.7, Avg: 539.8, Max: 539.8, Diff: 0.0]
   [Code Root Fixup: 0.0 ms]
   [Code Root Purge: 0.0 ms]
   [Clear CT: 0.0 ms]
   [Other: 0.3 ms]
      [Choose CSet: 0.0 ms]
      [Ref Proc: 0.1 ms]
      [Ref Enq: 0.0 ms]
      [Redirty Cards: 0.0 ms]
      [Humongous Register: 0.0 ms]
      [Humongous Reclaim: 0.0 ms]
      [Free CSet: 0.0 ms]
   [Eden: 1024.0K(70.0M)->0.0B(67.0M) Survivors: 2048.0K->2048.0K Heap: 333.5M(512.0M)->333.5M(512.0M)]
 [Times: user=0.00 sys=0.00, real=0.00 secs] 
2020-10-29T01:54:26.146-0800: [GC concurrent-root-region-scan-start]
2020-10-29T01:54:26.146-0800: [GC concurrent-root-region-scan-end, 0.0000613 secs]
2020-10-29T01:54:26.146-0800: [GC concurrent-mark-start]
2020-10-29T01:54:26.149-0800: [GC concurrent-mark-end, 0.0022658 secs]
2020-10-29T01:54:26.149-0800: [GC remark 2020-10-29T01:54:26.149-0800: [Finalize Marking, 0.0000922 secs] 2020-10-29T01:54:26.149-0800: [GC ref-proc, 0.0000390 secs] 2020-10-29T01:54:26.149-0800: [Unloading, 0.0004286 secs], 0.0017893 secs]
 [Times: user=0.00 sys=0.00, real=0.01 secs] 
2020-10-29T01:54:26.151-0800: [GC cleanup 348M->348M(512M), 0.0004991 secs]
 [Times: user=0.00 sys=0.01, real=0.00 secs] 
2020-10-29T01:54:26.166-0800: [GC pause (G1 Evacuation Pause) (young), 0.0043859 secs]
   [Parallel Time: 3.9 ms, GC Workers: 4]
      [GC Worker Start (ms): Min: 560.3, Avg: 560.9, Max: 561.8, Diff: 1.5]
      [Ext Root Scanning (ms): Min: 0.0, Avg: 0.1, Max: 0.1, Diff: 0.1, Sum: 0.3]
      [Update RS (ms): Min: 0.0, Avg: 0.4, Max: 0.7, Diff: 0.7, Sum: 1.4]
         [Processed Buffers: Min: 0, Avg: 5.2, Max: 11, Diff: 11, Sum: 21]
      [Scan RS (ms): Min: 0.0, Avg: 0.0, Max: 0.0, Diff: 0.0, Sum: 0.0]
      [Code Root Scanning (ms): Min: 0.0, Avg: 0.0, Max: 0.0, Diff: 0.0, Sum: 0.0]
      [Object Copy (ms): Min: 2.2, Avg: 2.2, Max: 2.3, Diff: 0.0, Sum: 8.9]
      [Termination (ms): Min: 0.0, Avg: 0.6, Max: 0.8, Diff: 0.8, Sum: 2.3]
         [Termination Attempts: Min: 1, Avg: 1.0, Max: 1, Diff: 0, Sum: 4]
      [GC Worker Other (ms): Min: 0.0, Avg: 0.0, Max: 0.0, Diff: 0.0, Sum: 0.0]
      [GC Worker Total (ms): Min: 2.3, Avg: 3.3, Max: 3.9, Diff: 1.6, Sum: 13.1]
      [GC Worker End (ms): Min: 564.1, Avg: 564.1, Max: 564.2, Diff: 0.1]
   [Code Root Fixup: 0.0 ms]
   [Code Root Purge: 0.0 ms]
   [Clear CT: 0.0 ms]
   [Other: 0.4 ms]
      [Choose CSet: 0.0 ms]
      [Ref Proc: 0.1 ms]
      [Ref Enq: 0.0 ms]
      [Redirty Cards: 0.0 ms]
      [Humongous Register: 0.1 ms]
      [Humongous Reclaim: 0.0 ms]
      [Free CSet: 0.0 ms]
   [Eden: 67.0M(67.0M)->0.0B(16.0M) Survivors: 2048.0K->9216.0K Heap: 420.0M(512.0M)->360.4M(512.0M)]
 [Times: user=0.01 sys=0.00, real=0.01 secs] 
2020-10-29T01:54:26.173-0800: [GC pause (G1 Evacuation Pause) (mixed), 0.0045649 secs]
   [Parallel Time: 3.6 ms, GC Workers: 4]
      [GC Worker Start (ms): Min: 567.4, Avg: 568.0, Max: 568.2, Diff: 0.7]
      [Ext Root Scanning (ms): Min: 0.0, Avg: 0.0, Max: 0.2, Diff: 0.2, Sum: 0.2]
      [Update RS (ms): Min: 0.1, Avg: 0.3, Max: 0.7, Diff: 0.6, Sum: 1.0]
         [Processed Buffers: Min: 2, Avg: 5.5, Max: 15, Diff: 13, Sum: 22]
      [Scan RS (ms): Min: 0.0, Avg: 0.0, Max: 0.0, Diff: 0.0, Sum: 0.1]
      [Code Root Scanning (ms): Min: 0.0, Avg: 0.0, Max: 0.0, Diff: 0.0, Sum: 0.0]
      [Object Copy (ms): Min: 2.6, Avg: 2.6, Max: 2.7, Diff: 0.1, Sum: 10.5]
      [Termination (ms): Min: 0.0, Avg: 0.1, Max: 0.1, Diff: 0.1, Sum: 0.3]
         [Termination Attempts: Min: 1, Avg: 1.0, Max: 1, Diff: 0, Sum: 4]
      [GC Worker Other (ms): Min: 0.0, Avg: 0.0, Max: 0.0, Diff: 0.0, Sum: 0.0]
      [GC Worker Total (ms): Min: 2.8, Avg: 3.0, Max: 3.6, Diff: 0.8, Sum: 12.0]
      [GC Worker End (ms): Min: 571.0, Avg: 571.0, Max: 571.0, Diff: 0.0]
   [Code Root Fixup: 0.0 ms]
   [Code Root Purge: 0.0 ms]
   [Clear CT: 0.0 ms]
   [Other: 0.9 ms]
      [Choose CSet: 0.0 ms]
      [Ref Proc: 0.7 ms]
      [Ref Enq: 0.0 ms]
      [Redirty Cards: 0.0 ms]
      [Humongous Register: 0.0 ms]
      [Humongous Reclaim: 0.0 ms]
      [Free CSet: 0.0 ms]
   [Eden: 16.0M(16.0M)->0.0B(21.0M) Survivors: 9216.0K->4096.0K Heap: 378.3M(512.0M)->319.3M(512.0M)]
 [Times: user=0.01 sys=0.00, real=0.00 secs] 
2020-10-29T01:54:26.182-0800: [GC pause (G1 Evacuation Pause) (mixed), 0.0058384 secs]
   [Parallel Time: 4.9 ms, GC Workers: 4]
      [GC Worker Start (ms): Min: 576.5, Avg: 578.8, Max: 579.9, Diff: 3.3]
      [Ext Root Scanning (ms): Min: 0.0, Avg: 0.0, Max: 0.2, Diff: 0.2, Sum: 0.2]
      [Update RS (ms): Min: 0.0, Avg: 0.3, Max: 1.0, Diff: 1.0, Sum: 1.0]
         [Processed Buffers: Min: 0, Avg: 5.8, Max: 23, Diff: 23, Sum: 23]
      [Scan RS (ms): Min: 0.0, Avg: 0.0, Max: 0.1, Diff: 0.1, Sum: 0.1]
      [Code Root Scanning (ms): Min: 0.0, Avg: 0.0, Max: 0.0, Diff: 0.0, Sum: 0.0]
      [Object Copy (ms): Min: 1.4, Avg: 2.2, Max: 3.5, Diff: 2.1, Sum: 8.8]
      [Termination (ms): Min: 0.0, Avg: 0.1, Max: 0.1, Diff: 0.1, Sum: 0.2]
         [Termination Attempts: Min: 1, Avg: 1.0, Max: 1, Diff: 0, Sum: 4]
      [GC Worker Other (ms): Min: 0.0, Avg: 0.0, Max: 0.0, Diff: 0.0, Sum: 0.0]
      [GC Worker Total (ms): Min: 1.5, Avg: 2.6, Max: 4.9, Diff: 3.3, Sum: 10.3]
      [GC Worker End (ms): Min: 581.3, Avg: 581.4, Max: 581.4, Diff: 0.1]
   [Code Root Fixup: 0.0 ms]
   [Code Root Purge: 0.0 ms]
   [Clear CT: 0.1 ms]
   [Other: 0.9 ms]
      [Choose CSet: 0.0 ms]
      [Ref Proc: 0.7 ms]
      [Ref Enq: 0.0 ms]
      [Redirty Cards: 0.0 ms]
      [Humongous Register: 0.0 ms]
      [Humongous Reclaim: 0.0 ms]
      [Free CSet: 0.0 ms]
   [Eden: 21.0M(21.0M)->0.0B(21.0M) Survivors: 4096.0K->4096.0K Heap: 346.2M(512.0M)->295.0M(512.0M)]
 [Times: user=0.01 sys=0.00, real=0.00 secs] 
2020-10-29T01:54:26.192-0800: [GC pause (G1 Evacuation Pause) (mixed), 0.0049491 secs]
   [Parallel Time: 4.0 ms, GC Workers: 4]
      [GC Worker Start (ms): Min: 586.1, Avg: 588.0, Max: 590.1, Diff: 4.0]
      [Ext Root Scanning (ms): Min: 0.0, Avg: 0.0, Max: 0.2, Diff: 0.2, Sum: 0.2]
      [Update RS (ms): Min: 0.0, Avg: 0.6, Max: 1.2, Diff: 1.2, Sum: 2.2]
         [Processed Buffers: Min: 0, Avg: 10.0, Max: 22, Diff: 22, Sum: 40]
      [Scan RS (ms): Min: 0.0, Avg: 0.0, Max: 0.0, Diff: 0.0, Sum: 0.1]
      [Code Root Scanning (ms): Min: 0.0, Avg: 0.0, Max: 0.0, Diff: 0.0, Sum: 0.0]
      [Object Copy (ms): Min: 0.0, Avg: 0.7, Max: 1.4, Diff: 1.4, Sum: 2.8]
      [Termination (ms): Min: 0.0, Avg: 0.8, Max: 1.2, Diff: 1.2, Sum: 3.1]
         [Termination Attempts: Min: 1, Avg: 1.0, Max: 1, Diff: 0, Sum: 4]
      [GC Worker Other (ms): Min: 0.0, Avg: 0.0, Max: 0.0, Diff: 0.0, Sum: 0.0]
      [GC Worker Total (ms): Min: 0.0, Avg: 2.1, Max: 4.0, Diff: 4.0, Sum: 8.4]
      [GC Worker End (ms): Min: 590.1, Avg: 590.1, Max: 590.1, Diff: 0.0]
   [Code Root Fixup: 0.0 ms]
   [Code Root Purge: 0.0 ms]
   [Clear CT: 0.0 ms]
   [Other: 0.9 ms]
      [Choose CSet: 0.0 ms]
      [Ref Proc: 0.7 ms]
      [Ref Enq: 0.0 ms]
      [Redirty Cards: 0.0 ms]
      [Humongous Register: 0.1 ms]
      [Humongous Reclaim: 0.0 ms]
      [Free CSet: 0.0 ms]
   [Eden: 21.0M(21.0M)->0.0B(96.0M) Survivors: 4096.0K->4096.0K Heap: 320.4M(512.0M)->289.9M(512.0M)]
 [Times: user=0.01 sys=0.00, real=0.00 secs] 
2020-10-29T01:54:26.197-0800: [GC pause (G1 Humongous Allocation) (young) (initial-mark), 0.0017374 secs]
   [Parallel Time: 0.8 ms, GC Workers: 4]
      [GC Worker Start (ms): Min: 591.5, Avg: 591.6, Max: 591.7, Diff: 0.2]
      [Ext Root Scanning (ms): Min: 0.0, Avg: 0.3, Max: 0.5, Diff: 0.5, Sum: 1.1]
      [Update RS (ms): Min: 0.0, Avg: 0.2, Max: 0.4, Diff: 0.4, Sum: 0.7]
         [Processed Buffers: Min: 0, Avg: 1.0, Max: 2, Diff: 2, Sum: 4]
      [Scan RS (ms): Min: 0.0, Avg: 0.0, Max: 0.0, Diff: 0.0, Sum: 0.0]
      [Code Root Scanning (ms): Min: 0.0, Avg: 0.0, Max: 0.0, Diff: 0.0, Sum: 0.0]
      [Object Copy (ms): Min: 0.1, Avg: 0.2, Max: 0.3, Diff: 0.2, Sum: 0.7]
      [Termination (ms): Min: 0.0, Avg: 0.0, Max: 0.1, Diff: 0.1, Sum: 0.1]
         [Termination Attempts: Min: 1, Avg: 1.0, Max: 1, Diff: 0, Sum: 4]
      [GC Worker Other (ms): Min: 0.0, Avg: 0.0, Max: 0.0, Diff: 0.0, Sum: 0.0]
      [GC Worker Total (ms): Min: 0.6, Avg: 0.7, Max: 0.8, Diff: 0.2, Sum: 2.6]
      [GC Worker End (ms): Min: 592.2, Avg: 592.2, Max: 592.3, Diff: 0.0]
   [Code Root Fixup: 0.0 ms]
   [Code Root Purge: 0.0 ms]
   [Clear CT: 0.0 ms]
   [Other: 0.9 ms]
      [Choose CSet: 0.0 ms]
      [Ref Proc: 0.7 ms]
      [Ref Enq: 0.0 ms]
      [Redirty Cards: 0.0 ms]
      [Humongous Register: 0.0 ms]
      [Humongous Reclaim: 0.0 ms]
      [Free CSet: 0.0 ms]
   [Eden: 2048.0K(96.0M)->0.0B(93.0M) Survivors: 4096.0K->6144.0K Heap: 291.4M(512.0M)->291.5M(512.0M)]
 [Times: user=0.01 sys=0.00, real=0.00 secs] 
2020-10-29T01:54:26.199-0800: [GC concurrent-root-region-scan-start]
2020-10-29T01:54:26.200-0800: [GC concurrent-root-region-scan-end, 0.0001273 secs]
2020-10-29T01:54:26.200-0800: [GC concurrent-mark-start]
2020-10-29T01:54:26.202-0800: [GC concurrent-mark-end, 0.0019623 secs]
2020-10-29T01:54:26.202-0800: [GC remark 2020-10-29T01:54:26.202-0800: [Finalize Marking, 0.0014989 secs] 2020-10-29T01:54:26.203-0800: [GC ref-proc, 0.0000407 secs] 2020-10-29T01:54:26.203-0800: [Unloading, 0.0007914 secs], 0.0034033 secs]
 [Times: user=0.01 sys=0.00, real=0.00 secs] 
2020-10-29T01:54:26.205-0800: [GC cleanup 302M->302M(512M), 0.0006179 secs]
 [Times: user=0.00 sys=0.00, real=0.00 secs] 
2020-10-29T01:54:26.227-0800: [GC pause (G1 Evacuation Pause) (young), 0.0074258 secs]
   [Parallel Time: 7.1 ms, GC Workers: 4]
      [GC Worker Start (ms): Min: 621.3, Avg: 623.1, Max: 623.9, Diff: 2.6]
      [Ext Root Scanning (ms): Min: 0.0, Avg: 0.0, Max: 0.2, Diff: 0.2, Sum: 0.2]
      [Update RS (ms): Min: 0.0, Avg: 0.4, Max: 1.5, Diff: 1.5, Sum: 1.5]
         [Processed Buffers: Min: 0, Avg: 8.5, Max: 34, Diff: 34, Sum: 34]
      [Scan RS (ms): Min: 0.0, Avg: 0.0, Max: 0.0, Diff: 0.0, Sum: 0.0]
      [Code Root Scanning (ms): Min: 0.0, Avg: 0.0, Max: 0.0, Diff: 0.0, Sum: 0.0]
      [Object Copy (ms): Min: 3.2, Avg: 4.0, Max: 5.3, Diff: 2.1, Sum: 15.8]
      [Termination (ms): Min: 0.0, Avg: 0.8, Max: 1.2, Diff: 1.2, Sum: 3.1]
         [Termination Attempts: Min: 1, Avg: 1.0, Max: 1, Diff: 0, Sum: 4]
      [GC Worker Other (ms): Min: 0.0, Avg: 0.0, Max: 0.0, Diff: 0.0, Sum: 0.0]
      [GC Worker Total (ms): Min: 4.4, Avg: 5.2, Max: 7.0, Diff: 2.6, Sum: 20.7]
      [GC Worker End (ms): Min: 628.3, Avg: 628.3, Max: 628.3, Diff: 0.0]
   [Code Root Fixup: 0.0 ms]
   [Code Root Purge: 0.0 ms]
   [Clear CT: 0.0 ms]
   [Other: 0.3 ms]
      [Choose CSet: 0.0 ms]
      [Ref Proc: 0.1 ms]
      [Ref Enq: 0.0 ms]
      [Redirty Cards: 0.0 ms]
      [Humongous Register: 0.1 ms]
      [Humongous Reclaim: 0.0 ms]
      [Free CSet: 0.0 ms]
   [Eden: 93.0M(93.0M)->0.0B(12.0M) Survivors: 6144.0K->13.0M Heap: 410.4M(512.0M)->327.9M(512.0M)]
 [Times: user=0.01 sys=0.00, real=0.01 secs] 
2020-10-29T01:54:26.238-0800: [GC pause (G1 Evacuation Pause) (mixed), 0.0057233 secs]
   [Parallel Time: 5.2 ms, GC Workers: 4]
      [GC Worker Start (ms): Min: 632.4, Avg: 633.0, Max: 633.5, Diff: 1.1]
      [Ext Root Scanning (ms): Min: 0.0, Avg: 0.1, Max: 0.2, Diff: 0.2, Sum: 0.3]
      [Update RS (ms): Min: 0.0, Avg: 0.3, Max: 0.6, Diff: 0.6, Sum: 1.1]
         [Processed Buffers: Min: 0, Avg: 5.2, Max: 13, Diff: 13, Sum: 21]
      [Scan RS (ms): Min: 0.0, Avg: 0.0, Max: 0.1, Diff: 0.1, Sum: 0.1]
      [Code Root Scanning (ms): Min: 0.0, Avg: 0.0, Max: 0.0, Diff: 0.0, Sum: 0.0]
      [Object Copy (ms): Min: 3.4, Avg: 3.9, Max: 4.3, Diff: 1.0, Sum: 15.4]
      [Termination (ms): Min: 0.0, Avg: 0.3, Max: 0.7, Diff: 0.7, Sum: 1.3]
         [Termination Attempts: Min: 1, Avg: 1.0, Max: 1, Diff: 0, Sum: 4]
      [GC Worker Other (ms): Min: 0.0, Avg: 0.0, Max: 0.0, Diff: 0.0, Sum: 0.0]
      [GC Worker Total (ms): Min: 4.0, Avg: 4.6, Max: 5.1, Diff: 1.1, Sum: 18.3]
      [GC Worker End (ms): Min: 637.5, Avg: 637.6, Max: 637.6, Diff: 0.0]
   [Code Root Fixup: 0.0 ms]
   [Code Root Purge: 0.0 ms]
   [Clear CT: 0.1 ms]
   [Other: 0.5 ms]
      [Choose CSet: 0.0 ms]
      [Ref Proc: 0.3 ms]
      [Ref Enq: 0.0 ms]
      [Redirty Cards: 0.0 ms]
      [Humongous Register: 0.1 ms]
      [Humongous Reclaim: 0.0 ms]
      [Free CSet: 0.0 ms]
   [Eden: 12.0M(12.0M)->0.0B(81.0M) Survivors: 13.0M->4096.0K Heap: 343.1M(512.0M)->305.7M(512.0M)]
 [Times: user=0.01 sys=0.01, real=0.01 secs] 
2020-10-29T01:54:26.244-0800: [GC pause (G1 Humongous Allocation) (young) (initial-mark), 0.0023581 secs]
   [Parallel Time: 1.5 ms, GC Workers: 4]
      [GC Worker Start (ms): Min: 638.6, Avg: 638.7, Max: 638.8, Diff: 0.2]
      [Ext Root Scanning (ms): Min: 0.0, Avg: 0.7, Max: 1.2, Diff: 1.2, Sum: 2.6]
      [Update RS (ms): Min: 0.0, Avg: 0.1, Max: 0.2, Diff: 0.2, Sum: 0.3]
         [Processed Buffers: Min: 0, Avg: 1.2, Max: 4, Diff: 4, Sum: 5]
      [Scan RS (ms): Min: 0.0, Avg: 0.0, Max: 0.0, Diff: 0.0, Sum: 0.0]
      [Code Root Scanning (ms): Min: 0.0, Avg: 0.0, Max: 0.0, Diff: 0.0, Sum: 0.0]
      [Object Copy (ms): Min: 0.0, Avg: 0.2, Max: 0.3, Diff: 0.3, Sum: 0.6]
      [Termination (ms): Min: 0.0, Avg: 0.4, Max: 0.8, Diff: 0.8, Sum: 1.7]
         [Termination Attempts: Min: 1, Avg: 1.0, Max: 1, Diff: 0, Sum: 4]
      [GC Worker Other (ms): Min: 0.0, Avg: 0.0, Max: 0.0, Diff: 0.0, Sum: 0.0]
      [GC Worker Total (ms): Min: 1.3, Avg: 1.3, Max: 1.5, Diff: 0.2, Sum: 5.3]
      [GC Worker End (ms): Min: 640.0, Avg: 640.0, Max: 640.1, Diff: 0.0]
   [Code Root Fixup: 0.0 ms]
   [Code Root Purge: 0.0 ms]
   [Clear CT: 0.0 ms]
   [Other: 0.8 ms]
      [Choose CSet: 0.0 ms]
      [Ref Proc: 0.6 ms]
      [Ref Enq: 0.0 ms]
      [Redirty Cards: 0.0 ms]
      [Humongous Register: 0.0 ms]
      [Humongous Reclaim: 0.0 ms]
      [Free CSet: 0.0 ms]
   [Eden: 1024.0K(81.0M)->0.0B(86.0M) Survivors: 4096.0K->4096.0K Heap: 306.3M(512.0M)->306.1M(512.0M)]
 [Times: user=0.00 sys=0.00, real=0.00 secs] 
2020-10-29T01:54:26.247-0800: [GC concurrent-root-region-scan-start]
2020-10-29T01:54:26.247-0800: [GC concurrent-root-region-scan-end, 0.0001267 secs]
2020-10-29T01:54:26.247-0800: [GC concurrent-mark-start]
2020-10-29T01:54:26.249-0800: [GC concurrent-mark-end, 0.0020409 secs]
2020-10-29T01:54:26.249-0800: [GC remark 2020-10-29T01:54:26.249-0800: [Finalize Marking, 0.0013537 secs] 2020-10-29T01:54:26.251-0800: [GC ref-proc, 0.0000564 secs] 2020-10-29T01:54:26.251-0800: [Unloading, 0.0006740 secs], 0.0040091 secs]
 [Times: user=0.01 sys=0.00, real=0.01 secs] 
2020-10-29T01:54:26.253-0800: [GC cleanup 317M->317M(512M), 0.0029675 secs]
 [Times: user=0.00 sys=0.00, real=0.00 secs] 
2020-10-29T01:54:26.273-0800: [GC pause (G1 Evacuation Pause) (young), 0.0061974 secs]
   [Parallel Time: 4.7 ms, GC Workers: 4]
      [GC Worker Start (ms): Min: 667.7, Avg: 669.5, Max: 671.0, Diff: 3.4]
      [Ext Root Scanning (ms): Min: 0.0, Avg: 0.0, Max: 0.2, Diff: 0.2, Sum: 0.2]
      [Update RS (ms): Min: 0.0, Avg: 0.7, Max: 1.6, Diff: 1.6, Sum: 2.7]
         [Processed Buffers: Min: 0, Avg: 11.2, Max: 24, Diff: 24, Sum: 45]
      [Scan RS (ms): Min: 0.0, Avg: 0.0, Max: 0.0, Diff: 0.0, Sum: 0.0]
      [Code Root Scanning (ms): Min: 0.0, Avg: 0.0, Max: 0.0, Diff: 0.0, Sum: 0.0]
      [Object Copy (ms): Min: 0.4, Avg: 1.4, Max: 2.8, Diff: 2.4, Sum: 5.6]
      [Termination (ms): Min: 0.0, Avg: 0.6, Max: 0.9, Diff: 0.9, Sum: 2.5]
         [Termination Attempts: Min: 1, Avg: 1.0, Max: 1, Diff: 0, Sum: 4]
      [GC Worker Other (ms): Min: 0.0, Avg: 0.0, Max: 0.0, Diff: 0.0, Sum: 0.0]
      [GC Worker Total (ms): Min: 1.2, Avg: 2.8, Max: 4.6, Diff: 3.4, Sum: 11.1]
      [GC Worker End (ms): Min: 672.2, Avg: 672.3, Max: 672.3, Diff: 0.1]
   [Code Root Fixup: 0.0 ms]
   [Code Root Purge: 0.0 ms]
   [Clear CT: 0.0 ms]
   [Other: 1.5 ms]
      [Choose CSet: 0.0 ms]
      [Ref Proc: 1.3 ms]
      [Ref Enq: 0.0 ms]
      [Redirty Cards: 0.0 ms]
      [Humongous Register: 0.1 ms]
      [Humongous Reclaim: 0.0 ms]
      [Free CSet: 0.0 ms]
   [Eden: 86.0M(86.0M)->0.0B(13.0M) Survivors: 4096.0K->12.0M Heap: 410.3M(512.0M)->329.5M(512.0M)]
 [Times: user=0.01 sys=0.00, real=0.01 secs] 
2020-10-29T01:54:26.282-0800: [GC pause (G1 Evacuation Pause) (mixed), 0.0078415 secs]
   [Parallel Time: 6.4 ms, GC Workers: 4]
      [GC Worker Start (ms): Min: 676.4, Avg: 677.5, Max: 680.8, Diff: 4.4]
      [Ext Root Scanning (ms): Min: 0.0, Avg: 0.1, Max: 0.2, Diff: 0.1, Sum: 0.4]
      [Update RS (ms): Min: 0.0, Avg: 1.5, Max: 2.8, Diff: 2.8, Sum: 6.1]
         [Processed Buffers: Min: 0, Avg: 16.0, Max: 31, Diff: 31, Sum: 64]
      [Scan RS (ms): Min: 0.0, Avg: 0.1, Max: 0.1, Diff: 0.1, Sum: 0.2]
      [Code Root Scanning (ms): Min: 0.0, Avg: 0.0, Max: 0.0, Diff: 0.0, Sum: 0.0]
      [Object Copy (ms): Min: 1.8, Avg: 2.9, Max: 3.6, Diff: 1.8, Sum: 11.7]
      [Termination (ms): Min: 0.0, Avg: 0.6, Max: 0.8, Diff: 0.8, Sum: 2.3]
         [Termination Attempts: Min: 1, Avg: 1.0, Max: 1, Diff: 0, Sum: 4]
      [GC Worker Other (ms): Min: 0.0, Avg: 0.0, Max: 0.0, Diff: 0.0, Sum: 0.0]
      [GC Worker Total (ms): Min: 1.8, Avg: 5.2, Max: 6.4, Diff: 4.5, Sum: 20.8]
      [GC Worker End (ms): Min: 682.6, Avg: 682.7, Max: 682.8, Diff: 0.1]
   [Code Root Fixup: 0.0 ms]
   [Code Root Purge: 0.0 ms]
   [Clear CT: 0.1 ms]
   [Other: 1.4 ms]
      [Choose CSet: 0.0 ms]
      [Ref Proc: 1.1 ms]
      [Ref Enq: 0.0 ms]
      [Redirty Cards: 0.0 ms]
      [Humongous Register: 0.1 ms]
      [Humongous Reclaim: 0.0 ms]
      [Free CSet: 0.0 ms]
   [Eden: 13.0M(13.0M)->0.0B(73.0M) Survivors: 12.0M->4096.0K Heap: 349.7M(512.0M)->318.4M(512.0M)]
 [Times: user=0.02 sys=0.00, real=0.01 secs] 
2020-10-29T01:54:26.291-0800: [GC pause (G1 Humongous Allocation) (young) (initial-mark), 0.0033106 secs]
   [Parallel Time: 2.1 ms, GC Workers: 4]
      [GC Worker Start (ms): Min: 684.7, Avg: 684.9, Max: 684.9, Diff: 0.2]
      [Ext Root Scanning (ms): Min: 0.0, Avg: 0.8, Max: 1.8, Diff: 1.8, Sum: 3.3]
      [Update RS (ms): Min: 0.0, Avg: 0.1, Max: 0.4, Diff: 0.4, Sum: 0.6]
         [Processed Buffers: Min: 0, Avg: 1.2, Max: 3, Diff: 3, Sum: 5]
      [Scan RS (ms): Min: 0.0, Avg: 0.0, Max: 0.0, Diff: 0.0, Sum: 0.0]
      [Code Root Scanning (ms): Min: 0.0, Avg: 0.0, Max: 0.0, Diff: 0.0, Sum: 0.0]
      [Object Copy (ms): Min: 0.0, Avg: 0.2, Max: 0.4, Diff: 0.4, Sum: 0.7]
      [Termination (ms): Min: 0.0, Avg: 0.8, Max: 1.2, Diff: 1.2, Sum: 3.0]
         [Termination Attempts: Min: 1, Avg: 1.0, Max: 1, Diff: 0, Sum: 4]
      [GC Worker Other (ms): Min: 0.0, Avg: 0.0, Max: 0.0, Diff: 0.0, Sum: 0.0]
      [GC Worker Total (ms): Min: 1.9, Avg: 1.9, Max: 2.1, Diff: 0.2, Sum: 7.6]
      [GC Worker End (ms): Min: 686.8, Avg: 686.8, Max: 686.8, Diff: 0.0]
   [Code Root Fixup: 0.0 ms]
   [Code Root Purge: 0.0 ms]
   [Clear CT: 0.1 ms]
   [Other: 1.1 ms]
      [Choose CSet: 0.0 ms]
      [Ref Proc: 0.8 ms]
      [Ref Enq: 0.0 ms]
      [Redirty Cards: 0.0 ms]
      [Humongous Register: 0.1 ms]
      [Humongous Reclaim: 0.0 ms]
      [Free CSet: 0.0 ms]
   [Eden: 2048.0K(73.0M)->0.0B(73.0M) Survivors: 4096.0K->5120.0K Heap: 320.1M(512.0M)->318.8M(512.0M)]
 [Times: user=0.01 sys=0.00, real=0.00 secs] 
2020-10-29T01:54:26.294-0800: [GC concurrent-root-region-scan-start]
2020-10-29T01:54:26.294-0800: [GC concurrent-root-region-scan-end, 0.0001288 secs]
2020-10-29T01:54:26.294-0800: [GC concurrent-mark-start]
2020-10-29T01:54:26.296-0800: [GC concurrent-mark-end, 0.0020222 secs]
2020-10-29T01:54:26.296-0800: [GC remark 2020-10-29T01:54:26.296-0800: [Finalize Marking, 0.0012657 secs] 2020-10-29T01:54:26.298-0800: [GC ref-proc, 0.0000413 secs] 2020-10-29T01:54:26.298-0800: [Unloading, 0.0008353 secs], 0.0039929 secs]
 [Times: user=0.01 sys=0.00, real=0.01 secs] 
2020-10-29T01:54:26.301-0800: [GC cleanup 334M->334M(512M), 0.0006656 secs]
 [Times: user=0.00 sys=0.00, real=0.00 secs] 
2020-10-29T01:54:26.315-0800: [GC pause (G1 Evacuation Pause) (young), 0.0071764 secs]
   [Parallel Time: 6.0 ms, GC Workers: 4]
      [GC Worker Start (ms): Min: 709.3, Avg: 712.4, Max: 714.3, Diff: 4.9]
      [Ext Root Scanning (ms): Min: 0.0, Avg: 0.1, Max: 0.2, Diff: 0.2, Sum: 0.2]
      [Update RS (ms): Min: 0.0, Avg: 0.6, Max: 2.3, Diff: 2.3, Sum: 2.4]
         [Processed Buffers: Min: 0, Avg: 8.5, Max: 31, Diff: 31, Sum: 34]
      [Scan RS (ms): Min: 0.0, Avg: 0.0, Max: 0.0, Diff: 0.0, Sum: 0.0]
      [Code Root Scanning (ms): Min: 0.0, Avg: 0.0, Max: 0.0, Diff: 0.0, Sum: 0.0]
      [Object Copy (ms): Min: 0.4, Avg: 1.8, Max: 3.5, Diff: 3.0, Sum: 7.3]
      [Termination (ms): Min: 0.0, Avg: 0.5, Max: 0.6, Diff: 0.6, Sum: 1.9]
         [Termination Attempts: Min: 1, Avg: 1.0, Max: 1, Diff: 0, Sum: 4]
      [GC Worker Other (ms): Min: 0.0, Avg: 0.0, Max: 0.0, Diff: 0.0, Sum: 0.0]
      [GC Worker Total (ms): Min: 1.1, Avg: 3.0, Max: 6.0, Diff: 4.9, Sum: 12.0]
      [GC Worker End (ms): Min: 715.4, Avg: 715.4, Max: 715.4, Diff: 0.0]
   [Code Root Fixup: 0.0 ms]
   [Code Root Purge: 0.0 ms]
   [Clear CT: 0.0 ms]
   [Other: 1.1 ms]
      [Choose CSet: 0.0 ms]
      [Ref Proc: 0.8 ms]
      [Ref Enq: 0.0 ms]
      [Redirty Cards: 0.0 ms]
      [Humongous Register: 0.1 ms]
      [Humongous Reclaim: 0.0 ms]
      [Free CSet: 0.0 ms]
   [Eden: 73.0M(73.0M)->0.0B(15.0M) Survivors: 5120.0K->10.0M Heap: 412.3M(512.0M)->342.2M(512.0M)]
 [Times: user=0.02 sys=0.00, real=0.01 secs] 
2020-10-29T01:54:26.325-0800: [GC pause (G1 Evacuation Pause) (mixed), 0.0082753 secs]
   [Parallel Time: 6.7 ms, GC Workers: 4]
      [GC Worker Start (ms): Min: 719.5, Avg: 721.3, Max: 726.1, Diff: 6.6]
      [Ext Root Scanning (ms): Min: 0.0, Avg: 0.1, Max: 0.2, Diff: 0.2, Sum: 0.2]
      [Update RS (ms): Min: 0.0, Avg: 1.2, Max: 2.4, Diff: 2.4, Sum: 4.9]
         [Processed Buffers: Min: 0, Avg: 13.5, Max: 20, Diff: 20, Sum: 54]
      [Scan RS (ms): Min: 0.0, Avg: 0.0, Max: 0.1, Diff: 0.1, Sum: 0.2]
      [Code Root Scanning (ms): Min: 0.0, Avg: 0.0, Max: 0.0, Diff: 0.0, Sum: 0.0]
      [Object Copy (ms): Min: 0.0, Avg: 3.0, Max: 4.3, Diff: 4.3, Sum: 12.0]
      [Termination (ms): Min: 0.0, Avg: 0.5, Max: 0.6, Diff: 0.6, Sum: 1.9]
         [Termination Attempts: Min: 1, Avg: 1.0, Max: 1, Diff: 0, Sum: 4]
      [GC Worker Other (ms): Min: 0.0, Avg: 0.0, Max: 0.0, Diff: 0.0, Sum: 0.0]
      [GC Worker Total (ms): Min: 0.0, Avg: 4.8, Max: 6.6, Diff: 6.6, Sum: 19.3]
      [GC Worker End (ms): Min: 726.1, Avg: 726.1, Max: 726.2, Diff: 0.0]
   [Code Root Fixup: 0.0 ms]
   [Code Root Purge: 0.0 ms]
   [Clear CT: 0.1 ms]
   [Other: 1.5 ms]
      [Choose CSet: 0.0 ms]
      [Ref Proc: 1.3 ms]
      [Ref Enq: 0.0 ms]
      [Redirty Cards: 0.0 ms]
      [Humongous Register: 0.1 ms]
      [Humongous Reclaim: 0.0 ms]
      [Free CSet: 0.0 ms]
   [Eden: 15.0M(15.0M)->0.0B(65.0M) Survivors: 10.0M->4096.0K Heap: 363.3M(512.0M)->327.3M(512.0M)]
 [Times: user=0.02 sys=0.00, real=0.01 secs] 
2020-10-29T01:54:26.334-0800: [GC pause (G1 Humongous Allocation) (young) (initial-mark), 0.0025345 secs]
   [Parallel Time: 1.4 ms, GC Workers: 4]
      [GC Worker Start (ms): Min: 728.5, Avg: 728.6, Max: 728.7, Diff: 0.2]
      [Ext Root Scanning (ms): Min: 0.0, Avg: 0.3, Max: 1.1, Diff: 1.1, Sum: 1.4]
      [Update RS (ms): Min: 0.0, Avg: 0.1, Max: 0.2, Diff: 0.2, Sum: 0.4]
         [Processed Buffers: Min: 0, Avg: 1.0, Max: 2, Diff: 2, Sum: 4]
      [Scan RS (ms): Min: 0.0, Avg: 0.0, Max: 0.0, Diff: 0.0, Sum: 0.0]
      [Code Root Scanning (ms): Min: 0.0, Avg: 0.0, Max: 0.0, Diff: 0.0, Sum: 0.0]
      [Object Copy (ms): Min: 0.0, Avg: 0.2, Max: 0.4, Diff: 0.4, Sum: 1.0]
      [Termination (ms): Min: 0.0, Avg: 0.5, Max: 0.6, Diff: 0.6, Sum: 1.9]
         [Termination Attempts: Min: 1, Avg: 1.0, Max: 1, Diff: 0, Sum: 4]
      [GC Worker Other (ms): Min: 0.0, Avg: 0.0, Max: 0.0, Diff: 0.0, Sum: 0.0]
      [GC Worker Total (ms): Min: 1.1, Avg: 1.2, Max: 1.3, Diff: 0.2, Sum: 4.7]
      [GC Worker End (ms): Min: 729.8, Avg: 729.8, Max: 729.8, Diff: 0.0]
   [Code Root Fixup: 0.0 ms]
   [Code Root Purge: 0.0 ms]
   [Clear CT: 0.0 ms]
   [Other: 1.1 ms]
      [Choose CSet: 0.0 ms]
      [Ref Proc: 1.0 ms]
      [Ref Enq: 0.0 ms]
      [Redirty Cards: 0.0 ms]
      [Humongous Register: 0.1 ms]
      [Humongous Reclaim: 0.0 ms]
      [Free CSet: 0.0 ms]
   [Eden: 5120.0K(65.0M)->0.0B(57.0M) Survivors: 4096.0K->8192.0K Heap: 331.5M(512.0M)->330.5M(512.0M)]
 [Times: user=0.00 sys=0.00, real=0.00 secs] 
2020-10-29T01:54:26.337-0800: [GC concurrent-root-region-scan-start]
2020-10-29T01:54:26.337-0800: [GC concurrent-root-region-scan-end, 0.0001322 secs]
2020-10-29T01:54:26.337-0800: [GC concurrent-mark-start]
2020-10-29T01:54:26.339-0800: [GC concurrent-mark-end, 0.0021363 secs]
2020-10-29T01:54:26.340-0800: [GC remark 2020-10-29T01:54:26.340-0800: [Finalize Marking, 0.0013000 secs] 2020-10-29T01:54:26.341-0800: [GC ref-proc, 0.0000403 secs] 2020-10-29T01:54:26.341-0800: [Unloading, 0.0009107 secs], 0.0037273 secs]
 [Times: user=0.00 sys=0.00, real=0.00 secs] 
2020-10-29T01:54:26.344-0800: [GC cleanup 345M->345M(512M), 0.0006976 secs]
 [Times: user=0.01 sys=0.00, real=0.00 secs] 
2020-10-29T01:54:26.357-0800: [GC pause (G1 Evacuation Pause) (young), 0.0072028 secs]
   [Parallel Time: 5.1 ms, GC Workers: 4]
      [GC Worker Start (ms): Min: 751.0, Avg: 751.6, Max: 751.9, Diff: 0.9]
      [Ext Root Scanning (ms): Min: 0.0, Avg: 0.0, Max: 0.2, Diff: 0.2, Sum: 0.2]
      [Update RS (ms): Min: 0.4, Avg: 0.7, Max: 1.1, Diff: 0.7, Sum: 2.8]
         [Processed Buffers: Min: 6, Avg: 9.5, Max: 15, Diff: 9, Sum: 38]
      [Scan RS (ms): Min: 0.0, Avg: 0.0, Max: 0.0, Diff: 0.0, Sum: 0.0]
      [Code Root Scanning (ms): Min: 0.0, Avg: 0.0, Max: 0.0, Diff: 0.0, Sum: 0.0]
      [Object Copy (ms): Min: 2.9, Avg: 3.4, Max: 3.7, Diff: 0.8, Sum: 13.4]
      [Termination (ms): Min: 0.0, Avg: 0.3, Max: 0.8, Diff: 0.8, Sum: 1.3]
         [Termination Attempts: Min: 1, Avg: 1.0, Max: 1, Diff: 0, Sum: 4]
      [GC Worker Other (ms): Min: 0.0, Avg: 0.0, Max: 0.0, Diff: 0.0, Sum: 0.0]
      [GC Worker Total (ms): Min: 4.1, Avg: 4.4, Max: 5.0, Diff: 0.8, Sum: 17.7]
      [GC Worker End (ms): Min: 756.0, Avg: 756.0, Max: 756.1, Diff: 0.1]
   [Code Root Fixup: 0.0 ms]
   [Code Root Purge: 0.0 ms]
   [Clear CT: 0.1 ms]
   [Other: 2.1 ms]
      [Choose CSet: 0.0 ms]
      [Ref Proc: 1.8 ms]
      [Ref Enq: 0.0 ms]
      [Redirty Cards: 0.0 ms]
      [Humongous Register: 0.1 ms]
      [Humongous Reclaim: 0.0 ms]
      [Free CSet: 0.0 ms]
   [Eden: 57.0M(57.0M)->0.0B(16.0M) Survivors: 8192.0K->9216.0K Heap: 403.0M(512.0M)->347.0M(512.0M)]
 [Times: user=0.02 sys=0.00, real=0.01 secs] 
2020-10-29T01:54:26.368-0800: [GC pause (G1 Evacuation Pause) (mixed), 0.0080748 secs]
   [Parallel Time: 6.5 ms, GC Workers: 4]
      [GC Worker Start (ms): Min: 762.2, Avg: 763.4, Max: 763.9, Diff: 1.7]
      [Ext Root Scanning (ms): Min: 0.0, Avg: 0.1, Max: 0.4, Diff: 0.4, Sum: 0.4]
      [Update RS (ms): Min: 0.1, Avg: 0.5, Max: 1.4, Diff: 1.3, Sum: 2.0]
         [Processed Buffers: Min: 2, Avg: 9.0, Max: 26, Diff: 24, Sum: 36]
      [Scan RS (ms): Min: 0.0, Avg: 0.0, Max: 0.1, Diff: 0.0, Sum: 0.2]
      [Code Root Scanning (ms): Min: 0.0, Avg: 0.0, Max: 0.0, Diff: 0.0, Sum: 0.0]
      [Object Copy (ms): Min: 4.1, Avg: 4.4, Max: 4.5, Diff: 0.4, Sum: 17.5]
      [Termination (ms): Min: 0.0, Avg: 0.1, Max: 0.4, Diff: 0.4, Sum: 0.6]
         [Termination Attempts: Min: 1, Avg: 1.0, Max: 1, Diff: 0, Sum: 4]
      [GC Worker Other (ms): Min: 0.0, Avg: 0.0, Max: 0.0, Diff: 0.0, Sum: 0.0]
      [GC Worker Total (ms): Min: 4.7, Avg: 5.2, Max: 6.4, Diff: 1.7, Sum: 20.7]
      [GC Worker End (ms): Min: 768.6, Avg: 768.6, Max: 768.6, Diff: 0.0]
   [Code Root Fixup: 0.0 ms]
   [Code Root Purge: 0.0 ms]
   [Clear CT: 0.1 ms]
   [Other: 1.6 ms]
      [Choose CSet: 0.0 ms]
      [Ref Proc: 1.3 ms]
      [Ref Enq: 0.0 ms]
      [Redirty Cards: 0.0 ms]
      [Humongous Register: 0.1 ms]
      [Humongous Reclaim: 0.0 ms]
      [Free CSet: 0.0 ms]
   [Eden: 16.0M(16.0M)->0.0B(58.0M) Survivors: 9216.0K->4096.0K Heap: 366.9M(512.0M)->329.9M(512.0M)]
 [Times: user=0.01 sys=0.00, real=0.01 secs] 
2020-10-29T01:54:26.376-0800: [GC pause (G1 Humongous Allocation) (young) (initial-mark), 0.0021870 secs]
   [Parallel Time: 1.2 ms, GC Workers: 4]
      [GC Worker Start (ms): Min: 770.6, Avg: 770.8, Max: 770.8, Diff: 0.2]
      [Ext Root Scanning (ms): Min: 0.0, Avg: 0.3, Max: 1.0, Diff: 1.0, Sum: 1.3]
      [Update RS (ms): Min: 0.0, Avg: 0.1, Max: 0.2, Diff: 0.2, Sum: 0.3]
         [Processed Buffers: Min: 0, Avg: 1.2, Max: 2, Diff: 2, Sum: 5]
      [Scan RS (ms): Min: 0.0, Avg: 0.0, Max: 0.0, Diff: 0.0, Sum: 0.0]
      [Code Root Scanning (ms): Min: 0.0, Avg: 0.0, Max: 0.0, Diff: 0.0, Sum: 0.0]
      [Object Copy (ms): Min: 0.0, Avg: 0.2, Max: 0.3, Diff: 0.3, Sum: 0.7]
      [Termination (ms): Min: 0.0, Avg: 0.5, Max: 0.6, Diff: 0.6, Sum: 1.9]
         [Termination Attempts: Min: 1, Avg: 1.0, Max: 1, Diff: 0, Sum: 4]
      [GC Worker Other (ms): Min: 0.0, Avg: 0.0, Max: 0.0, Diff: 0.0, Sum: 0.0]
      [GC Worker Total (ms): Min: 1.0, Avg: 1.1, Max: 1.2, Diff: 0.2, Sum: 4.2]
      [GC Worker End (ms): Min: 771.8, Avg: 771.8, Max: 771.8, Diff: 0.0]
   [Code Root Fixup: 0.0 ms]
   [Code Root Purge: 0.0 ms]
   [Clear CT: 0.0 ms]
   [Other: 0.9 ms]
      [Choose CSet: 0.0 ms]
      [Ref Proc: 0.7 ms]
      [Ref Enq: 0.0 ms]
      [Redirty Cards: 0.0 ms]
      [Humongous Register: 0.1 ms]
      [Humongous Reclaim: 0.0 ms]
      [Free CSet: 0.0 ms]
   [Eden: 1024.0K(58.0M)->0.0B(62.0M) Survivors: 4096.0K->4096.0K Heap: 330.2M(512.0M)->329.4M(512.0M)]
 [Times: user=0.01 sys=0.00, real=0.00 secs] 
2020-10-29T01:54:26.379-0800: [GC concurrent-root-region-scan-start]
2020-10-29T01:54:26.379-0800: [GC concurrent-root-region-scan-end, 0.0002853 secs]
2020-10-29T01:54:26.379-0800: [GC concurrent-mark-start]
2020-10-29T01:54:26.381-0800: [GC concurrent-mark-end, 0.0021913 secs]
2020-10-29T01:54:26.382-0800: [GC remark 2020-10-29T01:54:26.382-0800: [Finalize Marking, 0.0012880 secs] 2020-10-29T01:54:26.383-0800: [GC ref-proc, 0.0000419 secs] 2020-10-29T01:54:26.383-0800: [Unloading, 0.0007361 secs], 0.0034828 secs]
 [Times: user=0.01 sys=0.00, real=0.00 secs] 
2020-10-29T01:54:26.385-0800: [GC cleanup 343M->343M(512M), 0.0007094 secs]
 [Times: user=0.00 sys=0.00, real=0.00 secs] 
2020-10-29T01:54:26.397-0800: [GC pause (G1 Evacuation Pause) (young), 0.0063649 secs]
   [Parallel Time: 5.3 ms, GC Workers: 4]
      [GC Worker Start (ms): Min: 791.5, Avg: 792.9, Max: 793.5, Diff: 1.9]
      [Ext Root Scanning (ms): Min: 0.0, Avg: 0.0, Max: 0.2, Diff: 0.2, Sum: 0.2]
      [Update RS (ms): Min: 0.0, Avg: 0.5, Max: 1.7, Diff: 1.7, Sum: 2.0]
         [Processed Buffers: Min: 0, Avg: 10.0, Max: 34, Diff: 34, Sum: 40]
      [Scan RS (ms): Min: 0.0, Avg: 0.0, Max: 0.0, Diff: 0.0, Sum: 0.0]
      [Code Root Scanning (ms): Min: 0.0, Avg: 0.0, Max: 0.0, Diff: 0.0, Sum: 0.0]
      [Object Copy (ms): Min: 2.0, Avg: 2.5, Max: 3.3, Diff: 1.3, Sum: 10.0]
      [Termination (ms): Min: 0.0, Avg: 0.8, Max: 1.2, Diff: 1.2, Sum: 3.2]
         [Termination Attempts: Min: 1, Avg: 1.0, Max: 1, Diff: 0, Sum: 4]
      [GC Worker Other (ms): Min: 0.0, Avg: 0.0, Max: 0.0, Diff: 0.0, Sum: 0.0]
      [GC Worker Total (ms): Min: 3.3, Avg: 3.9, Max: 5.2, Diff: 1.9, Sum: 15.5]
      [GC Worker End (ms): Min: 796.7, Avg: 796.8, Max: 796.8, Diff: 0.1]
   [Code Root Fixup: 0.0 ms]
   [Code Root Purge: 0.0 ms]
   [Clear CT: 0.1 ms]
   [Other: 1.0 ms]
      [Choose CSet: 0.0 ms]
      [Ref Proc: 0.7 ms]
      [Ref Enq: 0.0 ms]
      [Redirty Cards: 0.0 ms]
      [Humongous Register: 0.1 ms]
      [Humongous Reclaim: 0.0 ms]
      [Free CSet: 0.0 ms]
   [Eden: 62.0M(62.0M)->0.0B(16.0M) Survivors: 4096.0K->9216.0K Heap: 411.2M(512.0M)->355.1M(512.0M)]
 [Times: user=0.01 sys=0.00, real=0.01 secs] 
2020-10-29T01:54:26.408-0800: [GC pause (G1 Evacuation Pause) (mixed), 0.0075366 secs]
   [Parallel Time: 5.8 ms, GC Workers: 4]
      [GC Worker Start (ms): Min: 801.9, Avg: 805.2, Max: 807.3, Diff: 5.4]
      [Ext Root Scanning (ms): Min: 0.0, Avg: 0.0, Max: 0.2, Diff: 0.2, Sum: 0.2]
      [Update RS (ms): Min: 0.0, Avg: 0.5, Max: 1.9, Diff: 1.9, Sum: 1.9]
         [Processed Buffers: Min: 0, Avg: 12.0, Max: 48, Diff: 48, Sum: 48]
      [Scan RS (ms): Min: 0.0, Avg: 0.0, Max: 0.1, Diff: 0.1, Sum: 0.1]
      [Code Root Scanning (ms): Min: 0.0, Avg: 0.0, Max: 0.0, Diff: 0.0, Sum: 0.0]
      [Object Copy (ms): Min: 0.3, Avg: 1.9, Max: 3.5, Diff: 3.2, Sum: 7.6]
      [Termination (ms): Min: 0.0, Avg: 0.0, Max: 0.1, Diff: 0.1, Sum: 0.1]
         [Termination Attempts: Min: 1, Avg: 1.0, Max: 1, Diff: 0, Sum: 4]
      [GC Worker Other (ms): Min: 0.0, Avg: 0.0, Max: 0.0, Diff: 0.0, Sum: 0.0]
      [GC Worker Total (ms): Min: 0.4, Avg: 2.5, Max: 5.7, Diff: 5.4, Sum: 10.0]
      [GC Worker End (ms): Min: 807.6, Avg: 807.6, Max: 807.7, Diff: 0.0]
   [Code Root Fixup: 0.0 ms]
   [Code Root Purge: 0.0 ms]
   [Clear CT: 0.1 ms]
   [Other: 1.7 ms]
      [Choose CSet: 0.0 ms]
      [Ref Proc: 1.4 ms]
      [Ref Enq: 0.0 ms]
      [Redirty Cards: 0.0 ms]
      [Humongous Register: 0.1 ms]
      [Humongous Reclaim: 0.0 ms]
      [Free CSet: 0.0 ms]
   [Eden: 16.0M(16.0M)->0.0B(48.0M) Survivors: 9216.0K->4096.0K Heap: 376.4M(512.0M)->346.5M(512.0M)]
 [Times: user=0.02 sys=0.00, real=0.01 secs] 
2020-10-29T01:54:26.416-0800: [GC pause (G1 Humongous Allocation) (young) (initial-mark), 0.0018924 secs]
   [Parallel Time: 1.0 ms, GC Workers: 4]
      [GC Worker Start (ms): Min: 809.9, Avg: 810.1, Max: 810.2, Diff: 0.2]
      [Ext Root Scanning (ms): Min: 0.0, Avg: 0.4, Max: 0.6, Diff: 0.6, Sum: 1.5]
      [Update RS (ms): Min: 0.0, Avg: 0.1, Max: 0.4, Diff: 0.4, Sum: 0.4]
         [Processed Buffers: Min: 0, Avg: 1.2, Max: 4, Diff: 4, Sum: 5]
      [Scan RS (ms): Min: 0.0, Avg: 0.0, Max: 0.0, Diff: 0.0, Sum: 0.0]
      [Code Root Scanning (ms): Min: 0.0, Avg: 0.0, Max: 0.0, Diff: 0.0, Sum: 0.0]
      [Object Copy (ms): Min: 0.2, Avg: 0.2, Max: 0.3, Diff: 0.0, Sum: 0.9]
      [Termination (ms): Min: 0.0, Avg: 0.0, Max: 0.1, Diff: 0.1, Sum: 0.2]
         [Termination Attempts: Min: 1, Avg: 1.0, Max: 1, Diff: 0, Sum: 4]
      [GC Worker Other (ms): Min: 0.0, Avg: 0.0, Max: 0.0, Diff: 0.0, Sum: 0.0]
      [GC Worker Total (ms): Min: 0.7, Avg: 0.8, Max: 0.9, Diff: 0.2, Sum: 3.0]
      [GC Worker End (ms): Min: 810.8, Avg: 810.9, Max: 810.9, Diff: 0.0]
   [Code Root Fixup: 0.0 ms]
   [Code Root Purge: 0.0 ms]
   [Clear CT: 0.0 ms]
   [Other: 0.9 ms]
      [Choose CSet: 0.0 ms]
      [Ref Proc: 0.7 ms]
      [Ref Enq: 0.0 ms]
      [Redirty Cards: 0.0 ms]
      [Humongous Register: 0.1 ms]
      [Humongous Reclaim: 0.0 ms]
      [Free CSet: 0.0 ms]
   [Eden: 1024.0K(48.0M)->0.0B(51.0M) Survivors: 4096.0K->0.0B Heap: 347.1M(512.0M)->346.7M(512.0M)]
 [Times: user=0.00 sys=0.00, real=0.00 secs] 
2020-10-29T01:54:26.418-0800: [GC concurrent-root-region-scan-start]
2020-10-29T01:54:26.418-0800: [GC concurrent-root-region-scan-end, 0.0000490 secs]
2020-10-29T01:54:26.418-0800: [GC concurrent-mark-start]
2020-10-29T01:54:26.420-0800: [GC concurrent-mark-end, 0.0019832 secs]
2020-10-29T01:54:26.420-0800: [GC remark 2020-10-29T01:54:26.420-0800: [Finalize Marking, 0.0007850 secs] 2020-10-29T01:54:26.421-0800: [GC ref-proc, 0.0000409 secs] 2020-10-29T01:54:26.421-0800: [Unloading, 0.0008991 secs], 0.0039361 secs]
 [Times: user=0.01 sys=0.00, real=0.00 secs] 
2020-10-29T01:54:26.424-0800: [GC cleanup 354M->354M(512M), 0.0004976 secs]
 [Times: user=0.00 sys=0.00, real=0.00 secs] 
2020-10-29T01:54:26.434-0800: [GC pause (G1 Evacuation Pause) (young), 0.0042939 secs]
   [Parallel Time: 3.7 ms, GC Workers: 4]
      [GC Worker Start (ms): Min: 828.1, Avg: 828.2, Max: 828.2, Diff: 0.0]
      [Ext Root Scanning (ms): Min: 0.1, Avg: 0.1, Max: 0.1, Diff: 0.0, Sum: 0.5]
      [Update RS (ms): Min: 1.3, Avg: 1.3, Max: 1.4, Diff: 0.1, Sum: 5.2]
         [Processed Buffers: Min: 16, Avg: 17.0, Max: 18, Diff: 2, Sum: 68]
      [Scan RS (ms): Min: 0.0, Avg: 0.0, Max: 0.0, Diff: 0.0, Sum: 0.0]
      [Code Root Scanning (ms): Min: 0.0, Avg: 0.0, Max: 0.0, Diff: 0.0, Sum: 0.0]
      [Object Copy (ms): Min: 1.4, Avg: 1.6, Max: 2.1, Diff: 0.7, Sum: 6.3]
      [Termination (ms): Min: 0.0, Avg: 0.5, Max: 0.8, Diff: 0.8, Sum: 2.2]
         [Termination Attempts: Min: 1, Avg: 1.0, Max: 1, Diff: 0, Sum: 4]
      [GC Worker Other (ms): Min: 0.0, Avg: 0.0, Max: 0.0, Diff: 0.0, Sum: 0.0]
      [GC Worker Total (ms): Min: 3.5, Avg: 3.6, Max: 3.6, Diff: 0.1, Sum: 14.2]
      [GC Worker End (ms): Min: 831.6, Avg: 831.7, Max: 831.8, Diff: 0.2]
   [Code Root Fixup: 0.0 ms]
   [Code Root Purge: 0.0 ms]
   [Clear CT: 0.0 ms]
   [Other: 0.6 ms]
      [Choose CSet: 0.0 ms]
      [Ref Proc: 0.2 ms]
      [Ref Enq: 0.0 ms]
      [Redirty Cards: 0.0 ms]
      [Humongous Register: 0.1 ms]
      [Humongous Reclaim: 0.0 ms]
      [Free CSet: 0.0 ms]
   [Eden: 51.0M(51.0M)->0.0B(18.0M) Survivors: 0.0B->7168.0K Heap: 408.1M(512.0M)->367.3M(512.0M)]
 [Times: user=0.01 sys=0.00, real=0.00 secs] 
2020-10-29T01:54:26.442-0800: [GC pause (G1 Evacuation Pause) (mixed), 0.0056989 secs]
   [Parallel Time: 5.3 ms, GC Workers: 4]
      [GC Worker Start (ms): Min: 836.3, Avg: 836.3, Max: 836.3, Diff: 0.0]
      [Ext Root Scanning (ms): Min: 0.1, Avg: 0.1, Max: 0.1, Diff: 0.0, Sum: 0.5]
      [Update RS (ms): Min: 1.1, Avg: 1.3, Max: 2.1, Diff: 1.0, Sum: 5.3]
         [Processed Buffers: Min: 9, Avg: 13.0, Max: 16, Diff: 7, Sum: 52]
      [Scan RS (ms): Min: 0.0, Avg: 0.0, Max: 0.1, Diff: 0.1, Sum: 0.2]
      [Code Root Scanning (ms): Min: 0.0, Avg: 0.0, Max: 0.0, Diff: 0.0, Sum: 0.0]
      [Object Copy (ms): Min: 2.8, Avg: 3.6, Max: 4.0, Diff: 1.2, Sum: 14.3]
      [Termination (ms): Min: 0.0, Avg: 0.2, Max: 0.2, Diff: 0.2, Sum: 0.6]
         [Termination Attempts: Min: 1, Avg: 1.0, Max: 1, Diff: 0, Sum: 4]
      [GC Worker Other (ms): Min: 0.0, Avg: 0.0, Max: 0.0, Diff: 0.0, Sum: 0.0]
      [GC Worker Total (ms): Min: 5.2, Avg: 5.2, Max: 5.3, Diff: 0.0, Sum: 21.0]
      [GC Worker End (ms): Min: 841.5, Avg: 841.5, Max: 841.5, Diff: 0.0]
   [Code Root Fixup: 0.0 ms]
   [Code Root Purge: 0.0 ms]
   [Clear CT: 0.1 ms]
   [Other: 0.3 ms]
      [Choose CSet: 0.0 ms]
      [Ref Proc: 0.1 ms]
      [Ref Enq: 0.0 ms]
      [Redirty Cards: 0.0 ms]
      [Humongous Register: 0.1 ms]
      [Humongous Reclaim: 0.0 ms]
      [Free CSet: 0.1 ms]
   [Eden: 18.0M(18.0M)->0.0B(42.0M) Survivors: 7168.0K->4096.0K Heap: 391.1M(512.0M)->352.8M(512.0M)]
 [Times: user=0.02 sys=0.01, real=0.00 secs] 
2020-10-29T01:54:26.449-0800: [GC pause (G1 Humongous Allocation) (young) (initial-mark), 0.0011025 secs]
   [Parallel Time: 0.5 ms, GC Workers: 4]
      [GC Worker Start (ms): Min: 842.8, Avg: 842.8, Max: 842.8, Diff: 0.0]
      [Ext Root Scanning (ms): Min: 0.1, Avg: 0.1, Max: 0.2, Diff: 0.0, Sum: 0.6]
      [Update RS (ms): Min: 0.0, Avg: 0.1, Max: 0.1, Diff: 0.1, Sum: 0.3]
         [Processed Buffers: Min: 1, Avg: 1.2, Max: 2, Diff: 1, Sum: 5]
      [Scan RS (ms): Min: 0.0, Avg: 0.0, Max: 0.0, Diff: 0.0, Sum: 0.0]
      [Code Root Scanning (ms): Min: 0.0, Avg: 0.0, Max: 0.0, Diff: 0.0, Sum: 0.0]
      [Object Copy (ms): Min: 0.2, Avg: 0.2, Max: 0.3, Diff: 0.1, Sum: 0.9]
      [Termination (ms): Min: 0.0, Avg: 0.0, Max: 0.0, Diff: 0.0, Sum: 0.0]
         [Termination Attempts: Min: 1, Avg: 1.0, Max: 1, Diff: 0, Sum: 4]
      [GC Worker Other (ms): Min: 0.0, Avg: 0.0, Max: 0.0, Diff: 0.0, Sum: 0.0]
      [GC Worker Total (ms): Min: 0.4, Avg: 0.5, Max: 0.5, Diff: 0.0, Sum: 1.9]
      [GC Worker End (ms): Min: 843.3, Avg: 843.3, Max: 843.3, Diff: 0.0]
   [Code Root Fixup: 0.0 ms]
   [Code Root Purge: 0.0 ms]
   [Clear CT: 0.1 ms]
   [Other: 0.5 ms]
      [Choose CSet: 0.0 ms]
      [Ref Proc: 0.3 ms]
      [Ref Enq: 0.0 ms]
      [Redirty Cards: 0.0 ms]
      [Humongous Register: 0.1 ms]
      [Humongous Reclaim: 0.0 ms]
      [Free CSet: 0.0 ms]
   [Eden: 1024.0K(42.0M)->0.0B(43.0M) Survivors: 4096.0K->1024.0K Heap: 353.3M(512.0M)->352.8M(512.0M)]
 [Times: user=0.00 sys=0.00, real=0.01 secs] 
2020-10-29T01:54:26.450-0800: [GC concurrent-root-region-scan-start]
2020-10-29T01:54:26.450-0800: [GC concurrent-root-region-scan-end, 0.0001145 secs]
2020-10-29T01:54:26.450-0800: [GC concurrent-mark-start]
2020-10-29T01:54:26.452-0800: [GC concurrent-mark-end, 0.0022344 secs]
2020-10-29T01:54:26.452-0800: [GC remark 2020-10-29T01:54:26.452-0800: [Finalize Marking, 0.0008460 secs] 2020-10-29T01:54:26.453-0800: [GC ref-proc, 0.0000482 secs] 2020-10-29T01:54:26.453-0800: [Unloading, 0.0007400 secs], 0.0032496 secs]
 [Times: user=0.01 sys=0.00, real=0.00 secs] 
2020-10-29T01:54:26.456-0800: [GC cleanup 361M->361M(512M), 0.0005293 secs]
 [Times: user=0.00 sys=0.00, real=0.00 secs] 
2020-10-29T01:54:26.466-0800: [GC pause (G1 Evacuation Pause) (young), 0.0028631 secs]
   [Parallel Time: 2.5 ms, GC Workers: 4]
      [GC Worker Start (ms): Min: 860.4, Avg: 860.4, Max: 860.5, Diff: 0.0]
      [Ext Root Scanning (ms): Min: 0.1, Avg: 0.1, Max: 0.1, Diff: 0.0, Sum: 0.5]
      [Update RS (ms): Min: 1.2, Avg: 1.2, Max: 1.3, Diff: 0.1, Sum: 4.9]
         [Processed Buffers: Min: 14, Avg: 16.0, Max: 17, Diff: 3, Sum: 64]
      [Scan RS (ms): Min: 0.0, Avg: 0.0, Max: 0.0, Diff: 0.0, Sum: 0.0]
      [Code Root Scanning (ms): Min: 0.0, Avg: 0.0, Max: 0.0, Diff: 0.0, Sum: 0.0]
      [Object Copy (ms): Min: 0.9, Avg: 1.0, Max: 1.0, Diff: 0.1, Sum: 3.8]
      [Termination (ms): Min: 0.0, Avg: 0.1, Max: 0.1, Diff: 0.1, Sum: 0.2]
         [Termination Attempts: Min: 1, Avg: 1.0, Max: 1, Diff: 0, Sum: 4]
      [GC Worker Other (ms): Min: 0.0, Avg: 0.0, Max: 0.0, Diff: 0.0, Sum: 0.0]
      [GC Worker Total (ms): Min: 2.4, Avg: 2.4, Max: 2.4, Diff: 0.1, Sum: 9.6]
      [GC Worker End (ms): Min: 862.8, Avg: 862.8, Max: 862.9, Diff: 0.0]
   [Code Root Fixup: 0.0 ms]
   [Code Root Purge: 0.0 ms]
   [Clear CT: 0.0 ms]
   [Other: 0.4 ms]
      [Choose CSet: 0.0 ms]
      [Ref Proc: 0.1 ms]
      [Ref Enq: 0.0 ms]
      [Redirty Cards: 0.0 ms]
      [Humongous Register: 0.1 ms]
      [Humongous Reclaim: 0.0 ms]
      [Free CSet: 0.0 ms]
   [Eden: 43.0M(43.0M)->0.0B(19.0M) Survivors: 1024.0K->6144.0K Heap: 404.3M(512.0M)->365.8M(512.0M)]
 [Times: user=0.01 sys=0.00, real=0.00 secs] 
2020-10-29T01:54:26.474-0800: [GC pause (G1 Evacuation Pause) (mixed), 0.0058900 secs]
   [Parallel Time: 5.3 ms, GC Workers: 4]
      [GC Worker Start (ms): Min: 868.2, Avg: 868.2, Max: 868.2, Diff: 0.0]
      [Ext Root Scanning (ms): Min: 0.1, Avg: 0.1, Max: 0.1, Diff: 0.0, Sum: 0.5]
      [Update RS (ms): Min: 0.6, Avg: 0.6, Max: 0.6, Diff: 0.1, Sum: 2.4]
         [Processed Buffers: Min: 7, Avg: 8.0, Max: 9, Diff: 2, Sum: 32]
      [Scan RS (ms): Min: 0.0, Avg: 2.3, Max: 4.5, Diff: 4.5, Sum: 9.1]
      [Code Root Scanning (ms): Min: 0.0, Avg: 0.0, Max: 0.0, Diff: 0.0, Sum: 0.0]
      [Object Copy (ms): Min: 0.0, Avg: 1.9, Max: 3.7, Diff: 3.7, Sum: 7.4]
      [Termination (ms): Min: 0.0, Avg: 0.3, Max: 0.7, Diff: 0.7, Sum: 1.4]
         [Termination Attempts: Min: 1, Avg: 1.2, Max: 2, Diff: 1, Sum: 5]
      [GC Worker Other (ms): Min: 0.0, Avg: 0.0, Max: 0.0, Diff: 0.0, Sum: 0.0]
      [GC Worker Total (ms): Min: 5.2, Avg: 5.2, Max: 5.2, Diff: 0.0, Sum: 20.9]
      [GC Worker End (ms): Min: 873.4, Avg: 873.4, Max: 873.5, Diff: 0.0]
   [Code Root Fixup: 0.0 ms]
   [Code Root Purge: 0.0 ms]
   [Clear CT: 0.0 ms]
   [Other: 0.6 ms]
      [Choose CSet: 0.0 ms]
      [Ref Proc: 0.3 ms]
      [Ref Enq: 0.0 ms]
      [Redirty Cards: 0.1 ms]
      [Humongous Register: 0.1 ms]
      [Humongous Reclaim: 0.0 ms]
      [Free CSet: 0.1 ms]
   [Eden: 19.0M(19.0M)->0.0B(45.0M) Survivors: 6144.0K->4096.0K Heap: 388.2M(512.0M)->349.6M(512.0M)]
 [Times: user=0.01 sys=0.00, real=0.01 secs] 
2020-10-29T01:54:26.481-0800: [GC pause (G1 Humongous Allocation) (young) (initial-mark), 0.0011267 secs]
   [Parallel Time: 0.7 ms, GC Workers: 4]
      [GC Worker Start (ms): Min: 875.2, Avg: 875.2, Max: 875.2, Diff: 0.0]
      [Ext Root Scanning (ms): Min: 0.1, Avg: 0.1, Max: 0.2, Diff: 0.0, Sum: 0.6]
      [Update RS (ms): Min: 0.0, Avg: 0.1, Max: 0.2, Diff: 0.2, Sum: 0.4]
         [Processed Buffers: Min: 0, Avg: 0.8, Max: 1, Diff: 1, Sum: 3]
      [Scan RS (ms): Min: 0.0, Avg: 0.0, Max: 0.0, Diff: 0.0, Sum: 0.0]
      [Code Root Scanning (ms): Min: 0.0, Avg: 0.0, Max: 0.0, Diff: 0.0, Sum: 0.0]
      [Object Copy (ms): Min: 0.3, Avg: 0.4, Max: 0.4, Diff: 0.1, Sum: 1.4]
      [Termination (ms): Min: 0.0, Avg: 0.1, Max: 0.1, Diff: 0.1, Sum: 0.3]
         [Termination Attempts: Min: 1, Avg: 1.8, Max: 3, Diff: 2, Sum: 7]
      [GC Worker Other (ms): Min: 0.0, Avg: 0.0, Max: 0.0, Diff: 0.0, Sum: 0.0]
      [GC Worker Total (ms): Min: 0.6, Avg: 0.7, Max: 0.7, Diff: 0.1, Sum: 2.7]
      [GC Worker End (ms): Min: 875.9, Avg: 875.9, Max: 875.9, Diff: 0.0]
   [Code Root Fixup: 0.0 ms]
   [Code Root Purge: 0.0 ms]
   [Clear CT: 0.0 ms]
   [Other: 0.3 ms]
      [Choose CSet: 0.0 ms]
      [Ref Proc: 0.1 ms]
      [Ref Enq: 0.0 ms]
      [Redirty Cards: 0.0 ms]
      [Humongous Register: 0.1 ms]
      [Humongous Reclaim: 0.0 ms]
      [Free CSet: 0.0 ms]
   [Eden: 5120.0K(45.0M)->0.0B(43.0M) Survivors: 4096.0K->2048.0K Heap: 354.0M(512.0M)->350.8M(512.0M)]
 [Times: user=0.00 sys=0.00, real=0.00 secs] 
2020-10-29T01:54:26.482-0800: [GC concurrent-root-region-scan-start]
2020-10-29T01:54:26.482-0800: [GC concurrent-root-region-scan-end, 0.0001168 secs]
2020-10-29T01:54:26.482-0800: [GC concurrent-mark-start]
2020-10-29T01:54:26.485-0800: [GC concurrent-mark-end, 0.0022079 secs]
2020-10-29T01:54:26.485-0800: [GC remark 2020-10-29T01:54:26.485-0800: [Finalize Marking, 0.0000777 secs] 2020-10-29T01:54:26.485-0800: [GC ref-proc, 0.0000353 secs] 2020-10-29T01:54:26.485-0800: [Unloading, 0.0004843 secs], 0.0022886 secs]
 [Times: user=0.00 sys=0.00, real=0.00 secs] 
2020-10-29T01:54:26.487-0800: [GC cleanup 360M->360M(512M), 0.0005218 secs]
 [Times: user=0.00 sys=0.00, real=0.00 secs] 
2020-10-29T01:54:26.495-0800: [GC pause (G1 Evacuation Pause) (young), 0.0030459 secs]
   [Parallel Time: 2.7 ms, GC Workers: 4]
      [GC Worker Start (ms): Min: 889.6, Avg: 889.6, Max: 889.6, Diff: 0.0]
      [Ext Root Scanning (ms): Min: 0.1, Avg: 0.1, Max: 0.1, Diff: 0.0, Sum: 0.5]
      [Update RS (ms): Min: 1.4, Avg: 1.4, Max: 1.5, Diff: 0.0, Sum: 5.7]
         [Processed Buffers: Min: 13, Avg: 17.0, Max: 19, Diff: 6, Sum: 68]
      [Scan RS (ms): Min: 0.0, Avg: 0.0, Max: 0.0, Diff: 0.0, Sum: 0.0]
      [Code Root Scanning (ms): Min: 0.0, Avg: 0.0, Max: 0.0, Diff: 0.0, Sum: 0.0]
      [Object Copy (ms): Min: 1.0, Avg: 1.0, Max: 1.1, Diff: 0.1, Sum: 4.2]
      [Termination (ms): Min: 0.0, Avg: 0.0, Max: 0.1, Diff: 0.1, Sum: 0.1]
         [Termination Attempts: Min: 1, Avg: 1.0, Max: 1, Diff: 0, Sum: 4]
      [GC Worker Other (ms): Min: 0.0, Avg: 0.0, Max: 0.0, Diff: 0.0, Sum: 0.0]
      [GC Worker Total (ms): Min: 2.6, Avg: 2.6, Max: 2.7, Diff: 0.1, Sum: 10.6]
      [GC Worker End (ms): Min: 892.2, Avg: 892.2, Max: 892.2, Diff: 0.0]
   [Code Root Fixup: 0.0 ms]
   [Code Root Purge: 0.0 ms]
   [Clear CT: 0.0 ms]
   [Other: 0.3 ms]
      [Choose CSet: 0.0 ms]
      [Ref Proc: 0.1 ms]
      [Ref Enq: 0.0 ms]
      [Redirty Cards: 0.0 ms]
      [Humongous Register: 0.1 ms]
      [Humongous Reclaim: 0.0 ms]
      [Free CSet: 0.0 ms]
   [Eden: 43.0M(43.0M)->0.0B(19.0M) Survivors: 2048.0K->6144.0K Heap: 407.2M(512.0M)->367.0M(512.0M)]
 [Times: user=0.01 sys=0.00, real=0.00 secs] 
2020-10-29T01:54:26.502-0800: [GC pause (G1 Evacuation Pause) (mixed), 0.0046216 secs]
   [Parallel Time: 4.2 ms, GC Workers: 4]
      [GC Worker Start (ms): Min: 896.1, Avg: 896.1, Max: 896.2, Diff: 0.0]
      [Ext Root Scanning (ms): Min: 0.1, Avg: 0.1, Max: 0.1, Diff: 0.0, Sum: 0.5]
      [Update RS (ms): Min: 0.3, Avg: 0.3, Max: 0.4, Diff: 0.0, Sum: 1.3]
         [Processed Buffers: Min: 4, Avg: 5.0, Max: 6, Diff: 2, Sum: 20]
      [Scan RS (ms): Min: 0.0, Avg: 0.0, Max: 0.1, Diff: 0.0, Sum: 0.2]
      [Code Root Scanning (ms): Min: 0.0, Avg: 0.0, Max: 0.0, Diff: 0.0, Sum: 0.0]
      [Object Copy (ms): Min: 3.6, Avg: 3.6, Max: 3.7, Diff: 0.0, Sum: 14.6]
      [Termination (ms): Min: 0.0, Avg: 0.0, Max: 0.0, Diff: 0.0, Sum: 0.1]
         [Termination Attempts: Min: 1, Avg: 1.0, Max: 1, Diff: 0, Sum: 4]
      [GC Worker Other (ms): Min: 0.0, Avg: 0.0, Max: 0.0, Diff: 0.0, Sum: 0.0]
      [GC Worker Total (ms): Min: 4.1, Avg: 4.2, Max: 4.2, Diff: 0.0, Sum: 16.6]
      [GC Worker End (ms): Min: 900.3, Avg: 900.3, Max: 900.3, Diff: 0.0]
   [Code Root Fixup: 0.0 ms]
   [Code Root Purge: 0.0 ms]
   [Clear CT: 0.0 ms]
   [Other: 0.4 ms]
      [Choose CSet: 0.0 ms]
      [Ref Proc: 0.1 ms]
      [Ref Enq: 0.0 ms]
      [Redirty Cards: 0.0 ms]
      [Humongous Register: 0.1 ms]
      [Humongous Reclaim: 0.0 ms]
      [Free CSet: 0.0 ms]
   [Eden: 19.0M(19.0M)->0.0B(40.0M) Survivors: 6144.0K->4096.0K Heap: 387.8M(512.0M)->354.4M(512.0M)]
 [Times: user=0.01 sys=0.00, real=0.00 secs] 
2020-10-29T01:54:26.507-0800: [GC pause (G1 Humongous Allocation) (young) (initial-mark), 0.0017628 secs]
   [Parallel Time: 1.3 ms, GC Workers: 4]
      [GC Worker Start (ms): Min: 901.2, Avg: 901.3, Max: 901.3, Diff: 0.1]
      [Ext Root Scanning (ms): Min: 0.1, Avg: 0.1, Max: 0.2, Diff: 0.1, Sum: 0.5]
      [Update RS (ms): Min: 0.1, Avg: 0.1, Max: 0.1, Diff: 0.0, Sum: 0.3]
         [Processed Buffers: Min: 1, Avg: 1.2, Max: 2, Diff: 1, Sum: 5]
      [Scan RS (ms): Min: 0.0, Avg: 0.0, Max: 0.0, Diff: 0.0, Sum: 0.0]
      [Code Root Scanning (ms): Min: 0.0, Avg: 0.0, Max: 0.0, Diff: 0.0, Sum: 0.0]
      [Object Copy (ms): Min: 0.3, Avg: 0.5, Max: 1.0, Diff: 0.7, Sum: 2.0]
      [Termination (ms): Min: 0.0, Avg: 0.5, Max: 0.7, Diff: 0.7, Sum: 2.1]
         [Termination Attempts: Min: 1, Avg: 1.0, Max: 1, Diff: 0, Sum: 4]
      [GC Worker Other (ms): Min: 0.0, Avg: 0.0, Max: 0.0, Diff: 0.0, Sum: 0.0]
      [GC Worker Total (ms): Min: 1.2, Avg: 1.3, Max: 1.3, Diff: 0.1, Sum: 5.1]
      [GC Worker End (ms): Min: 902.5, Avg: 902.5, Max: 902.5, Diff: 0.0]
   [Code Root Fixup: 0.0 ms]
   [Code Root Purge: 0.0 ms]
   [Clear CT: 0.0 ms]
   [Other: 0.4 ms]
      [Choose CSet: 0.0 ms]
      [Ref Proc: 0.1 ms]
      [Ref Enq: 0.0 ms]
      [Redirty Cards: 0.0 ms]
      [Humongous Register: 0.1 ms]
      [Humongous Reclaim: 0.0 ms]
      [Free CSet: 0.0 ms]
   [Eden: 1024.0K(40.0M)->0.0B(43.0M) Survivors: 4096.0K->0.0B Heap: 355.3M(512.0M)->353.7M(512.0M)]
 [Times: user=0.01 sys=0.00, real=0.00 secs] 
2020-10-29T01:54:26.509-0800: [GC concurrent-root-region-scan-start]
2020-10-29T01:54:26.509-0800: [GC concurrent-root-region-scan-end, 0.0000333 secs]
2020-10-29T01:54:26.509-0800: [GC concurrent-mark-start]
2020-10-29T01:54:26.511-0800: [GC concurrent-mark-end, 0.0022976 secs]
2020-10-29T01:54:26.511-0800: [GC remark 2020-10-29T01:54:26.511-0800: [Finalize Marking, 0.0001067 secs] 2020-10-29T01:54:26.512-0800: [GC ref-proc, 0.0000348 secs] 2020-10-29T01:54:26.512-0800: [Unloading, 0.0004493 secs], 0.0020537 secs]
 [Times: user=0.01 sys=0.00, real=0.00 secs] 
2020-10-29T01:54:26.514-0800: [GC cleanup 365M->365M(512M), 0.0005012 secs]
 [Times: user=0.00 sys=0.00, real=0.00 secs] 
2020-10-29T01:54:26.523-0800: [GC pause (G1 Evacuation Pause) (young), 0.0034747 secs]
   [Parallel Time: 3.1 ms, GC Workers: 4]
      [GC Worker Start (ms): Min: 916.9, Avg: 916.9, Max: 917.0, Diff: 0.0]
      [Ext Root Scanning (ms): Min: 0.2, Avg: 1.1, Max: 1.9, Diff: 1.7, Sum: 4.2]
      [Update RS (ms): Min: 0.2, Avg: 1.1, Max: 2.0, Diff: 1.8, Sum: 4.4]
         [Processed Buffers: Min: 4, Avg: 19.0, Max: 35, Diff: 31, Sum: 76]
      [Scan RS (ms): Min: 0.0, Avg: 0.0, Max: 0.0, Diff: 0.0, Sum: 0.0]
      [Code Root Scanning (ms): Min: 0.0, Avg: 0.0, Max: 0.0, Diff: 0.0, Sum: 0.0]
      [Object Copy (ms): Min: 0.8, Avg: 0.8, Max: 0.8, Diff: 0.1, Sum: 3.3]
      [Termination (ms): Min: 0.0, Avg: 0.1, Max: 0.1, Diff: 0.1, Sum: 0.2]
         [Termination Attempts: Min: 1, Avg: 1.0, Max: 1, Diff: 0, Sum: 4]
      [GC Worker Other (ms): Min: 0.0, Avg: 0.0, Max: 0.0, Diff: 0.0, Sum: 0.1]
      [GC Worker Total (ms): Min: 3.0, Avg: 3.1, Max: 3.1, Diff: 0.1, Sum: 12.2]
      [GC Worker End (ms): Min: 920.0, Avg: 920.0, Max: 920.0, Diff: 0.0]
   [Code Root Fixup: 0.0 ms]
   [Code Root Purge: 0.0 ms]
   [Clear CT: 0.0 ms]
   [Other: 0.3 ms]
      [Choose CSet: 0.0 ms]
      [Ref Proc: 0.1 ms]
      [Ref Enq: 0.0 ms]
      [Redirty Cards: 0.0 ms]
      [Humongous Register: 0.1 ms]
      [Humongous Reclaim: 0.0 ms]
      [Free CSet: 0.0 ms]
   [Eden: 43.0M(43.0M)->0.0B(19.0M) Survivors: 0.0B->6144.0K Heap: 410.4M(512.0M)->369.3M(512.0M)]
 [Times: user=0.01 sys=0.00, real=0.00 secs] 
2020-10-29T01:54:26.530-0800: [GC pause (G1 Evacuation Pause) (mixed), 0.0059589 secs]
   [Parallel Time: 5.4 ms, GC Workers: 4]
      [GC Worker Start (ms): Min: 924.3, Avg: 924.3, Max: 924.3, Diff: 0.0]
      [Ext Root Scanning (ms): Min: 0.1, Avg: 0.1, Max: 0.1, Diff: 0.0, Sum: 0.5]
      [Update RS (ms): Min: 1.1, Avg: 1.1, Max: 1.1, Diff: 0.1, Sum: 4.3]
         [Processed Buffers: Min: 14, Avg: 15.0, Max: 16, Diff: 2, Sum: 60]
      [Scan RS (ms): Min: 0.0, Avg: 0.0, Max: 0.1, Diff: 0.0, Sum: 0.2]
      [Code Root Scanning (ms): Min: 0.0, Avg: 0.0, Max: 0.0, Diff: 0.0, Sum: 0.0]
      [Object Copy (ms): Min: 3.5, Avg: 3.8, Max: 4.1, Diff: 0.6, Sum: 15.1]
      [Termination (ms): Min: 0.0, Avg: 0.3, Max: 0.6, Diff: 0.6, Sum: 1.3]
         [Termination Attempts: Min: 1, Avg: 1.0, Max: 1, Diff: 0, Sum: 4]
      [GC Worker Other (ms): Min: 0.0, Avg: 0.0, Max: 0.0, Diff: 0.0, Sum: 0.0]
      [GC Worker Total (ms): Min: 5.3, Avg: 5.3, Max: 5.4, Diff: 0.0, Sum: 21.4]
      [GC Worker End (ms): Min: 929.6, Avg: 929.6, Max: 929.7, Diff: 0.0]
   [Code Root Fixup: 0.0 ms]
   [Code Root Purge: 0.0 ms]
   [Clear CT: 0.1 ms]
   [Other: 0.5 ms]
      [Choose CSet: 0.0 ms]
      [Ref Proc: 0.2 ms]
      [Ref Enq: 0.0 ms]
      [Redirty Cards: 0.0 ms]
      [Humongous Register: 0.1 ms]
      [Humongous Reclaim: 0.0 ms]
      [Free CSet: 0.0 ms]
   [Eden: 19.0M(19.0M)->0.0B(35.0M) Survivors: 6144.0K->4096.0K Heap: 395.1M(512.0M)->360.9M(512.0M)]
 [Times: user=0.02 sys=0.01, real=0.00 secs] 
2020-10-29T01:54:26.536-0800: [GC pause (G1 Humongous Allocation) (young) (initial-mark), 0.0008438 secs]
   [Parallel Time: 0.5 ms, GC Workers: 4]
      [GC Worker Start (ms): Min: 930.5, Avg: 930.6, Max: 930.6, Diff: 0.0]
      [Ext Root Scanning (ms): Min: 0.1, Avg: 0.1, Max: 0.1, Diff: 0.0, Sum: 0.5]
      [Update RS (ms): Min: 0.1, Avg: 0.1, Max: 0.1, Diff: 0.0, Sum: 0.4]
         [Processed Buffers: Min: 1, Avg: 1.2, Max: 2, Diff: 1, Sum: 5]
      [Scan RS (ms): Min: 0.0, Avg: 0.0, Max: 0.0, Diff: 0.0, Sum: 0.0]
      [Code Root Scanning (ms): Min: 0.0, Avg: 0.0, Max: 0.0, Diff: 0.0, Sum: 0.0]
      [Object Copy (ms): Min: 0.2, Avg: 0.2, Max: 0.2, Diff: 0.0, Sum: 0.8]
      [Termination (ms): Min: 0.0, Avg: 0.0, Max: 0.1, Diff: 0.1, Sum: 0.1]
         [Termination Attempts: Min: 1, Avg: 1.0, Max: 1, Diff: 0, Sum: 4]
      [GC Worker Other (ms): Min: 0.0, Avg: 0.0, Max: 0.0, Diff: 0.0, Sum: 0.0]
      [GC Worker Total (ms): Min: 0.4, Avg: 0.4, Max: 0.5, Diff: 0.0, Sum: 1.8]
      [GC Worker End (ms): Min: 931.0, Avg: 931.0, Max: 931.0, Diff: 0.0]
   [Code Root Fixup: 0.0 ms]
   [Code Root Purge: 0.0 ms]
   [Clear CT: 0.0 ms]
   [Other: 0.3 ms]
      [Choose CSet: 0.0 ms]
      [Ref Proc: 0.1 ms]
      [Ref Enq: 0.0 ms]
      [Redirty Cards: 0.0 ms]
      [Humongous Register: 0.1 ms]
      [Humongous Reclaim: 0.0 ms]
      [Free CSet: 0.0 ms]
   [Eden: 1024.0K(35.0M)->0.0B(34.0M) Survivors: 4096.0K->1024.0K Heap: 361.7M(512.0M)->360.9M(512.0M)]
 [Times: user=0.00 sys=0.00, real=0.00 secs] 
2020-10-29T01:54:26.537-0800: [GC concurrent-root-region-scan-start]
2020-10-29T01:54:26.538-0800: [GC concurrent-root-region-scan-end, 0.0001188 secs]
2020-10-29T01:54:26.538-0800: [GC concurrent-mark-start]
2020-10-29T01:54:26.540-0800: [GC concurrent-mark-end, 0.0024107 secs]
2020-10-29T01:54:26.540-0800: [GC remark 2020-10-29T01:54:26.540-0800: [Finalize Marking, 0.0001032 secs] 2020-10-29T01:54:26.540-0800: [GC ref-proc, 0.0000340 secs] 2020-10-29T01:54:26.540-0800: [Unloading, 0.0004405 secs], 0.0019393 secs]
 [Times: user=0.00 sys=0.00, real=0.00 secs] 
2020-10-29T01:54:26.542-0800: [GC cleanup 374M->374M(512M), 0.0004710 secs]
 [Times: user=0.01 sys=0.00, real=0.00 secs] 
2020-10-29T01:54:26.548-0800: [GC pause (G1 Evacuation Pause) (young), 0.0041974 secs]
   [Parallel Time: 3.1 ms, GC Workers: 4]
      [GC Worker Start (ms): Min: 942.2, Avg: 942.2, Max: 942.3, Diff: 0.2]
      [Ext Root Scanning (ms): Min: 0.0, Avg: 0.1, Max: 0.1, Diff: 0.1, Sum: 0.4]
      [Update RS (ms): Min: 1.6, Avg: 2.3, Max: 2.9, Diff: 1.3, Sum: 9.0]
         [Processed Buffers: Min: 18, Avg: 18.5, Max: 19, Diff: 1, Sum: 74]
      [Scan RS (ms): Min: 0.0, Avg: 0.0, Max: 0.0, Diff: 0.0, Sum: 0.0]
      [Code Root Scanning (ms): Min: 0.0, Avg: 0.0, Max: 0.0, Diff: 0.0, Sum: 0.0]
      [Object Copy (ms): Min: 0.0, Avg: 0.4, Max: 0.7, Diff: 0.7, Sum: 1.4]
      [Termination (ms): Min: 0.0, Avg: 0.3, Max: 0.7, Diff: 0.7, Sum: 1.3]
         [Termination Attempts: Min: 1, Avg: 1.0, Max: 1, Diff: 0, Sum: 4]
      [GC Worker Other (ms): Min: 0.0, Avg: 0.0, Max: 0.0, Diff: 0.0, Sum: 0.0]
      [GC Worker Total (ms): Min: 2.9, Avg: 3.1, Max: 3.1, Diff: 0.2, Sum: 12.2]
      [GC Worker End (ms): Min: 945.3, Avg: 945.3, Max: 945.3, Diff: 0.0]
   [Code Root Fixup: 0.0 ms]
   [Code Root Purge: 0.0 ms]
   [Clear CT: 0.1 ms]
   [Other: 1.0 ms]
      [Choose CSet: 0.0 ms]
      [Ref Proc: 0.7 ms]
      [Ref Enq: 0.0 ms]
      [Redirty Cards: 0.0 ms]
      [Humongous Register: 0.1 ms]
      [Humongous Reclaim: 0.0 ms]
      [Free CSet: 0.0 ms]
   [Eden: 34.0M(34.0M)->0.0B(20.0M) Survivors: 1024.0K->5120.0K Heap: 406.4M(512.0M)->373.2M(512.0M)]
 [Times: user=0.01 sys=0.00, real=0.01 secs] 
2020-10-29T01:54:26.557-0800: [GC pause (G1 Evacuation Pause) (mixed), 0.0060743 secs]
   [Parallel Time: 5.0 ms, GC Workers: 4]
      [GC Worker Start (ms): Min: 950.8, Avg: 951.4, Max: 952.3, Diff: 1.5]
      [Ext Root Scanning (ms): Min: 0.0, Avg: 0.0, Max: 0.2, Diff: 0.2, Sum: 0.2]
      [Update RS (ms): Min: 0.0, Avg: 0.6, Max: 1.0, Diff: 1.0, Sum: 2.2]
         [Processed Buffers: Min: 0, Avg: 8.2, Max: 15, Diff: 15, Sum: 33]
      [Scan RS (ms): Min: 0.0, Avg: 0.0, Max: 0.1, Diff: 0.1, Sum: 0.2]
      [Code Root Scanning (ms): Min: 0.0, Avg: 0.0, Max: 0.0, Diff: 0.0, Sum: 0.0]
      [Object Copy (ms): Min: 3.1, Avg: 3.2, Max: 3.5, Diff: 0.4, Sum: 12.7]
      [Termination (ms): Min: 0.0, Avg: 0.5, Max: 0.7, Diff: 0.7, Sum: 1.9]
         [Termination Attempts: Min: 1, Avg: 1.0, Max: 1, Diff: 0, Sum: 4]
      [GC Worker Other (ms): Min: 0.0, Avg: 0.0, Max: 0.0, Diff: 0.0, Sum: 0.0]
      [GC Worker Total (ms): Min: 3.5, Avg: 4.3, Max: 4.9, Diff: 1.5, Sum: 17.2]
      [GC Worker End (ms): Min: 955.7, Avg: 955.8, Max: 955.8, Diff: 0.0]
   [Code Root Fixup: 0.0 ms]
   [Code Root Purge: 0.0 ms]
   [Clear CT: 0.1 ms]
   [Other: 1.0 ms]
      [Choose CSet: 0.0 ms]
      [Ref Proc: 0.8 ms]
      [Ref Enq: 0.0 ms]
      [Redirty Cards: 0.0 ms]
      [Humongous Register: 0.1 ms]
      [Humongous Reclaim: 0.0 ms]
      [Free CSet: 0.0 ms]
   [Eden: 20.0M(20.0M)->0.0B(27.0M) Survivors: 5120.0K->4096.0K Heap: 396.8M(512.0M)->366.9M(512.0M)]
 [Times: user=0.01 sys=0.00, real=0.01 secs] 
2020-10-29T01:54:26.563-0800: [GC pause (G1 Humongous Allocation) (young) (initial-mark), 0.0029627 secs]
   [Parallel Time: 1.8 ms, GC Workers: 4]
      [GC Worker Start (ms): Min: 957.2, Avg: 957.4, Max: 957.4, Diff: 0.2]
      [Ext Root Scanning (ms): Min: 0.0, Avg: 0.7, Max: 1.0, Diff: 1.0, Sum: 2.8]
      [Update RS (ms): Min: 0.0, Avg: 0.1, Max: 0.3, Diff: 0.3, Sum: 0.3]
         [Processed Buffers: Min: 0, Avg: 1.2, Max: 5, Diff: 5, Sum: 5]
      [Scan RS (ms): Min: 0.0, Avg: 0.0, Max: 0.0, Diff: 0.0, Sum: 0.0]
      [Code Root Scanning (ms): Min: 0.0, Avg: 0.0, Max: 0.0, Diff: 0.0, Sum: 0.0]
      [Object Copy (ms): Min: 0.1, Avg: 0.4, Max: 0.7, Diff: 0.6, Sum: 1.4]
      [Termination (ms): Min: 0.0, Avg: 0.5, Max: 0.7, Diff: 0.7, Sum: 1.9]
         [Termination Attempts: Min: 1, Avg: 1.0, Max: 1, Diff: 0, Sum: 4]
      [GC Worker Other (ms): Min: 0.0, Avg: 0.0, Max: 0.0, Diff: 0.0, Sum: 0.0]
      [GC Worker Total (ms): Min: 1.5, Avg: 1.6, Max: 1.8, Diff: 0.3, Sum: 6.5]
      [GC Worker End (ms): Min: 958.9, Avg: 959.0, Max: 959.0, Diff: 0.1]
   [Code Root Fixup: 0.0 ms]
   [Code Root Purge: 0.0 ms]
   [Clear CT: 0.0 ms]
   [Other: 1.1 ms]
      [Choose CSet: 0.0 ms]
      [Ref Proc: 0.9 ms]
      [Ref Enq: 0.0 ms]
      [Redirty Cards: 0.0 ms]
      [Humongous Register: 0.1 ms]
      [Humongous Reclaim: 0.0 ms]
      [Free CSet: 0.0 ms]
   [Eden: 1024.0K(27.0M)->0.0B(26.0M) Survivors: 4096.0K->1024.0K Heap: 367.8M(512.0M)->367.1M(512.0M)]
 [Times: user=0.01 sys=0.00, real=0.00 secs] 
2020-10-29T01:54:26.566-0800: [GC concurrent-root-region-scan-start]
2020-10-29T01:54:26.566-0800: [GC concurrent-root-region-scan-end, 0.0000489 secs]
2020-10-29T01:54:26.566-0800: [GC concurrent-mark-start]
2020-10-29T01:54:26.569-0800: [GC concurrent-mark-end, 0.0022358 secs]
2020-10-29T01:54:26.569-0800: [GC remark 2020-10-29T01:54:26.569-0800: [Finalize Marking, 0.0012604 secs] 2020-10-29T01:54:26.570-0800: [GC ref-proc, 0.0000441 secs] 2020-10-29T01:54:26.570-0800: [Unloading, 0.0007115 secs], 0.0043198 secs]
 [Times: user=0.01 sys=0.00, real=0.01 secs] 
2020-10-29T01:54:26.573-0800: [GC cleanup 378M->378M(512M), 0.0006991 secs]
 [Times: user=0.00 sys=0.00, real=0.00 secs] 
2020-10-29T01:54:26.577-0800: [GC pause (G1 Evacuation Pause) (young), 0.0033549 secs]
   [Parallel Time: 2.4 ms, GC Workers: 4]
      [GC Worker Start (ms): Min: 971.3, Avg: 972.1, Max: 973.7, Diff: 2.4]
      [Ext Root Scanning (ms): Min: 0.0, Avg: 0.0, Max: 0.2, Diff: 0.2, Sum: 0.2]
      [Update RS (ms): Min: 0.0, Avg: 0.6, Max: 1.0, Diff: 1.0, Sum: 2.4]
         [Processed Buffers: Min: 0, Avg: 9.5, Max: 19, Diff: 19, Sum: 38]
      [Scan RS (ms): Min: 0.0, Avg: 0.0, Max: 0.0, Diff: 0.0, Sum: 0.0]
      [Code Root Scanning (ms): Min: 0.0, Avg: 0.0, Max: 0.0, Diff: 0.0, Sum: 0.0]
      [Object Copy (ms): Min: 0.0, Avg: 0.4, Max: 0.6, Diff: 0.6, Sum: 1.6]
      [Termination (ms): Min: 0.0, Avg: 0.5, Max: 0.7, Diff: 0.7, Sum: 1.9]
         [Termination Attempts: Min: 1, Avg: 1.0, Max: 1, Diff: 0, Sum: 4]
      [GC Worker Other (ms): Min: 0.0, Avg: 0.0, Max: 0.0, Diff: 0.0, Sum: 0.0]
      [GC Worker Total (ms): Min: 0.0, Avg: 1.6, Max: 2.4, Diff: 2.4, Sum: 6.2]
      [GC Worker End (ms): Min: 973.7, Avg: 973.7, Max: 973.7, Diff: 0.0]
   [Code Root Fixup: 0.0 ms]
   [Code Root Purge: 0.0 ms]
   [Clear CT: 0.0 ms]
   [Other: 0.9 ms]
      [Choose CSet: 0.0 ms]
      [Ref Proc: 0.7 ms]
      [Ref Enq: 0.0 ms]
      [Redirty Cards: 0.0 ms]
      [Humongous Register: 0.1 ms]
      [Humongous Reclaim: 0.0 ms]
      [Free CSet: 0.0 ms]
   [Eden: 26.0M(26.0M)->0.0B(21.0M) Survivors: 1024.0K->4096.0K Heap: 397.1M(512.0M)->375.6M(512.0M)]
 [Times: user=0.01 sys=0.00, real=0.01 secs] 
2020-10-29T01:54:26.584-0800: [GC pause (G1 Evacuation Pause) (mixed), 0.0065927 secs]
   [Parallel Time: 5.6 ms, GC Workers: 4]
      [GC Worker Start (ms): Min: 978.4, Avg: 980.4, Max: 981.2, Diff: 2.8]
      [Ext Root Scanning (ms): Min: 0.0, Avg: 0.0, Max: 0.2, Diff: 0.2, Sum: 0.2]
      [Update RS (ms): Min: 0.0, Avg: 0.5, Max: 1.8, Diff: 1.8, Sum: 1.8]
         [Processed Buffers: Min: 0, Avg: 11.0, Max: 44, Diff: 44, Sum: 44]
      [Scan RS (ms): Min: 0.0, Avg: 0.0, Max: 0.1, Diff: 0.1, Sum: 0.1]
      [Code Root Scanning (ms): Min: 0.0, Avg: 0.0, Max: 0.0, Diff: 0.0, Sum: 0.0]
      [Object Copy (ms): Min: 2.5, Avg: 2.9, Max: 3.5, Diff: 1.0, Sum: 11.6]
      [Termination (ms): Min: 0.0, Avg: 0.2, Max: 0.2, Diff: 0.2, Sum: 0.6]
         [Termination Attempts: Min: 1, Avg: 1.0, Max: 1, Diff: 0, Sum: 4]
      [GC Worker Other (ms): Min: 0.0, Avg: 0.1, Max: 0.2, Diff: 0.2, Sum: 0.3]
      [GC Worker Total (ms): Min: 2.8, Avg: 3.6, Max: 5.6, Diff: 2.8, Sum: 14.5]
      [GC Worker End (ms): Min: 984.0, Avg: 984.0, Max: 984.0, Diff: 0.0]
   [Code Root Fixup: 0.0 ms]
   [Code Root Purge: 0.0 ms]
   [Clear CT: 0.1 ms]
   [Other: 0.9 ms]
      [Choose CSet: 0.0 ms]
      [Ref Proc: 0.7 ms]
      [Ref Enq: 0.0 ms]
      [Redirty Cards: 0.0 ms]
      [Humongous Register: 0.1 ms]
      [Humongous Reclaim: 0.0 ms]
      [Free CSet: 0.0 ms]
   [Eden: 21.0M(21.0M)->0.0B(25.0M) Survivors: 4096.0K->4096.0K Heap: 401.5M(512.0M)->369.5M(512.0M)]
 [Times: user=0.01 sys=0.00, real=0.01 secs] 
2020-10-29T01:54:26.592-0800: [GC pause (G1 Humongous Allocation) (young) (initial-mark), 0.0037146 secs]
   [Parallel Time: 1.5 ms, GC Workers: 4]
      [GC Worker Start (ms): Min: 985.9, Avg: 986.1, Max: 986.2, Diff: 0.2]
      [Ext Root Scanning (ms): Min: 0.0, Avg: 0.4, Max: 1.2, Diff: 1.2, Sum: 1.5]
      [Update RS (ms): Min: 0.0, Avg: 0.1, Max: 0.1, Diff: 0.1, Sum: 0.4]
         [Processed Buffers: Min: 0, Avg: 1.2, Max: 3, Diff: 3, Sum: 5]
      [Scan RS (ms): Min: 0.0, Avg: 0.0, Max: 0.0, Diff: 0.0, Sum: 0.0]
      [Code Root Scanning (ms): Min: 0.0, Avg: 0.0, Max: 0.0, Diff: 0.0, Sum: 0.0]
      [Object Copy (ms): Min: 0.0, Avg: 0.2, Max: 0.5, Diff: 0.5, Sum: 0.9]
      [Termination (ms): Min: 0.0, Avg: 0.3, Max: 0.6, Diff: 0.6, Sum: 1.2]
         [Termination Attempts: Min: 1, Avg: 1.0, Max: 1, Diff: 0, Sum: 4]
      [GC Worker Other (ms): Min: 0.0, Avg: 0.3, Max: 1.1, Diff: 1.1, Sum: 1.1]
      [GC Worker Total (ms): Min: 1.2, Avg: 1.3, Max: 1.4, Diff: 0.2, Sum: 5.1]
      [GC Worker End (ms): Min: 987.4, Avg: 987.4, Max: 987.4, Diff: 0.0]
   [Code Root Fixup: 0.0 ms]
   [Code Root Purge: 0.0 ms]
   [Clear CT: 0.1 ms]
   [Other: 2.2 ms]
      [Choose CSet: 0.0 ms]
      [Ref Proc: 1.9 ms]
      [Ref Enq: 0.0 ms]
      [Redirty Cards: 0.0 ms]
      [Humongous Register: 0.1 ms]
      [Humongous Reclaim: 0.0 ms]
      [Free CSet: 0.0 ms]
   [Eden: 5120.0K(25.0M)->0.0B(23.0M) Survivors: 4096.0K->2048.0K Heap: 373.8M(512.0M)->371.0M(512.0M)]
 [Times: user=0.00 sys=0.00, real=0.00 secs] 
2020-10-29T01:54:26.596-0800: [GC concurrent-root-region-scan-start]
2020-10-29T01:54:26.596-0800: [GC concurrent-root-region-scan-end, 0.0001099 secs]
2020-10-29T01:54:26.596-0800: [GC concurrent-mark-start]
2020-10-29T01:54:26.598-0800: [GC concurrent-mark-end, 0.0022944 secs]
2020-10-29T01:54:26.598-0800: [GC remark 2020-10-29T01:54:26.598-0800: [Finalize Marking, 0.0014035 secs] 2020-10-29T01:54:26.600-0800: [GC ref-proc, 0.0000432 secs] 2020-10-29T01:54:26.600-0800: [Unloading, 0.0006640 secs], 0.0038202 secs]
 [Times: user=0.01 sys=0.00, real=0.01 secs] 
2020-10-29T01:54:26.602-0800: [GC cleanup 390M->390M(512M), 0.0006952 secs]
 [Times: user=0.00 sys=0.00, real=0.00 secs] 
2020-10-29T01:54:26.605-0800: [GC pause (G1 Evacuation Pause) (young), 0.0037541 secs]
   [Parallel Time: 2.8 ms, GC Workers: 4]
      [GC Worker Start (ms): Min: 999.2, Avg: 999.9, Max: 1000.2, Diff: 1.0]
      [Ext Root Scanning (ms): Min: 0.0, Avg: 0.0, Max: 0.1, Diff: 0.1, Sum: 0.2]
      [Update RS (ms): Min: 1.1, Avg: 1.3, Max: 2.0, Diff: 0.9, Sum: 5.3]
         [Processed Buffers: Min: 14, Avg: 19.2, Max: 32, Diff: 18, Sum: 77]
      [Scan RS (ms): Min: 0.0, Avg: 0.0, Max: 0.0, Diff: 0.0, Sum: 0.0]
      [Code Root Scanning (ms): Min: 0.0, Avg: 0.0, Max: 0.0, Diff: 0.0, Sum: 0.0]
      [Object Copy (ms): Min: 0.5, Avg: 0.5, Max: 0.6, Diff: 0.0, Sum: 2.2]
      [Termination (ms): Min: 0.0, Avg: 0.1, Max: 0.1, Diff: 0.1, Sum: 0.3]
         [Termination Attempts: Min: 1, Avg: 1.0, Max: 1, Diff: 0, Sum: 4]
      [GC Worker Other (ms): Min: 0.0, Avg: 0.0, Max: 0.0, Diff: 0.0, Sum: 0.0]
      [GC Worker Total (ms): Min: 1.7, Avg: 2.0, Max: 2.7, Diff: 1.0, Sum: 8.0]
      [GC Worker End (ms): Min: 1001.9, Avg: 1001.9, Max: 1001.9, Diff: 0.0]
   [Code Root Fixup: 0.0 ms]
   [Code Root Purge: 0.0 ms]
   [Clear CT: 0.0 ms]
   [Other: 1.0 ms]
      [Choose CSet: 0.0 ms]
      [Ref Proc: 0.8 ms]
      [Ref Enq: 0.0 ms]
      [Redirty Cards: 0.0 ms]
      [Humongous Register: 0.1 ms]
      [Humongous Reclaim: 0.0 ms]
      [Free CSet: 0.0 ms]
   [Eden: 23.0M(23.0M)->0.0B(21.0M) Survivors: 2048.0K->4096.0K Heap: 403.2M(512.0M)->381.6M(512.0M)]
 [Times: user=0.01 sys=0.00, real=0.00 secs] 
2020-10-29T01:54:26.612-0800: [GC pause (G1 Evacuation Pause) (mixed), 0.0054202 secs]
   [Parallel Time: 4.2 ms, GC Workers: 4]
      [GC Worker Start (ms): Min: 1006.5, Avg: 1007.5, Max: 1007.9, Diff: 1.4]
      [Ext Root Scanning (ms): Min: 0.0, Avg: 0.0, Max: 0.2, Diff: 0.1, Sum: 0.2]
      [Update RS (ms): Min: 0.4, Avg: 0.8, Max: 1.7, Diff: 1.2, Sum: 3.2]
         [Processed Buffers: Min: 6, Avg: 12.8, Max: 32, Diff: 26, Sum: 51]
      [Scan RS (ms): Min: 0.0, Avg: 0.0, Max: 0.0, Diff: 0.0, Sum: 0.1]
      [Code Root Scanning (ms): Min: 0.0, Avg: 0.0, Max: 0.0, Diff: 0.0, Sum: 0.0]
      [Object Copy (ms): Min: 2.3, Avg: 2.3, Max: 2.3, Diff: 0.0, Sum: 9.3]
      [Termination (ms): Min: 0.0, Avg: 0.0, Max: 0.0, Diff: 0.0, Sum: 0.0]
         [Termination Attempts: Min: 1, Avg: 1.0, Max: 1, Diff: 0, Sum: 4]
      [GC Worker Other (ms): Min: 0.0, Avg: 0.0, Max: 0.0, Diff: 0.0, Sum: 0.1]
      [GC Worker Total (ms): Min: 2.8, Avg: 3.2, Max: 4.2, Diff: 1.4, Sum: 12.8]
      [GC Worker End (ms): Min: 1010.7, Avg: 1010.7, Max: 1010.7, Diff: 0.0]
   [Code Root Fixup: 0.0 ms]
   [Code Root Purge: 0.0 ms]
   [Clear CT: 0.1 ms]
   [Other: 1.1 ms]
      [Choose CSet: 0.0 ms]
      [Ref Proc: 0.9 ms]
      [Ref Enq: 0.0 ms]
      [Redirty Cards: 0.0 ms]
      [Humongous Register: 0.1 ms]
      [Humongous Reclaim: 0.0 ms]
      [Free CSet: 0.0 ms]
   [Eden: 21.0M(21.0M)->0.0B(21.0M) Survivors: 4096.0K->4096.0K Heap: 408.3M(512.0M)->375.5M(512.0M)]
 [Times: user=0.02 sys=0.00, real=0.00 secs] 
2020-10-29T01:54:26.621-0800: [GC pause (G1 Humongous Allocation) (young) (initial-mark), 0.0015173 secs]
   [Parallel Time: 0.6 ms, GC Workers: 4]
      [GC Worker Start (ms): Min: 1014.7, Avg: 1014.9, Max: 1014.9, Diff: 0.2]
      [Ext Root Scanning (ms): Min: 0.0, Avg: 0.2, Max: 0.3, Diff: 0.3, Sum: 0.6]
      [Update RS (ms): Min: 0.0, Avg: 0.1, Max: 0.2, Diff: 0.1, Sum: 0.3]
         [Processed Buffers: Min: 0, Avg: 1.2, Max: 2, Diff: 2, Sum: 5]
      [Scan RS (ms): Min: 0.0, Avg: 0.0, Max: 0.0, Diff: 0.0, Sum: 0.0]
      [Code Root Scanning (ms): Min: 0.0, Avg: 0.0, Max: 0.0, Diff: 0.0, Sum: 0.0]
      [Object Copy (ms): Min: 0.1, Avg: 0.2, Max: 0.3, Diff: 0.2, Sum: 0.9]
      [Termination (ms): Min: 0.0, Avg: 0.0, Max: 0.0, Diff: 0.0, Sum: 0.0]
         [Termination Attempts: Min: 1, Avg: 1.0, Max: 1, Diff: 0, Sum: 4]
      [GC Worker Other (ms): Min: 0.0, Avg: 0.0, Max: 0.0, Diff: 0.0, Sum: 0.0]
      [GC Worker Total (ms): Min: 0.4, Avg: 0.5, Max: 0.6, Diff: 0.2, Sum: 1.9]
      [GC Worker End (ms): Min: 1015.4, Avg: 1015.4, Max: 1015.4, Diff: 0.0]
   [Code Root Fixup: 0.0 ms]
   [Code Root Purge: 0.0 ms]
   [Clear CT: 0.0 ms]
   [Other: 0.8 ms]
      [Choose CSet: 0.0 ms]
      [Ref Proc: 0.6 ms]
      [Ref Enq: 0.0 ms]
      [Redirty Cards: 0.0 ms]
      [Humongous Register: 0.1 ms]
      [Humongous Reclaim: 0.0 ms]
      [Free CSet: 0.0 ms]
   [Eden: 6144.0K(21.0M)->0.0B(23.0M) Survivors: 4096.0K->2048.0K Heap: 381.0M(512.0M)->376.7M(512.0M)]
 [Times: user=0.00 sys=0.00, real=0.00 secs] 
2020-10-29T01:54:26.622-0800: [GC concurrent-root-region-scan-start]
2020-10-29T01:54:26.622-0800: [GC concurrent-root-region-scan-end, 0.0001137 secs]
2020-10-29T01:54:26.622-0800: [GC concurrent-mark-start]
2020-10-29T01:54:26.625-0800: [GC concurrent-mark-end, 0.0023029 secs]
2020-10-29T01:54:26.625-0800: [GC remark 2020-10-29T01:54:26.625-0800: [Finalize Marking, 0.0013225 secs] 2020-10-29T01:54:26.626-0800: [GC ref-proc, 0.0000338 secs] 2020-10-29T01:54:26.626-0800: [Unloading, 0.0007029 secs], 0.0035359 secs]
 [Times: user=0.00 sys=0.00, real=0.00 secs] 
2020-10-29T01:54:26.628-0800: [GC cleanup 388M->388M(512M), 0.0005603 secs]
 [Times: user=0.01 sys=0.00, real=0.00 secs] 
2020-10-29T01:54:26.632-0800: [GC pause (G1 Evacuation Pause) (young), 0.0047268 secs]
   [Parallel Time: 3.2 ms, GC Workers: 4]
      [GC Worker Start (ms): Min: 1026.1, Avg: 1028.3, Max: 1029.2, Diff: 3.1]
      [Ext Root Scanning (ms): Min: 0.0, Avg: 0.0, Max: 0.2, Diff: 0.1, Sum: 0.2]
      [Update RS (ms): Min: 0.0, Avg: 0.4, Max: 1.5, Diff: 1.5, Sum: 1.5]
         [Processed Buffers: Min: 0, Avg: 9.2, Max: 37, Diff: 37, Sum: 37]
      [Scan RS (ms): Min: 0.0, Avg: 0.0, Max: 0.0, Diff: 0.0, Sum: 0.0]
      [Code Root Scanning (ms): Min: 0.0, Avg: 0.0, Max: 0.0, Diff: 0.0, Sum: 0.0]
      [Object Copy (ms): Min: 0.0, Avg: 0.2, Max: 0.8, Diff: 0.8, Sum: 0.9]
      [Termination (ms): Min: 0.0, Avg: 0.3, Max: 0.7, Diff: 0.7, Sum: 1.3]
         [Termination Attempts: Min: 1, Avg: 1.0, Max: 1, Diff: 0, Sum: 4]
      [GC Worker Other (ms): Min: 0.0, Avg: 0.0, Max: 0.0, Diff: 0.0, Sum: 0.0]
      [GC Worker Total (ms): Min: 0.0, Avg: 1.0, Max: 3.2, Diff: 3.2, Sum: 3.9]
      [GC Worker End (ms): Min: 1029.2, Avg: 1029.3, Max: 1029.3, Diff: 0.1]
   [Code Root Fixup: 0.0 ms]
   [Code Root Purge: 0.0 ms]
   [Clear CT: 0.0 ms]
   [Other: 1.5 ms]
      [Choose CSet: 0.0 ms]
      [Ref Proc: 1.3 ms]
      [Ref Enq: 0.0 ms]
      [Redirty Cards: 0.0 ms]
      [Humongous Register: 0.1 ms]
      [Humongous Reclaim: 0.0 ms]
      [Free CSet: 0.0 ms]
   [Eden: 23.0M(23.0M)->0.0B(21.0M) Survivors: 2048.0K->4096.0K Heap: 403.6M(512.0M)->381.1M(512.0M)]
 [Times: user=0.00 sys=0.00, real=0.00 secs] 
2020-10-29T01:54:26.641-0800: [GC pause (G1 Evacuation Pause) (mixed), 0.0072526 secs]
   [Parallel Time: 6.0 ms, GC Workers: 4]
      [GC Worker Start (ms): Min: 1034.7, Avg: 1038.6, Max: 1039.9, Diff: 5.2]
      [Ext Root Scanning (ms): Min: 0.0, Avg: 0.0, Max: 0.1, Diff: 0.1, Sum: 0.2]
      [Update RS (ms): Min: 0.0, Avg: 0.5, Max: 1.9, Diff: 1.9, Sum: 1.9]
         [Processed Buffers: Min: 0, Avg: 11.2, Max: 45, Diff: 45, Sum: 45]
      [Scan RS (ms): Min: 0.0, Avg: 0.0, Max: 0.1, Diff: 0.1, Sum: 0.1]
      [Code Root Scanning (ms): Min: 0.0, Avg: 0.0, Max: 0.0, Diff: 0.0, Sum: 0.0]
      [Object Copy (ms): Min: 0.8, Avg: 1.6, Max: 3.8, Diff: 3.0, Sum: 6.5]
      [Termination (ms): Min: 0.0, Avg: 0.0, Max: 0.0, Diff: 0.0, Sum: 0.0]
         [Termination Attempts: Min: 1, Avg: 1.0, Max: 1, Diff: 0, Sum: 4]
      [GC Worker Other (ms): Min: 0.0, Avg: 0.0, Max: 0.0, Diff: 0.0, Sum: 0.0]
      [GC Worker Total (ms): Min: 0.8, Avg: 2.2, Max: 6.0, Diff: 5.2, Sum: 8.7]
      [GC Worker End (ms): Min: 1040.7, Avg: 1040.7, Max: 1040.7, Diff: 0.0]
   [Code Root Fixup: 0.0 ms]
   [Code Root Purge: 0.0 ms]
   [Clear CT: 0.1 ms]
   [Other: 1.1 ms]
      [Choose CSet: 0.0 ms]
      [Ref Proc: 0.9 ms]
      [Ref Enq: 0.0 ms]
      [Redirty Cards: 0.0 ms]
      [Humongous Register: 0.1 ms]
      [Humongous Reclaim: 0.0 ms]
      [Free CSet: 0.0 ms]
   [Eden: 21.0M(21.0M)->0.0B(27.0M) Survivors: 4096.0K->4096.0K Heap: 407.3M(512.0M)->369.0M(512.0M)]
 [Times: user=0.01 sys=0.00, real=0.00 secs] 
2020-10-29T01:54:26.648-0800: [GC pause (G1 Humongous Allocation) (young) (initial-mark), 0.0024086 secs]
   [Parallel Time: 1.4 ms, GC Workers: 4]
      [GC Worker Start (ms): Min: 1042.6, Avg: 1042.7, Max: 1042.8, Diff: 0.2]
      [Ext Root Scanning (ms): Min: 0.0, Avg: 0.7, Max: 1.3, Diff: 1.3, Sum: 2.6]
      [Update RS (ms): Min: 0.0, Avg: 0.1, Max: 0.3, Diff: 0.3, Sum: 0.4]
         [Processed Buffers: Min: 0, Avg: 1.2, Max: 4, Diff: 4, Sum: 5]
      [Scan RS (ms): Min: 0.0, Avg: 0.0, Max: 0.0, Diff: 0.0, Sum: 0.0]
      [Code Root Scanning (ms): Min: 0.0, Avg: 0.0, Max: 0.0, Diff: 0.0, Sum: 0.0]
      [Object Copy (ms): Min: 0.0, Avg: 0.2, Max: 0.4, Diff: 0.4, Sum: 0.6]
      [Termination (ms): Min: 0.0, Avg: 0.3, Max: 0.7, Diff: 0.7, Sum: 1.3]
         [Termination Attempts: Min: 1, Avg: 1.0, Max: 1, Diff: 0, Sum: 4]
      [GC Worker Other (ms): Min: 0.0, Avg: 0.0, Max: 0.0, Diff: 0.0, Sum: 0.0]
      [GC Worker Total (ms): Min: 1.1, Avg: 1.2, Max: 1.4, Diff: 0.2, Sum: 5.0]
      [GC Worker End (ms): Min: 1043.9, Avg: 1043.9, Max: 1043.9, Diff: 0.0]
   [Code Root Fixup: 0.0 ms]
   [Code Root Purge: 0.0 ms]
   [Clear CT: 0.0 ms]
   [Other: 1.0 ms]
      [Choose CSet: 0.0 ms]
      [Ref Proc: 0.7 ms]
      [Ref Enq: 0.0 ms]
      [Redirty Cards: 0.0 ms]
      [Humongous Register: 0.1 ms]
      [Humongous Reclaim: 0.0 ms]
      [Free CSet: 0.0 ms]
   [Eden: 1024.0K(27.0M)->0.0B(25.0M) Survivors: 4096.0K->1024.0K Heap: 369.9M(512.0M)->369.3M(512.0M)]
 [Times: user=0.00 sys=0.01, real=0.01 secs] 
2020-10-29T01:54:26.651-0800: [GC concurrent-root-region-scan-start]
2020-10-29T01:54:26.651-0800: [GC concurrent-root-region-scan-end, 0.0001379 secs]
2020-10-29T01:54:26.651-0800: [GC concurrent-mark-start]
2020-10-29T01:54:26.653-0800: [GC concurrent-mark-end, 0.0022769 secs]
2020-10-29T01:54:26.654-0800: [GC remark 2020-10-29T01:54:26.654-0800: [Finalize Marking, 0.0012708 secs] 2020-10-29T01:54:26.655-0800: [GC ref-proc, 0.0000433 secs] 2020-10-29T01:54:26.655-0800: [Unloading, 0.0006563 secs], 0.0038868 secs]
 [Times: user=0.00 sys=0.00, real=0.00 secs] 
2020-10-29T01:54:26.658-0800: [GC cleanup 378M->378M(512M), 0.0006141 secs]
 [Times: user=0.01 sys=0.00, real=0.00 secs] 
2020-10-29T01:54:26.662-0800: [GC pause (G1 Evacuation Pause) (young), 0.0046261 secs]
   [Parallel Time: 2.5 ms, GC Workers: 4]
      [GC Worker Start (ms): Min: 1056.3, Avg: 1057.0, Max: 1058.7, Diff: 2.4]
      [Ext Root Scanning (ms): Min: 0.0, Avg: 0.0, Max: 0.2, Diff: 0.1, Sum: 0.2]
      [Update RS (ms): Min: 0.0, Avg: 1.2, Max: 1.6, Diff: 1.6, Sum: 4.8]
         [Processed Buffers: Min: 0, Avg: 16.5, Max: 23, Diff: 23, Sum: 66]
      [Scan RS (ms): Min: 0.0, Avg: 0.0, Max: 0.0, Diff: 0.0, Sum: 0.0]
      [Code Root Scanning (ms): Min: 0.0, Avg: 0.0, Max: 0.0, Diff: 0.0, Sum: 0.0]
      [Object Copy (ms): Min: 0.0, Avg: 0.4, Max: 0.6, Diff: 0.6, Sum: 1.6]
      [Termination (ms): Min: 0.0, Avg: 0.1, Max: 0.1, Diff: 0.1, Sum: 0.3]
         [Termination Attempts: Min: 1, Avg: 1.0, Max: 1, Diff: 0, Sum: 4]
      [GC Worker Other (ms): Min: 0.0, Avg: 0.0, Max: 0.0, Diff: 0.0, Sum: 0.0]
      [GC Worker Total (ms): Min: 0.0, Avg: 1.7, Max: 2.5, Diff: 2.5, Sum: 6.9]
      [GC Worker End (ms): Min: 1058.7, Avg: 1058.7, Max: 1058.8, Diff: 0.1]
   [Code Root Fixup: 0.0 ms]
   [Code Root Purge: 0.0 ms]
   [Clear CT: 0.0 ms]
   [Other: 2.1 ms]
      [Choose CSet: 0.0 ms]
      [Ref Proc: 1.8 ms]
      [Ref Enq: 0.0 ms]
      [Redirty Cards: 0.0 ms]
      [Humongous Register: 0.1 ms]
      [Humongous Reclaim: 0.0 ms]
      [Free CSet: 0.0 ms]
   [Eden: 25.0M(25.0M)->0.0B(21.0M) Survivors: 1024.0K->4096.0K Heap: 402.0M(512.0M)->380.3M(512.0M)]
 [Times: user=0.01 sys=0.00, real=0.00 secs] 
2020-10-29T01:54:26.671-0800: [GC pause (G1 Evacuation Pause) (mixed), 0.0056947 secs]
   [Parallel Time: 4.2 ms, GC Workers: 4]
      [GC Worker Start (ms): Min: 1064.8, Avg: 1065.6, Max: 1066.0, Diff: 1.2]
      [Ext Root Scanning (ms): Min: 0.0, Avg: 0.0, Max: 0.1, Diff: 0.1, Sum: 0.2]
      [Update RS (ms): Min: 0.3, Avg: 0.6, Max: 1.4, Diff: 1.1, Sum: 2.4]
         [Processed Buffers: Min: 4, Avg: 10.5, Max: 27, Diff: 23, Sum: 42]
      [Scan RS (ms): Min: 0.0, Avg: 0.0, Max: 0.1, Diff: 0.0, Sum: 0.1]
      [Code Root Scanning (ms): Min: 0.0, Avg: 0.0, Max: 0.0, Diff: 0.0, Sum: 0.0]
      [Object Copy (ms): Min: 2.5, Avg: 2.6, Max: 2.6, Diff: 0.1, Sum: 10.3]
      [Termination (ms): Min: 0.0, Avg: 0.0, Max: 0.1, Diff: 0.1, Sum: 0.1]
         [Termination Attempts: Min: 1, Avg: 1.0, Max: 1, Diff: 0, Sum: 4]
      [GC Worker Other (ms): Min: 0.0, Avg: 0.0, Max: 0.0, Diff: 0.0, Sum: 0.0]
      [GC Worker Total (ms): Min: 2.9, Avg: 3.3, Max: 4.1, Diff: 1.2, Sum: 13.1]
      [GC Worker End (ms): Min: 1068.9, Avg: 1068.9, Max: 1068.9, Diff: 0.0]
   [Code Root Fixup: 0.0 ms]
   [Code Root Purge: 0.0 ms]
   [Clear CT: 0.1 ms]
   [Other: 1.5 ms]
      [Choose CSet: 0.0 ms]
      [Ref Proc: 1.3 ms]
      [Ref Enq: 0.0 ms]
      [Redirty Cards: 0.0 ms]
      [Humongous Register: 0.1 ms]
      [Humongous Reclaim: 0.0 ms]
      [Free CSet: 0.0 ms]
   [Eden: 21.0M(21.0M)->0.0B(23.0M) Survivors: 4096.0K->4096.0K Heap: 406.0M(512.0M)->372.1M(512.0M)]
 [Times: user=0.01 sys=0.00, real=0.00 secs] 
2020-10-29T01:54:26.677-0800: [GC pause (G1 Humongous Allocation) (young) (initial-mark), 0.0031545 secs]
   [Parallel Time: 1.7 ms, GC Workers: 4]
      [GC Worker Start (ms): Min: 1070.8, Avg: 1070.9, Max: 1071.0, Diff: 0.2]
      [Ext Root Scanning (ms): Min: 0.0, Avg: 0.9, Max: 1.4, Diff: 1.4, Sum: 3.6]
      [Update RS (ms): Min: 0.0, Avg: 0.1, Max: 0.2, Diff: 0.2, Sum: 0.2]
         [Processed Buffers: Min: 0, Avg: 1.2, Max: 5, Diff: 5, Sum: 5]
      [Scan RS (ms): Min: 0.0, Avg: 0.0, Max: 0.0, Diff: 0.0, Sum: 0.0]
      [Code Root Scanning (ms): Min: 0.0, Avg: 0.0, Max: 0.0, Diff: 0.0, Sum: 0.0]
      [Object Copy (ms): Min: 0.0, Avg: 0.1, Max: 0.4, Diff: 0.4, Sum: 0.5]
      [Termination (ms): Min: 0.0, Avg: 0.4, Max: 0.8, Diff: 0.8, Sum: 1.5]
         [Termination Attempts: Min: 1, Avg: 1.0, Max: 1, Diff: 0, Sum: 4]
      [GC Worker Other (ms): Min: 0.0, Avg: 0.0, Max: 0.0, Diff: 0.0, Sum: 0.0]
      [GC Worker Total (ms): Min: 1.4, Avg: 1.4, Max: 1.6, Diff: 0.2, Sum: 5.8]
      [GC Worker End (ms): Min: 1072.4, Avg: 1072.4, Max: 1072.5, Diff: 0.1]
   [Code Root Fixup: 0.0 ms]
   [Code Root Purge: 0.0 ms]
   [Clear CT: 0.0 ms]
   [Other: 1.4 ms]
      [Choose CSet: 0.0 ms]
      [Ref Proc: 1.2 ms]
      [Ref Enq: 0.0 ms]
      [Redirty Cards: 0.0 ms]
      [Humongous Register: 0.1 ms]
      [Humongous Reclaim: 0.0 ms]
      [Free CSet: 0.0 ms]
   [Eden: 2048.0K(23.0M)->0.0B(24.0M) Survivors: 4096.0K->1024.0K Heap: 373.4M(512.0M)->372.5M(512.0M)]
 [Times: user=0.01 sys=0.00, real=0.01 secs] 
2020-10-29T01:54:26.680-0800: [GC concurrent-root-region-scan-start]
2020-10-29T01:54:26.680-0800: [GC concurrent-root-region-scan-end, 0.0000435 secs]
2020-10-29T01:54:26.680-0800: [GC concurrent-mark-start]
2020-10-29T01:54:26.682-0800: [GC concurrent-mark-end, 0.0022694 secs]
2020-10-29T01:54:26.682-0800: [GC remark 2020-10-29T01:54:26.682-0800: [Finalize Marking, 0.0007773 secs] 2020-10-29T01:54:26.683-0800: [GC ref-proc, 0.0000320 secs] 2020-10-29T01:54:26.683-0800: [Unloading, 0.0007807 secs], 0.0040469 secs]
 [Times: user=0.01 sys=0.00, real=0.00 secs] 
2020-10-29T01:54:26.687-0800: [GC cleanup 382M->382M(512M), 0.0006721 secs]
 [Times: user=0.00 sys=0.00, real=0.00 secs] 
2020-10-29T01:54:26.691-0800: [GC pause (G1 Evacuation Pause) (young), 0.0050661 secs]
   [Parallel Time: 3.5 ms, GC Workers: 4]
      [GC Worker Start (ms): Min: 1085.0, Avg: 1087.3, Max: 1088.1, Diff: 3.1]
      [Ext Root Scanning (ms): Min: 0.0, Avg: 0.0, Max: 0.2, Diff: 0.1, Sum: 0.2]
      [Update RS (ms): Min: 0.0, Avg: 0.6, Max: 2.4, Diff: 2.4, Sum: 2.4]
         [Processed Buffers: Min: 0, Avg: 14.2, Max: 57, Diff: 57, Sum: 57]
      [Scan RS (ms): Min: 0.0, Avg: 0.0, Max: 0.0, Diff: 0.0, Sum: 0.0]
      [Code Root Scanning (ms): Min: 0.0, Avg: 0.0, Max: 0.0, Diff: 0.0, Sum: 0.0]
      [Object Copy (ms): Min: 0.3, Avg: 0.5, Max: 0.9, Diff: 0.5, Sum: 2.1]
      [Termination (ms): Min: 0.0, Avg: 0.0, Max: 0.0, Diff: 0.0, Sum: 0.1]
         [Termination Attempts: Min: 1, Avg: 1.0, Max: 1, Diff: 0, Sum: 4]
      [GC Worker Other (ms): Min: 0.0, Avg: 0.0, Max: 0.0, Diff: 0.0, Sum: 0.0]
      [GC Worker Total (ms): Min: 0.4, Avg: 1.2, Max: 3.5, Diff: 3.1, Sum: 4.8]
      [GC Worker End (ms): Min: 1088.5, Avg: 1088.5, Max: 1088.5, Diff: 0.0]
   [Code Root Fixup: 0.0 ms]
   [Code Root Purge: 0.0 ms]
   [Clear CT: 0.0 ms]
   [Other: 1.5 ms]
      [Choose CSet: 0.0 ms]
      [Ref Proc: 1.3 ms]
      [Ref Enq: 0.0 ms]
      [Redirty Cards: 0.0 ms]
      [Humongous Register: 0.1 ms]
      [Humongous Reclaim: 0.0 ms]
      [Free CSet: 0.0 ms]
   [Eden: 24.0M(24.0M)->0.0B(21.0M) Survivors: 1024.0K->4096.0K Heap: 403.4M(512.0M)->380.6M(512.0M)]
 [Times: user=0.01 sys=0.00, real=0.00 secs] 
执行结束!共生成对象次数:8926
Heap
 garbage-first heap   total 524288K, used 417214K [0x00000007a0000000, 0x00000007a0101000, 0x00000007c0000000)
  region size 1024K, 25 young (25600K), 4 survivors (4096K)
 Metaspace       used 2720K, capacity 4486K, committed 4864K, reserved 1056768K
  class space    used 297K, capacity 386K, committed 512K, reserved 1048576K

-------------------------------------------------------------------

GC_Algorithm_Parameter:+UseG1GC; Heap_size: 1g

正在执行...
2020-10-29T01:54:26.930-0800: [GC pause (G1 Evacuation Pause) (young), 0.0064622 secs]
   [Parallel Time: 6.0 ms, GC Workers: 4]
      [GC Worker Start (ms): Min: 164.3, Avg: 164.7, Max: 165.5, Diff: 1.2]
      [Ext Root Scanning (ms): Min: 0.0, Avg: 0.2, Max: 0.3, Diff: 0.2, Sum: 0.7]
      [Update RS (ms): Min: 0.0, Avg: 0.0, Max: 0.0, Diff: 0.0, Sum: 0.0]
         [Processed Buffers: Min: 0, Avg: 0.0, Max: 0, Diff: 0, Sum: 0]
      [Scan RS (ms): Min: 0.0, Avg: 0.0, Max: 0.0, Diff: 0.0, Sum: 0.0]
      [Code Root Scanning (ms): Min: 0.0, Avg: 0.0, Max: 0.0, Diff: 0.0, Sum: 0.0]
      [Object Copy (ms): Min: 4.0, Avg: 4.9, Max: 5.6, Diff: 1.5, Sum: 19.7]
      [Termination (ms): Min: 0.0, Avg: 0.5, Max: 0.6, Diff: 0.6, Sum: 1.8]
         [Termination Attempts: Min: 1, Avg: 1.0, Max: 1, Diff: 0, Sum: 4]
      [GC Worker Other (ms): Min: 0.0, Avg: 0.0, Max: 0.0, Diff: 0.0, Sum: 0.0]
      [GC Worker Total (ms): Min: 4.7, Avg: 5.6, Max: 5.9, Diff: 1.3, Sum: 22.3]
      [GC Worker End (ms): Min: 170.2, Avg: 170.2, Max: 170.3, Diff: 0.1]
   [Code Root Fixup: 0.0 ms]
   [Code Root Purge: 0.0 ms]
   [Clear CT: 0.0 ms]
   [Other: 0.4 ms]
      [Choose CSet: 0.0 ms]
      [Ref Proc: 0.1 ms]
      [Ref Enq: 0.0 ms]
      [Redirty Cards: 0.1 ms]
      [Humongous Register: 0.0 ms]
      [Humongous Reclaim: 0.0 ms]
      [Free CSet: 0.0 ms]
   [Eden: 51.0M(51.0M)->0.0B(44.0M) Survivors: 0.0B->7168.0K Heap: 64.9M(1024.0M)->20.4M(1024.0M)]
 [Times: user=0.02 sys=0.01, real=0.00 secs] 
2020-10-29T01:54:26.951-0800: [GC pause (G1 Evacuation Pause) (young), 0.0082804 secs]
   [Parallel Time: 7.6 ms, GC Workers: 4]
      [GC Worker Start (ms): Min: 185.0, Avg: 185.0, Max: 185.1, Diff: 0.0]
      [Ext Root Scanning (ms): Min: 0.1, Avg: 0.2, Max: 0.2, Diff: 0.1, Sum: 0.6]
      [Update RS (ms): Min: 0.0, Avg: 0.0, Max: 0.0, Diff: 0.0, Sum: 0.0]
         [Processed Buffers: Min: 0, Avg: 0.8, Max: 3, Diff: 3, Sum: 3]
      [Scan RS (ms): Min: 0.0, Avg: 0.0, Max: 0.0, Diff: 0.0, Sum: 0.0]
      [Code Root Scanning (ms): Min: 0.0, Avg: 0.0, Max: 0.0, Diff: 0.0, Sum: 0.0]
      [Object Copy (ms): Min: 6.3, Avg: 6.8, Max: 7.2, Diff: 0.9, Sum: 27.2]
      [Termination (ms): Min: 0.0, Avg: 0.5, Max: 0.9, Diff: 0.9, Sum: 2.1]
         [Termination Attempts: Min: 1, Avg: 1.0, Max: 1, Diff: 0, Sum: 4]
      [GC Worker Other (ms): Min: 0.0, Avg: 0.0, Max: 0.0, Diff: 0.0, Sum: 0.0]
      [GC Worker Total (ms): Min: 7.4, Avg: 7.5, Max: 7.6, Diff: 0.2, Sum: 30.0]
      [GC Worker End (ms): Min: 192.5, Avg: 192.6, Max: 192.6, Diff: 0.2]
   [Code Root Fixup: 0.0 ms]
   [Code Root Purge: 0.0 ms]
   [Clear CT: 0.0 ms]
   [Other: 0.6 ms]
      [Choose CSet: 0.0 ms]
      [Ref Proc: 0.3 ms]
      [Ref Enq: 0.0 ms]
      [Redirty Cards: 0.0 ms]
      [Humongous Register: 0.0 ms]
      [Humongous Reclaim: 0.0 ms]
      [Free CSet: 0.0 ms]
   [Eden: 44.0M(44.0M)->0.0B(44.0M) Survivors: 7168.0K->7168.0K Heap: 72.9M(1024.0M)->41.5M(1024.0M)]
 [Times: user=0.01 sys=0.01, real=0.01 secs] 
2020-10-29T01:54:26.978-0800: [GC pause (G1 Evacuation Pause) (young), 0.0056095 secs]
   [Parallel Time: 5.2 ms, GC Workers: 4]
      [GC Worker Start (ms): Min: 212.2, Avg: 212.2, Max: 212.2, Diff: 0.0]
      [Ext Root Scanning (ms): Min: 0.1, Avg: 0.1, Max: 0.1, Diff: 0.0, Sum: 0.5]
      [Update RS (ms): Min: 0.4, Avg: 0.5, Max: 0.5, Diff: 0.1, Sum: 1.9]
         [Processed Buffers: Min: 5, Avg: 6.5, Max: 7, Diff: 2, Sum: 26]
      [Scan RS (ms): Min: 0.0, Avg: 0.0, Max: 0.0, Diff: 0.0, Sum: 0.0]
      [Code Root Scanning (ms): Min: 0.0, Avg: 0.0, Max: 0.0, Diff: 0.0, Sum: 0.0]
      [Object Copy (ms): Min: 4.1, Avg: 4.2, Max: 4.4, Diff: 0.3, Sum: 16.9]
      [Termination (ms): Min: 0.0, Avg: 0.2, Max: 0.4, Diff: 0.4, Sum: 0.8]
         [Termination Attempts: Min: 1, Avg: 1.0, Max: 1, Diff: 0, Sum: 4]
      [GC Worker Other (ms): Min: 0.0, Avg: 0.0, Max: 0.0, Diff: 0.0, Sum: 0.0]
      [GC Worker Total (ms): Min: 5.0, Avg: 5.0, Max: 5.1, Diff: 0.2, Sum: 20.1]
      [GC Worker End (ms): Min: 217.2, Avg: 217.2, Max: 217.3, Diff: 0.2]
   [Code Root Fixup: 0.0 ms]
   [Code Root Purge: 0.0 ms]
   [Clear CT: 0.1 ms]
   [Other: 0.4 ms]
      [Choose CSet: 0.0 ms]
      [Ref Proc: 0.1 ms]
      [Ref Enq: 0.0 ms]
      [Redirty Cards: 0.0 ms]
      [Humongous Register: 0.0 ms]
      [Humongous Reclaim: 0.0 ms]
      [Free CSet: 0.0 ms]
   [Eden: 44.0M(44.0M)->0.0B(44.0M) Survivors: 7168.0K->7168.0K Heap: 99.0M(1024.0M)->59.7M(1024.0M)]
 [Times: user=0.01 sys=0.01, real=0.01 secs] 
2020-10-29T01:54:26.998-0800: [GC pause (G1 Evacuation Pause) (young), 0.0054529 secs]
   [Parallel Time: 5.1 ms, GC Workers: 4]
      [GC Worker Start (ms): Min: 232.3, Avg: 232.3, Max: 232.4, Diff: 0.0]
      [Ext Root Scanning (ms): Min: 0.1, Avg: 0.1, Max: 0.1, Diff: 0.0, Sum: 0.5]
      [Update RS (ms): Min: 0.1, Avg: 0.1, Max: 0.2, Diff: 0.1, Sum: 0.5]
         [Processed Buffers: Min: 1, Avg: 2.0, Max: 3, Diff: 2, Sum: 8]
      [Scan RS (ms): Min: 0.0, Avg: 0.0, Max: 0.0, Diff: 0.0, Sum: 0.1]
      [Code Root Scanning (ms): Min: 0.0, Avg: 0.0, Max: 0.0, Diff: 0.0, Sum: 0.0]
      [Object Copy (ms): Min: 4.5, Avg: 4.6, Max: 4.6, Diff: 0.1, Sum: 18.3]
      [Termination (ms): Min: 0.0, Avg: 0.1, Max: 0.2, Diff: 0.2, Sum: 0.4]
         [Termination Attempts: Min: 1, Avg: 1.0, Max: 1, Diff: 0, Sum: 4]
      [GC Worker Other (ms): Min: 0.0, Avg: 0.0, Max: 0.0, Diff: 0.0, Sum: 0.0]
      [GC Worker Total (ms): Min: 4.9, Avg: 4.9, Max: 5.0, Diff: 0.1, Sum: 19.7]
      [GC Worker End (ms): Min: 237.2, Avg: 237.3, Max: 237.3, Diff: 0.1]
   [Code Root Fixup: 0.0 ms]
   [Code Root Purge: 0.0 ms]
   [Clear CT: 0.0 ms]
   [Other: 0.4 ms]
      [Choose CSet: 0.0 ms]
      [Ref Proc: 0.1 ms]
      [Ref Enq: 0.0 ms]
      [Redirty Cards: 0.0 ms]
      [Humongous Register: 0.0 ms]
      [Humongous Reclaim: 0.0 ms]
      [Free CSet: 0.0 ms]
   [Eden: 44.0M(44.0M)->0.0B(63.0M) Survivors: 7168.0K->7168.0K Heap: 116.5M(1024.0M)->73.4M(1024.0M)]
 [Times: user=0.00 sys=0.01, real=0.01 secs] 
2020-10-29T01:54:27.029-0800: [GC pause (G1 Evacuation Pause) (young), 0.0080435 secs]
   [Parallel Time: 7.5 ms, GC Workers: 4]
      [GC Worker Start (ms): Min: 263.1, Avg: 263.1, Max: 263.1, Diff: 0.0]
      [Ext Root Scanning (ms): Min: 0.1, Avg: 0.1, Max: 0.1, Diff: 0.0, Sum: 0.5]
      [Update RS (ms): Min: 0.1, Avg: 0.1, Max: 0.2, Diff: 0.1, Sum: 0.5]
         [Processed Buffers: Min: 1, Avg: 2.0, Max: 3, Diff: 2, Sum: 8]
      [Scan RS (ms): Min: 0.0, Avg: 0.0, Max: 0.0, Diff: 0.0, Sum: 0.0]
      [Code Root Scanning (ms): Min: 0.0, Avg: 0.0, Max: 0.0, Diff: 0.0, Sum: 0.0]
      [Object Copy (ms): Min: 7.0, Avg: 7.1, Max: 7.1, Diff: 0.1, Sum: 28.2]
      [Termination (ms): Min: 0.0, Avg: 0.1, Max: 0.2, Diff: 0.2, Sum: 0.4]
         [Termination Attempts: Min: 1, Avg: 1.0, Max: 1, Diff: 0, Sum: 4]
      [GC Worker Other (ms): Min: 0.0, Avg: 0.0, Max: 0.0, Diff: 0.0, Sum: 0.0]
      [GC Worker Total (ms): Min: 7.4, Avg: 7.4, Max: 7.5, Diff: 0.1, Sum: 29.7]
      [GC Worker End (ms): Min: 270.5, Avg: 270.5, Max: 270.6, Diff: 0.1]
   [Code Root Fixup: 0.0 ms]
   [Code Root Purge: 0.0 ms]
   [Clear CT: 0.0 ms]
   [Other: 0.5 ms]
      [Choose CSet: 0.0 ms]
      [Ref Proc: 0.2 ms]
      [Ref Enq: 0.0 ms]
      [Redirty Cards: 0.0 ms]
      [Humongous Register: 0.0 ms]
      [Humongous Reclaim: 0.0 ms]
      [Free CSet: 0.0 ms]
   [Eden: 63.0M(63.0M)->0.0B(84.0M) Survivors: 7168.0K->9216.0K Heap: 153.5M(1024.0M)->92.8M(1024.0M)]
 [Times: user=0.01 sys=0.02, real=0.01 secs] 
2020-10-29T01:54:27.073-0800: [GC pause (G1 Evacuation Pause) (young), 0.0147685 secs]
   [Parallel Time: 13.7 ms, GC Workers: 4]
      [GC Worker Start (ms): Min: 306.7, Avg: 307.9, Max: 308.4, Diff: 1.7]
      [Ext Root Scanning (ms): Min: 0.0, Avg: 0.0, Max: 0.2, Diff: 0.2, Sum: 0.2]
      [Update RS (ms): Min: 0.0, Avg: 0.2, Max: 0.6, Diff: 0.6, Sum: 0.6]
         [Processed Buffers: Min: 0, Avg: 3.5, Max: 14, Diff: 14, Sum: 14]
      [Scan RS (ms): Min: 0.0, Avg: 0.0, Max: 0.0, Diff: 0.0, Sum: 0.0]
      [Code Root Scanning (ms): Min: 0.0, Avg: 0.0, Max: 0.0, Diff: 0.0, Sum: 0.0]
      [Object Copy (ms): Min: 11.6, Avg: 11.9, Max: 12.4, Diff: 0.8, Sum: 47.6]
      [Termination (ms): Min: 0.0, Avg: 0.2, Max: 0.4, Diff: 0.4, Sum: 0.8]
         [Termination Attempts: Min: 1, Avg: 1.0, Max: 1, Diff: 0, Sum: 4]
      [GC Worker Other (ms): Min: 0.0, Avg: 0.0, Max: 0.0, Diff: 0.0, Sum: 0.0]
      [GC Worker Total (ms): Min: 11.9, Avg: 12.3, Max: 13.7, Diff: 1.8, Sum: 49.3]
      [GC Worker End (ms): Min: 320.2, Avg: 320.2, Max: 320.4, Diff: 0.2]
   [Code Root Fixup: 0.0 ms]
   [Code Root Purge: 0.0 ms]
   [Clear CT: 0.1 ms]
   [Other: 1.0 ms]
      [Choose CSet: 0.0 ms]
      [Ref Proc: 0.7 ms]
      [Ref Enq: 0.0 ms]
      [Redirty Cards: 0.0 ms]
      [Humongous Register: 0.0 ms]
      [Humongous Reclaim: 0.1 ms]
      [Free CSet: 0.0 ms]
   [Eden: 84.0M(84.0M)->0.0B(77.0M) Survivors: 9216.0K->12.0M Heap: 208.5M(1024.0M)->137.8M(1024.0M)]
 [Times: user=0.02 sys=0.02, real=0.01 secs] 
2020-10-29T01:54:27.107-0800: [GC pause (G1 Evacuation Pause) (young), 0.0111798 secs]
   [Parallel Time: 10.1 ms, GC Workers: 4]
      [GC Worker Start (ms): Min: 340.6, Avg: 342.6, Max: 343.7, Diff: 3.1]
      [Ext Root Scanning (ms): Min: 0.0, Avg: 0.0, Max: 0.2, Diff: 0.2, Sum: 0.2]
      [Update RS (ms): Min: 0.0, Avg: 0.1, Max: 0.4, Diff: 0.4, Sum: 0.5]
         [Processed Buffers: Min: 0, Avg: 2.5, Max: 10, Diff: 10, Sum: 10]
      [Scan RS (ms): Min: 0.0, Avg: 0.0, Max: 0.0, Diff: 0.0, Sum: 0.0]
      [Code Root Scanning (ms): Min: 0.0, Avg: 0.0, Max: 0.0, Diff: 0.0, Sum: 0.0]
      [Object Copy (ms): Min: 6.3, Avg: 7.4, Max: 8.8, Diff: 2.5, Sum: 29.7]
      [Termination (ms): Min: 0.0, Avg: 0.5, Max: 0.8, Diff: 0.8, Sum: 2.0]
         [Termination Attempts: Min: 1, Avg: 1.0, Max: 1, Diff: 0, Sum: 4]
      [GC Worker Other (ms): Min: 0.0, Avg: 0.0, Max: 0.0, Diff: 0.0, Sum: 0.0]
      [GC Worker Total (ms): Min: 7.0, Avg: 8.1, Max: 10.1, Diff: 3.1, Sum: 32.4]
      [GC Worker End (ms): Min: 350.6, Avg: 350.7, Max: 350.7, Diff: 0.2]
   [Code Root Fixup: 0.0 ms]
   [Code Root Purge: 0.0 ms]
   [Clear CT: 0.1 ms]
   [Other: 1.0 ms]
      [Choose CSet: 0.0 ms]
      [Ref Proc: 0.7 ms]
      [Ref Enq: 0.0 ms]
      [Redirty Cards: 0.0 ms]
      [Humongous Register: 0.0 ms]
      [Humongous Reclaim: 0.1 ms]
      [Free CSet: 0.0 ms]
   [Eden: 77.0M(77.0M)->0.0B(138.0M) Survivors: 12.0M->12.0M Heap: 227.5M(1024.0M)->163.9M(1024.0M)]
 [Times: user=0.01 sys=0.02, real=0.01 secs] 
2020-10-29T01:54:27.175-0800: [GC pause (G1 Evacuation Pause) (young), 0.0205212 secs]
   [Parallel Time: 19.4 ms, GC Workers: 4]
      [GC Worker Start (ms): Min: 408.5, Avg: 411.9, Max: 413.2, Diff: 4.7]
      [Ext Root Scanning (ms): Min: 0.0, Avg: 0.1, Max: 0.2, Diff: 0.2, Sum: 0.3]
      [Update RS (ms): Min: 0.0, Avg: 0.1, Max: 0.5, Diff: 0.5, Sum: 0.5]
         [Processed Buffers: Min: 0, Avg: 2.8, Max: 11, Diff: 11, Sum: 11]
      [Scan RS (ms): Min: 0.0, Avg: 0.0, Max: 0.0, Diff: 0.0, Sum: 0.1]
      [Code Root Scanning (ms): Min: 0.0, Avg: 0.0, Max: 0.0, Diff: 0.0, Sum: 0.0]
      [Object Copy (ms): Min: 13.9, Avg: 15.2, Max: 17.9, Diff: 4.0, Sum: 60.9]
      [Termination (ms): Min: 0.0, Avg: 0.5, Max: 0.6, Diff: 0.6, Sum: 1.9]
         [Termination Attempts: Min: 1, Avg: 1.0, Max: 1, Diff: 0, Sum: 4]
      [GC Worker Other (ms): Min: 0.0, Avg: 0.0, Max: 0.0, Diff: 0.0, Sum: 0.0]
      [GC Worker Total (ms): Min: 14.7, Avg: 15.9, Max: 19.4, Diff: 4.7, Sum: 63.8]
      [GC Worker End (ms): Min: 427.9, Avg: 427.9, Max: 427.9, Diff: 0.0]
   [Code Root Fixup: 0.0 ms]
   [Code Root Purge: 0.0 ms]
   [Clear CT: 0.1 ms]
   [Other: 1.1 ms]
      [Choose CSet: 0.0 ms]
      [Ref Proc: 0.6 ms]
      [Ref Enq: 0.0 ms]
      [Redirty Cards: 0.0 ms]
      [Humongous Register: 0.1 ms]
      [Humongous Reclaim: 0.1 ms]
      [Free CSet: 0.0 ms]
   [Eden: 138.0M(138.0M)->0.0B(120.0M) Survivors: 12.0M->19.0M Heap: 328.2M(1024.0M)->210.2M(1024.0M)]
 [Times: user=0.02 sys=0.03, real=0.02 secs] 
2020-10-29T01:54:27.245-0800: [GC pause (G1 Evacuation Pause) (young), 0.0148596 secs]
   [Parallel Time: 13.4 ms, GC Workers: 4]
      [GC Worker Start (ms): Min: 479.1, Avg: 480.9, Max: 481.7, Diff: 2.7]
      [Ext Root Scanning (ms): Min: 0.0, Avg: 0.0, Max: 0.2, Diff: 0.2, Sum: 0.2]
      [Update RS (ms): Min: 0.0, Avg: 0.2, Max: 0.8, Diff: 0.8, Sum: 0.8]
         [Processed Buffers: Min: 0, Avg: 4.2, Max: 17, Diff: 17, Sum: 17]
      [Scan RS (ms): Min: 0.0, Avg: 0.0, Max: 0.0, Diff: 0.0, Sum: 0.1]
      [Code Root Scanning (ms): Min: 0.0, Avg: 0.0, Max: 0.0, Diff: 0.0, Sum: 0.0]
      [Object Copy (ms): Min: 10.5, Avg: 11.1, Max: 12.1, Diff: 1.6, Sum: 44.2]
      [Termination (ms): Min: 0.0, Avg: 0.1, Max: 0.2, Diff: 0.2, Sum: 0.4]
         [Termination Attempts: Min: 1, Avg: 1.0, Max: 1, Diff: 0, Sum: 4]
      [GC Worker Other (ms): Min: 0.0, Avg: 0.0, Max: 0.0, Diff: 0.0, Sum: 0.0]
      [GC Worker Total (ms): Min: 10.6, Avg: 11.4, Max: 13.3, Diff: 2.7, Sum: 45.7]
      [GC Worker End (ms): Min: 492.3, Avg: 492.4, Max: 492.4, Diff: 0.1]
   [Code Root Fixup: 0.0 ms]
   [Code Root Purge: 0.0 ms]
   [Clear CT: 0.1 ms]
   [Other: 1.4 ms]
      [Choose CSet: 0.0 ms]
      [Ref Proc: 1.0 ms]
      [Ref Enq: 0.0 ms]
      [Redirty Cards: 0.0 ms]
      [Humongous Register: 0.1 ms]
      [Humongous Reclaim: 0.2 ms]
      [Free CSet: 0.0 ms]
   [Eden: 120.0M(120.0M)->0.0B(151.0M) Survivors: 19.0M->18.0M Heap: 379.0M(1024.0M)->250.4M(1024.0M)]
 [Times: user=0.02 sys=0.02, real=0.02 secs] 
2020-10-29T01:54:27.302-0800: [GC pause (G1 Evacuation Pause) (young), 0.0197059 secs]
   [Parallel Time: 19.0 ms, GC Workers: 4]
      [GC Worker Start (ms): Min: 536.1, Avg: 536.4, Max: 537.1, Diff: 1.0]
      [Ext Root Scanning (ms): Min: 0.0, Avg: 0.0, Max: 0.2, Diff: 0.2, Sum: 0.2]
      [Update RS (ms): Min: 0.0, Avg: 0.3, Max: 0.4, Diff: 0.4, Sum: 1.1]
         [Processed Buffers: Min: 0, Avg: 3.2, Max: 5, Diff: 5, Sum: 13]
      [Scan RS (ms): Min: 0.0, Avg: 0.0, Max: 0.1, Diff: 0.0, Sum: 0.1]
      [Code Root Scanning (ms): Min: 0.0, Avg: 0.0, Max: 0.0, Diff: 0.0, Sum: 0.0]
      [Object Copy (ms): Min: 17.7, Avg: 17.8, Max: 17.9, Diff: 0.2, Sum: 71.1]
      [Termination (ms): Min: 0.0, Avg: 0.5, Max: 0.7, Diff: 0.7, Sum: 1.9]
         [Termination Attempts: Min: 1, Avg: 1.0, Max: 1, Diff: 0, Sum: 4]
      [GC Worker Other (ms): Min: 0.0, Avg: 0.0, Max: 0.0, Diff: 0.0, Sum: 0.0]
      [GC Worker Total (ms): Min: 18.0, Avg: 18.6, Max: 19.0, Diff: 1.1, Sum: 74.5]
      [GC Worker End (ms): Min: 555.0, Avg: 555.1, Max: 555.1, Diff: 0.0]
   [Code Root Fixup: 0.0 ms]
   [Code Root Purge: 0.0 ms]
   [Clear CT: 0.0 ms]
   [Other: 0.6 ms]
      [Choose CSet: 0.0 ms]
      [Ref Proc: 0.2 ms]
      [Ref Enq: 0.0 ms]
      [Redirty Cards: 0.0 ms]
      [Humongous Register: 0.1 ms]
      [Humongous Reclaim: 0.1 ms]
      [Free CSet: 0.0 ms]
   [Eden: 151.0M(151.0M)->0.0B(532.0M) Survivors: 18.0M->22.0M Heap: 442.7M(1024.0M)->297.4M(1024.0M)]
 [Times: user=0.03 sys=0.03, real=0.02 secs] 
2020-10-29T01:54:27.509-0800: [GC pause (G1 Humongous Allocation) (young) (initial-mark), 0.0352470 secs]
   [Parallel Time: 34.4 ms, GC Workers: 4]
      [GC Worker Start (ms): Min: 743.3, Avg: 743.3, Max: 743.3, Diff: 0.0]
      [Ext Root Scanning (ms): Min: 0.1, Avg: 0.8, Max: 1.4, Diff: 1.3, Sum: 3.0]
      [Update RS (ms): Min: 0.0, Avg: 0.4, Max: 0.7, Diff: 0.7, Sum: 1.4]
         [Processed Buffers: Min: 0, Avg: 4.8, Max: 11, Diff: 11, Sum: 19]
      [Scan RS (ms): Min: 0.0, Avg: 0.0, Max: 0.1, Diff: 0.1, Sum: 0.2]
      [Code Root Scanning (ms): Min: 0.0, Avg: 0.0, Max: 0.0, Diff: 0.0, Sum: 0.0]
      [Object Copy (ms): Min: 32.5, Avg: 32.8, Max: 33.0, Diff: 0.5, Sum: 131.3]
      [Termination (ms): Min: 0.0, Avg: 0.2, Max: 0.4, Diff: 0.4, Sum: 0.8]
         [Termination Attempts: Min: 1, Avg: 1.2, Max: 2, Diff: 1, Sum: 5]
      [GC Worker Other (ms): Min: 0.0, Avg: 0.0, Max: 0.0, Diff: 0.0, Sum: 0.0]
      [GC Worker Total (ms): Min: 34.1, Avg: 34.2, Max: 34.3, Diff: 0.2, Sum: 136.8]
      [GC Worker End (ms): Min: 777.4, Avg: 777.5, Max: 777.6, Diff: 0.2]
   [Code Root Fixup: 0.0 ms]
   [Code Root Purge: 0.0 ms]
   [Clear CT: 0.1 ms]
   [Other: 0.8 ms]
      [Choose CSet: 0.0 ms]
      [Ref Proc: 0.1 ms]
      [Ref Enq: 0.0 ms]
      [Redirty Cards: 0.0 ms]
      [Humongous Register: 0.1 ms]
      [Humongous Reclaim: 0.2 ms]
      [Free CSet: 0.1 ms]
   [Eden: 332.0M(532.0M)->0.0B(80.0M) Survivors: 22.0M->70.0M Heap: 725.0M(1024.0M)->395.4M(1024.0M)]
 [Times: user=0.04 sys=0.08, real=0.04 secs] 
2020-10-29T01:54:27.545-0800: [GC concurrent-root-region-scan-start]
2020-10-29T01:54:27.545-0800: [GC concurrent-root-region-scan-end, 0.0002965 secs]
2020-10-29T01:54:27.545-0800: [GC concurrent-mark-start]
2020-10-29T01:54:27.551-0800: [GC concurrent-mark-end, 0.0056167 secs]
2020-10-29T01:54:27.551-0800: [GC remark 2020-10-29T01:54:27.551-0800: [Finalize Marking, 0.0000817 secs] 2020-10-29T01:54:27.551-0800: [GC ref-proc, 0.0000585 secs] 2020-10-29T01:54:27.551-0800: [Unloading, 0.0004942 secs], 0.0028612 secs]
 [Times: user=0.00 sys=0.00, real=0.00 secs] 
2020-10-29T01:54:27.554-0800: [GC cleanup 426M->414M(1024M), 0.0007711 secs]
 [Times: user=0.00 sys=0.00, real=0.00 secs] 
2020-10-29T01:54:27.555-0800: [GC concurrent-cleanup-start]
2020-10-29T01:54:27.555-0800: [GC concurrent-cleanup-end, 0.0000428 secs]
2020-10-29T01:54:27.571-0800: [GC pause (G1 Evacuation Pause) (young), 0.0113691 secs]
   [Parallel Time: 10.9 ms, GC Workers: 4]
      [GC Worker Start (ms): Min: 805.0, Avg: 805.0, Max: 805.0, Diff: 0.0]
      [Ext Root Scanning (ms): Min: 0.1, Avg: 0.1, Max: 0.1, Diff: 0.0, Sum: 0.5]
      [Update RS (ms): Min: 0.3, Avg: 0.3, Max: 0.3, Diff: 0.0, Sum: 1.3]
         [Processed Buffers: Min: 1, Avg: 4.0, Max: 5, Diff: 4, Sum: 16]
      [Scan RS (ms): Min: 0.0, Avg: 0.0, Max: 0.0, Diff: 0.0, Sum: 0.1]
      [Code Root Scanning (ms): Min: 0.0, Avg: 0.0, Max: 0.0, Diff: 0.0, Sum: 0.0]
      [Object Copy (ms): Min: 9.6, Avg: 9.8, Max: 10.3, Diff: 0.7, Sum: 39.2]
      [Termination (ms): Min: 0.0, Avg: 0.5, Max: 0.7, Diff: 0.7, Sum: 2.0]
         [Termination Attempts: Min: 1, Avg: 1.0, Max: 1, Diff: 0, Sum: 4]
      [GC Worker Other (ms): Min: 0.0, Avg: 0.0, Max: 0.0, Diff: 0.0, Sum: 0.0]
      [GC Worker Total (ms): Min: 10.7, Avg: 10.8, Max: 10.8, Diff: 0.1, Sum: 43.1]
      [GC Worker End (ms): Min: 815.7, Avg: 815.8, Max: 815.8, Diff: 0.0]
   [Code Root Fixup: 0.0 ms]
   [Code Root Purge: 0.0 ms]
   [Clear CT: 0.1 ms]
   [Other: 0.5 ms]
      [Choose CSet: 0.0 ms]
      [Ref Proc: 0.1 ms]
      [Ref Enq: 0.0 ms]
      [Redirty Cards: 0.0 ms]
      [Humongous Register: 0.1 ms]
      [Humongous Reclaim: 0.0 ms]
      [Free CSet: 0.0 ms]
   [Eden: 80.0M(80.0M)->0.0B(32.0M) Survivors: 70.0M->19.0M Heap: 485.8M(1024.0M)->403.8M(1024.0M)]
 [Times: user=0.03 sys=0.01, real=0.01 secs] 
2020-10-29T01:54:27.590-0800: [GC pause (G1 Evacuation Pause) (mixed), 0.0081386 secs]
   [Parallel Time: 7.5 ms, GC Workers: 4]
      [GC Worker Start (ms): Min: 823.9, Avg: 824.0, Max: 824.0, Diff: 0.0]
      [Ext Root Scanning (ms): Min: 0.1, Avg: 0.1, Max: 0.1, Diff: 0.0, Sum: 0.5]
      [Update RS (ms): Min: 0.4, Avg: 0.4, Max: 0.4, Diff: 0.1, Sum: 1.6]
         [Processed Buffers: Min: 2, Avg: 5.0, Max: 6, Diff: 4, Sum: 20]
      [Scan RS (ms): Min: 0.0, Avg: 0.0, Max: 0.1, Diff: 0.1, Sum: 0.2]
      [Code Root Scanning (ms): Min: 0.0, Avg: 0.0, Max: 0.0, Diff: 0.0, Sum: 0.0]
      [Object Copy (ms): Min: 6.0, Avg: 6.3, Max: 6.7, Diff: 0.7, Sum: 25.0]
      [Termination (ms): Min: 0.0, Avg: 0.5, Max: 0.8, Diff: 0.8, Sum: 2.1]
         [Termination Attempts: Min: 1, Avg: 1.0, Max: 1, Diff: 0, Sum: 4]
      [GC Worker Other (ms): Min: 0.0, Avg: 0.0, Max: 0.0, Diff: 0.0, Sum: 0.1]
      [GC Worker Total (ms): Min: 7.3, Avg: 7.4, Max: 7.4, Diff: 0.1, Sum: 29.5]
      [GC Worker End (ms): Min: 831.3, Avg: 831.3, Max: 831.4, Diff: 0.1]
   [Code Root Fixup: 0.0 ms]
   [Code Root Purge: 0.0 ms]
   [Clear CT: 0.1 ms]
   [Other: 0.6 ms]
      [Choose CSet: 0.0 ms]
      [Ref Proc: 0.2 ms]
      [Ref Enq: 0.0 ms]
      [Redirty Cards: 0.0 ms]
      [Humongous Register: 0.1 ms]
      [Humongous Reclaim: 0.0 ms]
      [Free CSet: 0.1 ms]
   [Eden: 32.0M(32.0M)->0.0B(404.0M) Survivors: 19.0M->7168.0K Heap: 446.1M(1024.0M)->351.0M(1024.0M)]
 [Times: user=0.02 sys=0.01, real=0.00 secs] 
2020-10-29T01:54:27.637-0800: [GC pause (G1 Humongous Allocation) (young) (initial-mark), 0.0058345 secs]
   [Parallel Time: 5.3 ms, GC Workers: 4]
      [GC Worker Start (ms): Min: 870.5, Avg: 870.5, Max: 870.6, Diff: 0.0]
      [Ext Root Scanning (ms): Min: 0.1, Avg: 0.1, Max: 0.1, Diff: 0.0, Sum: 0.5]
      [Update RS (ms): Min: 0.5, Avg: 0.5, Max: 0.5, Diff: 0.0, Sum: 2.1]
         [Processed Buffers: Min: 4, Avg: 6.8, Max: 9, Diff: 5, Sum: 27]
      [Scan RS (ms): Min: 0.0, Avg: 0.0, Max: 0.0, Diff: 0.0, Sum: 0.1]
      [Code Root Scanning (ms): Min: 0.0, Avg: 0.0, Max: 0.0, Diff: 0.0, Sum: 0.0]
      [Object Copy (ms): Min: 4.5, Avg: 4.5, Max: 4.5, Diff: 0.0, Sum: 18.0]
      [Termination (ms): Min: 0.0, Avg: 0.0, Max: 0.1, Diff: 0.1, Sum: 0.1]
         [Termination Attempts: Min: 1, Avg: 1.0, Max: 1, Diff: 0, Sum: 4]
      [GC Worker Other (ms): Min: 0.0, Avg: 0.0, Max: 0.0, Diff: 0.0, Sum: 0.0]
      [GC Worker Total (ms): Min: 5.2, Avg: 5.2, Max: 5.2, Diff: 0.1, Sum: 20.9]
      [GC Worker End (ms): Min: 875.7, Avg: 875.7, Max: 875.8, Diff: 0.0]
   [Code Root Fixup: 0.0 ms]
   [Code Root Purge: 0.0 ms]
   [Clear CT: 0.0 ms]
   [Other: 0.5 ms]
      [Choose CSet: 0.0 ms]
      [Ref Proc: 0.1 ms]
      [Ref Enq: 0.0 ms]
      [Redirty Cards: 0.0 ms]
      [Humongous Register: 0.1 ms]
      [Humongous Reclaim: 0.1 ms]
      [Free CSet: 0.0 ms]
   [Eden: 133.0M(404.0M)->0.0B(316.0M) Survivors: 7168.0K->51.0M Heap: 525.9M(1024.0M)->398.4M(1024.0M)]
 [Times: user=0.01 sys=0.00, real=0.01 secs] 
2020-10-29T01:54:27.643-0800: [GC concurrent-root-region-scan-start]
2020-10-29T01:54:27.643-0800: [GC concurrent-root-region-scan-end, 0.0001571 secs]
2020-10-29T01:54:27.643-0800: [GC concurrent-mark-start]
2020-10-29T01:54:27.645-0800: [GC concurrent-mark-end, 0.0025362 secs]
2020-10-29T01:54:27.645-0800: [GC remark 2020-10-29T01:54:27.645-0800: [Finalize Marking, 0.0000858 secs] 2020-10-29T01:54:27.645-0800: [GC ref-proc, 0.0000353 secs] 2020-10-29T01:54:27.646-0800: [Unloading, 0.0004445 secs], 0.0016714 secs]
 [Times: user=0.01 sys=0.00, real=0.00 secs] 
2020-10-29T01:54:27.647-0800: [GC cleanup 412M->410M(1024M), 0.0007035 secs]
 [Times: user=0.00 sys=0.00, real=0.00 secs] 
2020-10-29T01:54:27.648-0800: [GC concurrent-cleanup-start]
2020-10-29T01:54:27.648-0800: [GC concurrent-cleanup-end, 0.0000265 secs]
2020-10-29T01:54:27.749-0800: [GC pause (G1 Evacuation Pause) (young) (to-space exhausted), 0.0264692 secs]
   [Parallel Time: 25.0 ms, GC Workers: 4]
      [GC Worker Start (ms): Min: 983.3, Avg: 984.5, Max: 985.7, Diff: 2.4]
      [Ext Root Scanning (ms): Min: 0.0, Avg: 0.1, Max: 0.3, Diff: 0.3, Sum: 0.5]
      [Update RS (ms): Min: 0.0, Avg: 0.4, Max: 0.8, Diff: 0.8, Sum: 1.4]
         [Processed Buffers: Min: 0, Avg: 6.2, Max: 15, Diff: 15, Sum: 25]
      [Scan RS (ms): Min: 0.0, Avg: 0.0, Max: 0.1, Diff: 0.0, Sum: 0.2]
      [Code Root Scanning (ms): Min: 0.0, Avg: 0.0, Max: 0.0, Diff: 0.0, Sum: 0.0]
      [Object Copy (ms): Min: 21.9, Avg: 22.7, Max: 23.7, Diff: 1.8, Sum: 90.8]
      [Termination (ms): Min: 0.0, Avg: 0.4, Max: 0.6, Diff: 0.6, Sum: 1.6]
         [Termination Attempts: Min: 1, Avg: 1.0, Max: 1, Diff: 0, Sum: 4]
      [GC Worker Other (ms): Min: 0.0, Avg: 0.0, Max: 0.0, Diff: 0.0, Sum: 0.1]
      [GC Worker Total (ms): Min: 22.6, Avg: 23.7, Max: 24.8, Diff: 2.2, Sum: 94.7]
      [GC Worker End (ms): Min: 1008.1, Avg: 1008.2, Max: 1008.3, Diff: 0.2]
   [Code Root Fixup: 0.0 ms]
   [Code Root Purge: 0.0 ms]
   [Clear CT: 0.2 ms]
   [Other: 1.4 ms]
      [Evacuation Failure: 0.2 ms]
      [Choose CSet: 0.0 ms]
      [Ref Proc: 0.7 ms]
      [Ref Enq: 0.0 ms]
      [Redirty Cards: 0.0 ms]
      [Humongous Register: 0.2 ms]
      [Humongous Reclaim: 0.1 ms]
      [Free CSet: 0.1 ms]
   [Eden: 316.0M(316.0M)->0.0B(5120.0K) Survivors: 51.0M->46.0M Heap: 803.0M(1024.0M)->491.6M(1024.0M)]
 [Times: user=0.03 sys=0.04, real=0.03 secs] 
2020-10-29T01:54:27.777-0800: [GC pause (G1 Evacuation Pause) (mixed), 0.0120100 secs]
   [Parallel Time: 10.1 ms, GC Workers: 4]
      [GC Worker Start (ms): Min: 1011.0, Avg: 1014.8, Max: 1016.4, Diff: 5.4]
      [Ext Root Scanning (ms): Min: 0.0, Avg: 0.0, Max: 0.2, Diff: 0.2, Sum: 0.2]
      [Update RS (ms): Min: 0.0, Avg: 0.2, Max: 0.9, Diff: 0.9, Sum: 0.9]
         [Processed Buffers: Min: 0, Avg: 5.8, Max: 23, Diff: 23, Sum: 23]
      [Scan RS (ms): Min: 0.0, Avg: 0.0, Max: 0.1, Diff: 0.1, Sum: 0.2]
      [Code Root Scanning (ms): Min: 0.0, Avg: 0.0, Max: 0.0, Diff: 0.0, Sum: 0.0]
      [Object Copy (ms): Min: 3.8, Avg: 5.3, Max: 8.0, Diff: 4.2, Sum: 21.0]
      [Termination (ms): Min: 0.0, Avg: 0.6, Max: 0.8, Diff: 0.8, Sum: 2.2]
         [Termination Attempts: Min: 1, Avg: 1.0, Max: 1, Diff: 0, Sum: 4]
      [GC Worker Other (ms): Min: 0.0, Avg: 0.0, Max: 0.0, Diff: 0.0, Sum: 0.0]
      [GC Worker Total (ms): Min: 4.6, Avg: 6.2, Max: 10.0, Diff: 5.4, Sum: 24.6]
      [GC Worker End (ms): Min: 1020.8, Avg: 1021.0, Max: 1021.1, Diff: 0.3]
   [Code Root Fixup: 0.0 ms]
   [Code Root Purge: 0.0 ms]
   [Clear CT: 0.1 ms]
   [Other: 1.9 ms]
      [Choose CSet: 0.0 ms]
      [Ref Proc: 1.5 ms]
      [Ref Enq: 0.0 ms]
      [Redirty Cards: 0.0 ms]
      [Humongous Register: 0.1 ms]
      [Humongous Reclaim: 0.0 ms]
      [Free CSet: 0.1 ms]
   [Eden: 5120.0K(5120.0K)->0.0B(307.0M) Survivors: 46.0M->2048.0K Heap: 498.6M(1024.0M)->446.3M(1024.0M)]
 [Times: user=0.02 sys=0.00, real=0.01 secs] 
2020-10-29T01:54:27.789-0800: [GC pause (G1 Humongous Allocation) (young) (initial-mark), 0.0022126 secs]
   [Parallel Time: 1.2 ms, GC Workers: 4]
      [GC Worker Start (ms): Min: 1023.3, Avg: 1023.3, Max: 1023.5, Diff: 0.2]
      [Ext Root Scanning (ms): Min: 0.0, Avg: 0.3, Max: 1.0, Diff: 1.0, Sum: 1.4]
      [Update RS (ms): Min: 0.0, Avg: 0.1, Max: 0.3, Diff: 0.3, Sum: 0.4]
         [Processed Buffers: Min: 0, Avg: 1.2, Max: 3, Diff: 3, Sum: 5]
      [Scan RS (ms): Min: 0.0, Avg: 0.0, Max: 0.0, Diff: 0.0, Sum: 0.0]
      [Code Root Scanning (ms): Min: 0.0, Avg: 0.0, Max: 0.0, Diff: 0.0, Sum: 0.0]
      [Object Copy (ms): Min: 0.0, Avg: 0.1, Max: 0.1, Diff: 0.1, Sum: 0.3]
      [Termination (ms): Min: 0.0, Avg: 0.5, Max: 0.7, Diff: 0.7, Sum: 2.1]
         [Termination Attempts: Min: 1, Avg: 1.2, Max: 2, Diff: 1, Sum: 5]
      [GC Worker Other (ms): Min: 0.0, Avg: 0.0, Max: 0.0, Diff: 0.0, Sum: 0.0]
      [GC Worker Total (ms): Min: 0.9, Avg: 1.0, Max: 1.1, Diff: 0.2, Sum: 4.2]
      [GC Worker End (ms): Min: 1024.4, Avg: 1024.4, Max: 1024.4, Diff: 0.1]
   [Code Root Fixup: 0.0 ms]
   [Code Root Purge: 0.0 ms]
   [Clear CT: 0.0 ms]
   [Other: 1.0 ms]
      [Choose CSet: 0.0 ms]
      [Ref Proc: 0.7 ms]
      [Ref Enq: 0.0 ms]
      [Redirty Cards: 0.0 ms]
      [Humongous Register: 0.1 ms]
      [Humongous Reclaim: 0.0 ms]
      [Free CSet: 0.0 ms]
   [Eden: 1024.0K(307.0M)->0.0B(317.0M) Survivors: 2048.0K->2048.0K Heap: 446.9M(1024.0M)->445.9M(1024.0M)]
 [Times: user=0.01 sys=0.00, real=0.01 secs] 
2020-10-29T01:54:27.792-0800: [GC concurrent-root-region-scan-start]
2020-10-29T01:54:27.792-0800: [GC concurrent-root-region-scan-end, 0.0000977 secs]
2020-10-29T01:54:27.792-0800: [GC concurrent-mark-start]
2020-10-29T01:54:27.794-0800: [GC concurrent-mark-end, 0.0023073 secs]
2020-10-29T01:54:27.794-0800: [GC remark 2020-10-29T01:54:27.794-0800: [Finalize Marking, 0.0008114 secs] 2020-10-29T01:54:27.795-0800: [GC ref-proc, 0.0000351 secs] 2020-10-29T01:54:27.795-0800: [Unloading, 0.0007481 secs], 0.0035659 secs]
 [Times: user=0.01 sys=0.00, real=0.00 secs] 
2020-10-29T01:54:27.798-0800: [GC cleanup 461M->461M(1024M), 0.0016776 secs]
 [Times: user=0.00 sys=0.00, real=0.01 secs] 
执行结束!共生成对象次数:9146
Heap
 garbage-first heap   total 1048576K, used 787438K [0x0000000780000000, 0x0000000780102000, 0x00000007c0000000)
  region size 1024K, 259 young (265216K), 2 survivors (2048K)
 Metaspace       used 2720K, capacity 4486K, committed 4864K, reserved 1056768K
  class space    used 297K, capacity 386K, committed 512K, reserved 1048576K

-------------------------------------------------------------------

GC_Algorithm_Parameter:+UseG1GC; Heap_size: 2g

正在执行...
2020-10-29T01:54:28.197-0800: [GC pause (G1 Evacuation Pause) (young), 0.0146541 secs]
   [Parallel Time: 13.9 ms, GC Workers: 4]
      [GC Worker Start (ms): Min: 223.3, Avg: 223.4, Max: 223.4, Diff: 0.0]
      [Ext Root Scanning (ms): Min: 0.2, Avg: 0.2, Max: 0.2, Diff: 0.1, Sum: 0.8]
      [Update RS (ms): Min: 0.1, Avg: 0.1, Max: 0.1, Diff: 0.0, Sum: 0.3]
         [Processed Buffers: Min: 1, Avg: 1.2, Max: 2, Diff: 1, Sum: 5]
      [Scan RS (ms): Min: 0.0, Avg: 0.0, Max: 0.0, Diff: 0.0, Sum: 0.1]
      [Code Root Scanning (ms): Min: 0.0, Avg: 0.0, Max: 0.1, Diff: 0.1, Sum: 0.1]
      [Object Copy (ms): Min: 9.7, Avg: 9.9, Max: 10.3, Diff: 0.6, Sum: 39.8]
      [Termination (ms): Min: 0.0, Avg: 1.3, Max: 3.8, Diff: 3.8, Sum: 5.0]
         [Termination Attempts: Min: 1, Avg: 1.0, Max: 1, Diff: 0, Sum: 4]
      [GC Worker Other (ms): Min: 0.0, Avg: 0.0, Max: 0.0, Diff: 0.0, Sum: 0.1]
      [GC Worker Total (ms): Min: 10.7, Avg: 11.5, Max: 13.8, Diff: 3.2, Sum: 46.1]
      [GC Worker End (ms): Min: 234.0, Avg: 234.9, Max: 237.2, Diff: 3.2]
   [Code Root Fixup: 0.0 ms]
   [Code Root Purge: 0.0 ms]
   [Clear CT: 0.1 ms]
   [Other: 0.7 ms]
      [Choose CSet: 0.0 ms]
      [Ref Proc: 0.1 ms]
      [Ref Enq: 0.0 ms]
      [Redirty Cards: 0.0 ms]
      [Humongous Register: 0.1 ms]
      [Humongous Reclaim: 0.1 ms]
      [Free CSet: 0.0 ms]
   [Eden: 102.0M(102.0M)->0.0B(89.0M) Survivors: 0.0B->13.0M Heap: 131.0M(2048.0M)->40.9M(2048.0M)]
 [Times: user=0.01 sys=0.01, real=0.02 secs] 
2020-10-29T01:54:28.239-0800: [GC pause (G1 Evacuation Pause) (young), 0.0105275 secs]
   [Parallel Time: 10.0 ms, GC Workers: 4]
      [GC Worker Start (ms): Min: 265.7, Avg: 265.7, Max: 265.7, Diff: 0.0]
      [Ext Root Scanning (ms): Min: 0.1, Avg: 0.2, Max: 0.2, Diff: 0.1, Sum: 0.6]
      [Update RS (ms): Min: 0.1, Avg: 0.1, Max: 0.1, Diff: 0.1, Sum: 0.4]
         [Processed Buffers: Min: 1, Avg: 1.5, Max: 2, Diff: 1, Sum: 6]
      [Scan RS (ms): Min: 0.0, Avg: 0.0, Max: 0.0, Diff: 0.0, Sum: 0.1]
      [Code Root Scanning (ms): Min: 0.0, Avg: 0.0, Max: 0.0, Diff: 0.0, Sum: 0.0]
      [Object Copy (ms): Min: 9.2, Avg: 9.4, Max: 9.6, Diff: 0.3, Sum: 37.7]
      [Termination (ms): Min: 0.0, Avg: 0.1, Max: 0.4, Diff: 0.4, Sum: 0.6]
         [Termination Attempts: Min: 1, Avg: 1.0, Max: 1, Diff: 0, Sum: 4]
      [GC Worker Other (ms): Min: 0.0, Avg: 0.0, Max: 0.0, Diff: 0.0, Sum: 0.0]
      [GC Worker Total (ms): Min: 9.8, Avg: 9.8, Max: 9.9, Diff: 0.1, Sum: 39.4]
      [GC Worker End (ms): Min: 275.5, Avg: 275.5, Max: 275.6, Diff: 0.1]
   [Code Root Fixup: 0.0 ms]
   [Code Root Purge: 0.0 ms]
   [Clear CT: 0.0 ms]
   [Other: 0.5 ms]
      [Choose CSet: 0.0 ms]
      [Ref Proc: 0.1 ms]
      [Ref Enq: 0.0 ms]
      [Redirty Cards: 0.0 ms]
      [Humongous Register: 0.1 ms]
      [Humongous Reclaim: 0.0 ms]
      [Free CSet: 0.0 ms]
   [Eden: 89.0M(89.0M)->0.0B(89.0M) Survivors: 13.0M->13.0M Heap: 150.9M(2048.0M)->78.4M(2048.0M)]
 [Times: user=0.01 sys=0.02, real=0.02 secs] 
2020-10-29T01:54:28.280-0800: [GC pause (G1 Evacuation Pause) (young), 0.0108878 secs]
   [Parallel Time: 10.3 ms, GC Workers: 4]
      [GC Worker Start (ms): Min: 306.7, Avg: 306.7, Max: 306.8, Diff: 0.0]
      [Ext Root Scanning (ms): Min: 0.1, Avg: 0.1, Max: 0.1, Diff: 0.0, Sum: 0.5]
      [Update RS (ms): Min: 0.1, Avg: 0.1, Max: 0.2, Diff: 0.0, Sum: 0.6]
         [Processed Buffers: Min: 2, Avg: 2.0, Max: 2, Diff: 0, Sum: 8]
      [Scan RS (ms): Min: 0.0, Avg: 0.0, Max: 0.0, Diff: 0.0, Sum: 0.1]
      [Code Root Scanning (ms): Min: 0.0, Avg: 0.0, Max: 0.0, Diff: 0.0, Sum: 0.0]
      [Object Copy (ms): Min: 9.3, Avg: 9.5, Max: 9.9, Diff: 0.6, Sum: 38.1]
      [Termination (ms): Min: 0.0, Avg: 0.4, Max: 0.7, Diff: 0.7, Sum: 1.7]
         [Termination Attempts: Min: 1, Avg: 1.0, Max: 1, Diff: 0, Sum: 4]
      [GC Worker Other (ms): Min: 0.0, Avg: 0.0, Max: 0.0, Diff: 0.0, Sum: 0.0]
      [GC Worker Total (ms): Min: 10.2, Avg: 10.2, Max: 10.3, Diff: 0.1, Sum: 41.0]
      [GC Worker End (ms): Min: 317.0, Avg: 317.0, Max: 317.0, Diff: 0.0]
   [Code Root Fixup: 0.0 ms]
   [Code Root Purge: 0.0 ms]
   [Clear CT: 0.0 ms]
   [Other: 0.5 ms]
      [Choose CSet: 0.0 ms]
      [Ref Proc: 0.1 ms]
      [Ref Enq: 0.0 ms]
      [Redirty Cards: 0.0 ms]
      [Humongous Register: 0.1 ms]
      [Humongous Reclaim: 0.1 ms]
      [Free CSet: 0.0 ms]
   [Eden: 89.0M(89.0M)->0.0B(89.0M) Survivors: 13.0M->13.0M Heap: 190.7M(2048.0M)->113.0M(2048.0M)]
 [Times: user=0.02 sys=0.02, real=0.01 secs] 
2020-10-29T01:54:28.316-0800: [GC pause (G1 Evacuation Pause) (young), 0.0090734 secs]
   [Parallel Time: 8.5 ms, GC Workers: 4]
      [GC Worker Start (ms): Min: 342.6, Avg: 342.6, Max: 342.6, Diff: 0.0]
      [Ext Root Scanning (ms): Min: 0.1, Avg: 0.1, Max: 0.1, Diff: 0.0, Sum: 0.5]
      [Update RS (ms): Min: 0.2, Avg: 0.2, Max: 0.2, Diff: 0.0, Sum: 0.7]
         [Processed Buffers: Min: 1, Avg: 2.2, Max: 3, Diff: 2, Sum: 9]
      [Scan RS (ms): Min: 0.0, Avg: 0.0, Max: 0.0, Diff: 0.0, Sum: 0.1]
      [Code Root Scanning (ms): Min: 0.0, Avg: 0.0, Max: 0.0, Diff: 0.0, Sum: 0.0]
      [Object Copy (ms): Min: 7.7, Avg: 7.8, Max: 7.9, Diff: 0.2, Sum: 31.3]
      [Termination (ms): Min: 0.0, Avg: 0.2, Max: 0.4, Diff: 0.4, Sum: 0.7]
         [Termination Attempts: Min: 1, Avg: 1.0, Max: 1, Diff: 0, Sum: 4]
      [GC Worker Other (ms): Min: 0.0, Avg: 0.0, Max: 0.0, Diff: 0.0, Sum: 0.0]
      [GC Worker Total (ms): Min: 8.2, Avg: 8.3, Max: 8.4, Diff: 0.2, Sum: 33.3]
      [GC Worker End (ms): Min: 350.9, Avg: 350.9, Max: 351.0, Diff: 0.2]
   [Code Root Fixup: 0.0 ms]
   [Code Root Purge: 0.0 ms]
   [Clear CT: 0.0 ms]
   [Other: 0.5 ms]
      [Choose CSet: 0.0 ms]
      [Ref Proc: 0.1 ms]
      [Ref Enq: 0.0 ms]
      [Redirty Cards: 0.0 ms]
      [Humongous Register: 0.1 ms]
      [Humongous Reclaim: 0.1 ms]
      [Free CSet: 0.0 ms]
   [Eden: 89.0M(89.0M)->0.0B(89.0M) Survivors: 13.0M->13.0M Heap: 217.6M(2048.0M)->138.8M(2048.0M)]
 [Times: user=0.01 sys=0.02, real=0.01 secs] 
2020-10-29T01:54:28.356-0800: [GC pause (G1 Evacuation Pause) (young), 0.0144127 secs]
   [Parallel Time: 13.7 ms, GC Workers: 4]
      [GC Worker Start (ms): Min: 382.0, Avg: 382.0, Max: 382.1, Diff: 0.0]
      [Ext Root Scanning (ms): Min: 0.1, Avg: 0.1, Max: 0.1, Diff: 0.0, Sum: 0.5]
      [Update RS (ms): Min: 0.2, Avg: 0.2, Max: 0.2, Diff: 0.1, Sum: 0.8]
         [Processed Buffers: Min: 1, Avg: 2.5, Max: 3, Diff: 2, Sum: 10]
      [Scan RS (ms): Min: 0.0, Avg: 0.0, Max: 0.0, Diff: 0.0, Sum: 0.1]
      [Code Root Scanning (ms): Min: 0.0, Avg: 0.0, Max: 0.0, Diff: 0.0, Sum: 0.0]
      [Object Copy (ms): Min: 10.7, Avg: 11.0, Max: 11.4, Diff: 0.7, Sum: 44.2]
      [Termination (ms): Min: 0.0, Avg: 1.3, Max: 2.6, Diff: 2.6, Sum: 5.2]
         [Termination Attempts: Min: 1, Avg: 1.0, Max: 1, Diff: 0, Sum: 4]
      [GC Worker Other (ms): Min: 0.0, Avg: 0.0, Max: 0.0, Diff: 0.0, Sum: 0.0]
      [GC Worker Total (ms): Min: 11.7, Avg: 12.7, Max: 13.7, Diff: 1.9, Sum: 50.8]
      [GC Worker End (ms): Min: 393.8, Avg: 394.7, Max: 395.7, Diff: 1.9]
   [Code Root Fixup: 0.0 ms]
   [Code Root Purge: 0.0 ms]
   [Clear CT: 0.0 ms]
   [Other: 0.7 ms]
      [Choose CSet: 0.0 ms]
      [Ref Proc: 0.1 ms]
      [Ref Enq: 0.0 ms]
      [Redirty Cards: 0.0 ms]
      [Humongous Register: 0.1 ms]
      [Humongous Reclaim: 0.1 ms]
      [Free CSet: 0.0 ms]
   [Eden: 89.0M(89.0M)->0.0B(89.0M) Survivors: 13.0M->13.0M Heap: 259.0M(2048.0M)->177.1M(2048.0M)]
 [Times: user=0.02 sys=0.02, real=0.02 secs] 
2020-10-29T01:54:28.394-0800: [GC pause (G1 Evacuation Pause) (young), 0.0110511 secs]
   [Parallel Time: 10.4 ms, GC Workers: 4]
      [GC Worker Start (ms): Min: 420.0, Avg: 420.1, Max: 420.1, Diff: 0.0]
      [Ext Root Scanning (ms): Min: 0.1, Avg: 0.1, Max: 0.1, Diff: 0.0, Sum: 0.5]
      [Update RS (ms): Min: 0.2, Avg: 0.3, Max: 0.3, Diff: 0.1, Sum: 1.0]
         [Processed Buffers: Min: 1, Avg: 3.2, Max: 5, Diff: 4, Sum: 13]
      [Scan RS (ms): Min: 0.0, Avg: 0.0, Max: 0.0, Diff: 0.0, Sum: 0.0]
      [Code Root Scanning (ms): Min: 0.0, Avg: 0.0, Max: 0.0, Diff: 0.0, Sum: 0.0]
      [Object Copy (ms): Min: 9.8, Avg: 9.9, Max: 9.9, Diff: 0.1, Sum: 39.5]
      [Termination (ms): Min: 0.0, Avg: 0.1, Max: 0.1, Diff: 0.1, Sum: 0.3]
         [Termination Attempts: Min: 1, Avg: 1.0, Max: 1, Diff: 0, Sum: 4]
      [GC Worker Other (ms): Min: 0.0, Avg: 0.0, Max: 0.0, Diff: 0.0, Sum: 0.0]
      [GC Worker Total (ms): Min: 10.3, Avg: 10.3, Max: 10.4, Diff: 0.0, Sum: 41.3]
      [GC Worker End (ms): Min: 430.4, Avg: 430.4, Max: 430.4, Diff: 0.0]
   [Code Root Fixup: 0.0 ms]
   [Code Root Purge: 0.0 ms]
   [Clear CT: 0.1 ms]
   [Other: 0.6 ms]
      [Choose CSet: 0.0 ms]
      [Ref Proc: 0.1 ms]
      [Ref Enq: 0.0 ms]
      [Redirty Cards: 0.0 ms]
      [Humongous Register: 0.1 ms]
      [Humongous Reclaim: 0.1 ms]
      [Free CSet: 0.0 ms]
   [Eden: 89.0M(89.0M)->0.0B(99.0M) Survivors: 13.0M->13.0M Heap: 290.3M(2048.0M)->207.7M(2048.0M)]
 [Times: user=0.01 sys=0.02, real=0.01 secs] 
2020-10-29T01:54:28.430-0800: [GC pause (G1 Evacuation Pause) (young), 0.0135698 secs]
   [Parallel Time: 13.0 ms, GC Workers: 4]
      [GC Worker Start (ms): Min: 456.4, Avg: 456.4, Max: 456.5, Diff: 0.0]
      [Ext Root Scanning (ms): Min: 0.1, Avg: 0.1, Max: 0.1, Diff: 0.0, Sum: 0.5]
      [Update RS (ms): Min: 0.3, Avg: 0.3, Max: 0.4, Diff: 0.1, Sum: 1.4]
         [Processed Buffers: Min: 2, Avg: 4.2, Max: 5, Diff: 3, Sum: 17]
      [Scan RS (ms): Min: 0.0, Avg: 0.0, Max: 0.0, Diff: 0.0, Sum: 0.1]
      [Code Root Scanning (ms): Min: 0.0, Avg: 0.0, Max: 0.0, Diff: 0.0, Sum: 0.0]
      [Object Copy (ms): Min: 11.8, Avg: 12.0, Max: 12.3, Diff: 0.5, Sum: 47.9]
      [Termination (ms): Min: 0.0, Avg: 0.4, Max: 0.6, Diff: 0.6, Sum: 1.7]
         [Termination Attempts: Min: 1, Avg: 1.0, Max: 1, Diff: 0, Sum: 4]
      [GC Worker Other (ms): Min: 0.0, Avg: 0.0, Max: 0.0, Diff: 0.0, Sum: 0.0]
      [GC Worker Total (ms): Min: 12.8, Avg: 12.9, Max: 13.0, Diff: 0.2, Sum: 51.6]
      [GC Worker End (ms): Min: 469.2, Avg: 469.3, Max: 469.4, Diff: 0.2]
   [Code Root Fixup: 0.0 ms]
   [Code Root Purge: 0.0 ms]
   [Clear CT: 0.0 ms]
   [Other: 0.5 ms]
      [Choose CSet: 0.0 ms]
      [Ref Proc: 0.1 ms]
      [Ref Enq: 0.0 ms]
      [Redirty Cards: 0.0 ms]
      [Humongous Register: 0.1 ms]
      [Humongous Reclaim: 0.1 ms]
      [Free CSet: 0.0 ms]
   [Eden: 99.0M(99.0M)->0.0B(132.0M) Survivors: 13.0M->14.0M Heap: 324.7M(2048.0M)->243.5M(2048.0M)]
 [Times: user=0.02 sys=0.02, real=0.01 secs] 
2020-10-29T01:54:28.499-0800: [GC pause (G1 Evacuation Pause) (young), 0.0221075 secs]
   [Parallel Time: 19.2 ms, GC Workers: 4]
      [GC Worker Start (ms): Min: 525.0, Avg: 525.0, Max: 525.0, Diff: 0.0]
      [Ext Root Scanning (ms): Min: 0.1, Avg: 0.1, Max: 0.1, Diff: 0.0, Sum: 0.5]
      [Update RS (ms): Min: 0.2, Avg: 0.3, Max: 0.3, Diff: 0.1, Sum: 1.1]
         [Processed Buffers: Min: 1, Avg: 3.2, Max: 4, Diff: 3, Sum: 13]
      [Scan RS (ms): Min: 0.0, Avg: 0.0, Max: 0.0, Diff: 0.0, Sum: 0.1]
      [Code Root Scanning (ms): Min: 0.0, Avg: 0.0, Max: 0.0, Diff: 0.0, Sum: 0.0]
      [Object Copy (ms): Min: 17.9, Avg: 18.1, Max: 18.6, Diff: 0.7, Sum: 72.4]
      [Termination (ms): Min: 0.0, Avg: 0.6, Max: 0.9, Diff: 0.9, Sum: 2.2]
         [Termination Attempts: Min: 1, Avg: 1.0, Max: 1, Diff: 0, Sum: 4]
      [GC Worker Other (ms): Min: 0.0, Avg: 0.0, Max: 0.0, Diff: 0.0, Sum: 0.0]
      [GC Worker Total (ms): Min: 19.0, Avg: 19.1, Max: 19.2, Diff: 0.2, Sum: 76.4]
      [GC Worker End (ms): Min: 544.0, Avg: 544.1, Max: 544.1, Diff: 0.1]
   [Code Root Fixup: 0.0 ms]
   [Code Root Purge: 0.0 ms]
   [Clear CT: 0.1 ms]
   [Other: 2.8 ms]
      [Choose CSet: 0.0 ms]
      [Ref Proc: 1.0 ms]
      [Ref Enq: 0.0 ms]
      [Redirty Cards: 1.3 ms]
      [Humongous Register: 0.1 ms]
      [Humongous Reclaim: 0.1 ms]
      [Free CSet: 0.0 ms]
   [Eden: 132.0M(132.0M)->0.0B(125.0M) Survivors: 14.0M->19.0M Heap: 417.4M(2048.0M)->295.5M(2048.0M)]
 [Times: user=0.03 sys=0.03, real=0.03 secs] 
2020-10-29T01:54:28.555-0800: [GC pause (G1 Evacuation Pause) (young), 0.0155440 secs]
   [Parallel Time: 14.8 ms, GC Workers: 4]
      [GC Worker Start (ms): Min: 581.2, Avg: 581.2, Max: 581.3, Diff: 0.1]
      [Ext Root Scanning (ms): Min: 0.0, Avg: 0.1, Max: 0.1, Diff: 0.1, Sum: 0.4]
      [Update RS (ms): Min: 0.4, Avg: 0.4, Max: 0.4, Diff: 0.0, Sum: 1.6]
         [Processed Buffers: Min: 3, Avg: 4.8, Max: 6, Diff: 3, Sum: 19]
      [Scan RS (ms): Min: 0.0, Avg: 0.0, Max: 0.0, Diff: 0.0, Sum: 0.1]
      [Code Root Scanning (ms): Min: 0.0, Avg: 0.0, Max: 0.0, Diff: 0.0, Sum: 0.0]
      [Object Copy (ms): Min: 13.4, Avg: 13.6, Max: 14.0, Diff: 0.6, Sum: 54.5]
      [Termination (ms): Min: 0.0, Avg: 0.5, Max: 0.7, Diff: 0.7, Sum: 1.9]
         [Termination Attempts: Min: 1, Avg: 1.0, Max: 1, Diff: 0, Sum: 4]
      [GC Worker Other (ms): Min: 0.0, Avg: 0.0, Max: 0.0, Diff: 0.0, Sum: 0.0]
      [GC Worker Total (ms): Min: 14.6, Avg: 14.6, Max: 14.7, Diff: 0.1, Sum: 58.5]
      [GC Worker End (ms): Min: 595.8, Avg: 595.9, Max: 596.0, Diff: 0.2]
   [Code Root Fixup: 0.0 ms]
   [Code Root Purge: 0.0 ms]
   [Clear CT: 0.1 ms]
   [Other: 0.7 ms]
      [Choose CSet: 0.0 ms]
      [Ref Proc: 0.1 ms]
      [Ref Enq: 0.0 ms]
      [Redirty Cards: 0.0 ms]
      [Humongous Register: 0.2 ms]
      [Humongous Reclaim: 0.1 ms]
      [Free CSet: 0.0 ms]
   [Eden: 125.0M(125.0M)->0.0B(152.0M) Survivors: 19.0M->18.0M Heap: 457.9M(2048.0M)->341.9M(2048.0M)]
 [Times: user=0.02 sys=0.03, real=0.02 secs] 
2020-10-29T01:54:28.617-0800: [GC pause (G1 Evacuation Pause) (young), 0.0200731 secs]
   [Parallel Time: 19.3 ms, GC Workers: 4]
      [GC Worker Start (ms): Min: 643.6, Avg: 643.6, Max: 643.7, Diff: 0.0]
      [Ext Root Scanning (ms): Min: 0.1, Avg: 0.1, Max: 0.1, Diff: 0.0, Sum: 0.5]
      [Update RS (ms): Min: 0.3, Avg: 0.3, Max: 0.3, Diff: 0.0, Sum: 1.3]
         [Processed Buffers: Min: 1, Avg: 3.8, Max: 5, Diff: 4, Sum: 15]
      [Scan RS (ms): Min: 0.0, Avg: 0.0, Max: 0.0, Diff: 0.0, Sum: 0.1]
      [Code Root Scanning (ms): Min: 0.0, Avg: 0.0, Max: 0.0, Diff: 0.0, Sum: 0.0]
      [Object Copy (ms): Min: 18.0, Avg: 18.2, Max: 18.7, Diff: 0.7, Sum: 72.9]
      [Termination (ms): Min: 0.0, Avg: 0.5, Max: 0.8, Diff: 0.8, Sum: 2.2]
         [Termination Attempts: Min: 1, Avg: 1.2, Max: 2, Diff: 1, Sum: 5]
      [GC Worker Other (ms): Min: 0.0, Avg: 0.0, Max: 0.0, Diff: 0.0, Sum: 0.0]
      [GC Worker Total (ms): Min: 19.2, Avg: 19.2, Max: 19.3, Diff: 0.1, Sum: 77.0]
      [GC Worker End (ms): Min: 662.9, Avg: 662.9, Max: 662.9, Diff: 0.0]
   [Code Root Fixup: 0.0 ms]
   [Code Root Purge: 0.0 ms]
   [Clear CT: 0.1 ms]
   [Other: 0.7 ms]
      [Choose CSet: 0.0 ms]
      [Ref Proc: 0.1 ms]
      [Ref Enq: 0.0 ms]
      [Redirty Cards: 0.0 ms]
      [Humongous Register: 0.2 ms]
      [Humongous Reclaim: 0.1 ms]
      [Free CSet: 0.0 ms]
   [Eden: 152.0M(152.0M)->0.0B(173.0M) Survivors: 18.0M->22.0M Heap: 538.7M(2048.0M)->398.6M(2048.0M)]
 [Times: user=0.02 sys=0.03, real=0.02 secs] 
2020-10-29T01:54:28.690-0800: [GC pause (G1 Evacuation Pause) (young), 0.0255685 secs]
   [Parallel Time: 24.5 ms, GC Workers: 4]
      [GC Worker Start (ms): Min: 716.1, Avg: 716.1, Max: 716.1, Diff: 0.0]
      [Ext Root Scanning (ms): Min: 0.1, Avg: 0.1, Max: 0.1, Diff: 0.0, Sum: 0.5]
      [Update RS (ms): Min: 0.3, Avg: 0.3, Max: 0.4, Diff: 0.1, Sum: 1.4]
         [Processed Buffers: Min: 1, Avg: 4.0, Max: 5, Diff: 4, Sum: 16]
      [Scan RS (ms): Min: 0.0, Avg: 0.0, Max: 0.0, Diff: 0.0, Sum: 0.1]
      [Code Root Scanning (ms): Min: 0.0, Avg: 0.0, Max: 0.0, Diff: 0.0, Sum: 0.0]
      [Object Copy (ms): Min: 23.0, Avg: 23.3, Max: 23.8, Diff: 0.8, Sum: 93.1]
      [Termination (ms): Min: 0.0, Avg: 0.5, Max: 0.8, Diff: 0.8, Sum: 2.1]
         [Termination Attempts: Min: 1, Avg: 1.0, Max: 1, Diff: 0, Sum: 4]
      [GC Worker Other (ms): Min: 0.0, Avg: 0.0, Max: 0.0, Diff: 0.0, Sum: 0.0]
      [GC Worker Total (ms): Min: 24.3, Avg: 24.3, Max: 24.4, Diff: 0.2, Sum: 97.3]
      [GC Worker End (ms): Min: 740.4, Avg: 740.4, Max: 740.5, Diff: 0.1]
   [Code Root Fixup: 0.0 ms]
   [Code Root Purge: 0.0 ms]
   [Clear CT: 0.1 ms]
   [Other: 1.0 ms]
      [Choose CSet: 0.0 ms]
      [Ref Proc: 0.3 ms]
      [Ref Enq: 0.0 ms]
      [Redirty Cards: 0.0 ms]
      [Humongous Register: 0.1 ms]
      [Humongous Reclaim: 0.3 ms]
      [Free CSet: 0.1 ms]
   [Eden: 173.0M(173.0M)->0.0B(204.0M) Survivors: 22.0M->25.0M Heap: 621.3M(2048.0M)->452.3M(2048.0M)]
 [Times: user=0.03 sys=0.04, real=0.02 secs] 
2020-10-29T01:54:28.769-0800: [GC pause (G1 Evacuation Pause) (young), 0.0265418 secs]
   [Parallel Time: 25.6 ms, GC Workers: 4]
      [GC Worker Start (ms): Min: 795.0, Avg: 795.0, Max: 795.0, Diff: 0.1]
      [Ext Root Scanning (ms): Min: 0.1, Avg: 0.1, Max: 0.1, Diff: 0.1, Sum: 0.5]
      [Update RS (ms): Min: 0.4, Avg: 0.5, Max: 0.5, Diff: 0.1, Sum: 1.9]
         [Processed Buffers: Min: 3, Avg: 5.8, Max: 7, Diff: 4, Sum: 23]
      [Scan RS (ms): Min: 0.0, Avg: 0.0, Max: 0.0, Diff: 0.0, Sum: 0.1]
      [Code Root Scanning (ms): Min: 0.0, Avg: 0.0, Max: 0.0, Diff: 0.0, Sum: 0.0]
      [Object Copy (ms): Min: 24.2, Avg: 24.4, Max: 24.8, Diff: 0.6, Sum: 97.7]
      [Termination (ms): Min: 0.0, Avg: 0.5, Max: 0.6, Diff: 0.6, Sum: 1.9]
         [Termination Attempts: Min: 1, Avg: 1.0, Max: 1, Diff: 0, Sum: 4]
      [GC Worker Other (ms): Min: 0.0, Avg: 0.0, Max: 0.0, Diff: 0.0, Sum: 0.0]
      [GC Worker Total (ms): Min: 25.5, Avg: 25.5, Max: 25.6, Diff: 0.1, Sum: 102.2]
      [GC Worker End (ms): Min: 820.5, Avg: 820.5, Max: 820.5, Diff: 0.0]
   [Code Root Fixup: 0.0 ms]
   [Code Root Purge: 0.0 ms]
   [Clear CT: 0.1 ms]
   [Other: 0.9 ms]
      [Choose CSet: 0.0 ms]
      [Ref Proc: 0.1 ms]
      [Ref Enq: 0.0 ms]
      [Redirty Cards: 0.0 ms]
      [Humongous Register: 0.2 ms]
      [Humongous Reclaim: 0.2 ms]
      [Free CSet: 0.1 ms]
   [Eden: 204.0M(204.0M)->0.0B(357.0M) Survivors: 25.0M->29.0M Heap: 709.7M(2048.0M)->507.6M(2048.0M)]
 [Times: user=0.03 sys=0.05, real=0.03 secs] 
2020-10-29T01:54:28.952-0800: [GC pause (G1 Evacuation Pause) (young), 0.0417044 secs]
   [Parallel Time: 39.7 ms, GC Workers: 4]
      [GC Worker Start (ms): Min: 978.5, Avg: 978.8, Max: 979.6, Diff: 1.1]
      [Ext Root Scanning (ms): Min: 0.0, Avg: 0.1, Max: 0.2, Diff: 0.2, Sum: 0.4]
      [Update RS (ms): Min: 0.0, Avg: 0.5, Max: 0.7, Diff: 0.7, Sum: 2.0]
         [Processed Buffers: Min: 0, Avg: 5.8, Max: 10, Diff: 10, Sum: 23]
      [Scan RS (ms): Min: 0.0, Avg: 0.1, Max: 0.1, Diff: 0.0, Sum: 0.3]
      [Code Root Scanning (ms): Min: 0.0, Avg: 0.0, Max: 0.0, Diff: 0.0, Sum: 0.0]
      [Object Copy (ms): Min: 37.9, Avg: 38.1, Max: 38.3, Diff: 0.4, Sum: 152.3]
      [Termination (ms): Min: 0.0, Avg: 0.5, Max: 0.8, Diff: 0.8, Sum: 2.1]
         [Termination Attempts: Min: 1, Avg: 1.0, Max: 1, Diff: 0, Sum: 4]
      [GC Worker Other (ms): Min: 0.0, Avg: 0.0, Max: 0.0, Diff: 0.0, Sum: 0.0]
      [GC Worker Total (ms): Min: 38.4, Avg: 39.3, Max: 39.6, Diff: 1.2, Sum: 157.0]
      [GC Worker End (ms): Min: 1018.0, Avg: 1018.0, Max: 1018.0, Diff: 0.0]
   [Code Root Fixup: 0.0 ms]
   [Code Root Purge: 0.0 ms]
   [Clear CT: 0.1 ms]
   [Other: 1.9 ms]
      [Choose CSet: 0.0 ms]
      [Ref Proc: 1.1 ms]
      [Ref Enq: 0.0 ms]
      [Redirty Cards: 0.1 ms]
      [Humongous Register: 0.2 ms]
      [Humongous Reclaim: 0.2 ms]
      [Free CSet: 0.1 ms]
   [Eden: 357.0M(357.0M)->0.0B(199.0M) Survivors: 29.0M->49.0M Heap: 958.6M(2048.0M)->598.9M(2048.0M)]
 [Times: user=0.05 sys=0.06, real=0.04 secs] 
2020-10-29T01:54:29.042-0800: [GC pause (G1 Evacuation Pause) (young), 0.0199915 secs]
   [Parallel Time: 17.5 ms, GC Workers: 4]
      [GC Worker Start (ms): Min: 1067.9, Avg: 1068.0, Max: 1068.6, Diff: 0.7]
      [Ext Root Scanning (ms): Min: 0.0, Avg: 0.1, Max: 0.2, Diff: 0.1, Sum: 0.4]
      [Update RS (ms): Min: 0.7, Avg: 1.5, Max: 2.9, Diff: 2.2, Sum: 6.2]
         [Processed Buffers: Min: 8, Avg: 12.5, Max: 20, Diff: 12, Sum: 50]
      [Scan RS (ms): Min: 0.0, Avg: 0.0, Max: 0.1, Diff: 0.0, Sum: 0.2]
      [Code Root Scanning (ms): Min: 0.0, Avg: 0.0, Max: 0.0, Diff: 0.0, Sum: 0.0]
      [Object Copy (ms): Min: 13.5, Avg: 14.9, Max: 15.9, Diff: 2.4, Sum: 59.5]
      [Termination (ms): Min: 0.0, Avg: 0.6, Max: 0.9, Diff: 0.9, Sum: 2.5]
         [Termination Attempts: Min: 1, Avg: 1.0, Max: 1, Diff: 0, Sum: 4]
      [GC Worker Other (ms): Min: 0.0, Avg: 0.0, Max: 0.0, Diff: 0.0, Sum: 0.0]
      [GC Worker Total (ms): Min: 16.7, Avg: 17.2, Max: 17.4, Diff: 0.8, Sum: 68.9]
      [GC Worker End (ms): Min: 1085.2, Avg: 1085.3, Max: 1085.3, Diff: 0.1]
   [Code Root Fixup: 0.0 ms]
   [Code Root Purge: 0.0 ms]
   [Clear CT: 0.1 ms]
   [Other: 2.4 ms]
      [Choose CSet: 0.0 ms]
      [Ref Proc: 0.7 ms]
      [Ref Enq: 0.0 ms]
      [Redirty Cards: 1.1 ms]
      [Humongous Register: 0.1 ms]
      [Humongous Reclaim: 0.2 ms]
      [Free CSet: 0.1 ms]
   [Eden: 199.0M(199.0M)->0.0B(274.0M) Survivors: 49.0M->31.0M Heap: 850.7M(2048.0M)->665.3M(2048.0M)]
 [Times: user=0.04 sys=0.02, real=0.02 secs] 
执行结束!共生成对象次数:9693
Heap
 garbage-first heap   total 2097152K, used 812068K [0x0000000740000000, 0x0000000740104000, 0x00000007c0000000)
  region size 1024K, 131 young (134144K), 31 survivors (31744K)
 Metaspace       used 2720K, capacity 4486K, committed 4864K, reserved 1056768K
  class space    used 297K, capacity 386K, committed 512K, reserved 1048576K

-------------------------------------------------------------------

GC_Algorithm_Parameter:+UseG1GC; Heap_size: 4g

正在执行...
2020-10-29T01:54:29.463-0800: [GC pause (G1 Evacuation Pause) (young), 0.0233612 secs]
   [Parallel Time: 22.8 ms, GC Workers: 4]
      [GC Worker Start (ms): Min: 264.1, Avg: 264.1, Max: 264.1, Diff: 0.0]
      [Ext Root Scanning (ms): Min: 0.2, Avg: 0.2, Max: 0.3, Diff: 0.1, Sum: 0.8]
      [Update RS (ms): Min: 0.0, Avg: 0.0, Max: 0.0, Diff: 0.0, Sum: 0.0]
         [Processed Buffers: Min: 0, Avg: 0.0, Max: 0, Diff: 0, Sum: 0]
      [Scan RS (ms): Min: 0.0, Avg: 0.0, Max: 0.0, Diff: 0.0, Sum: 0.1]
      [Code Root Scanning (ms): Min: 0.0, Avg: 0.0, Max: 0.0, Diff: 0.0, Sum: 0.0]
      [Object Copy (ms): Min: 22.1, Avg: 22.2, Max: 22.3, Diff: 0.3, Sum: 88.9]
      [Termination (ms): Min: 0.0, Avg: 0.2, Max: 0.4, Diff: 0.4, Sum: 0.7]
         [Termination Attempts: Min: 1, Avg: 1.0, Max: 1, Diff: 0, Sum: 4]
      [GC Worker Other (ms): Min: 0.0, Avg: 0.0, Max: 0.0, Diff: 0.0, Sum: 0.0]
      [GC Worker Total (ms): Min: 22.6, Avg: 22.7, Max: 22.8, Diff: 0.2, Sum: 90.6]
      [GC Worker End (ms): Min: 286.7, Avg: 286.8, Max: 286.8, Diff: 0.1]
   [Code Root Fixup: 0.0 ms]
   [Code Root Purge: 0.0 ms]
   [Clear CT: 0.1 ms]
   [Other: 0.5 ms]
      [Choose CSet: 0.0 ms]
      [Ref Proc: 0.1 ms]
      [Ref Enq: 0.0 ms]
      [Redirty Cards: 0.0 ms]
      [Humongous Register: 0.1 ms]
      [Humongous Reclaim: 0.0 ms]
      [Free CSet: 0.0 ms]
   [Eden: 204.0M(204.0M)->0.0B(178.0M) Survivors: 0.0B->26.0M Heap: 204.0M(4096.0M)->70.6M(4096.0M)]
 [Times: user=0.03 sys=0.04, real=0.02 secs] 
2020-10-29T01:54:29.519-0800: [GC pause (G1 Evacuation Pause) (young), 0.0215057 secs]
   [Parallel Time: 21.0 ms, GC Workers: 4]
      [GC Worker Start (ms): Min: 320.1, Avg: 320.1, Max: 320.2, Diff: 0.0]
      [Ext Root Scanning (ms): Min: 0.1, Avg: 0.2, Max: 0.2, Diff: 0.1, Sum: 0.6]
      [Update RS (ms): Min: 0.0, Avg: 0.0, Max: 0.0, Diff: 0.0, Sum: 0.1]
         [Processed Buffers: Min: 0, Avg: 1.2, Max: 2, Diff: 2, Sum: 5]
      [Scan RS (ms): Min: 0.0, Avg: 0.0, Max: 0.0, Diff: 0.0, Sum: 0.1]
      [Code Root Scanning (ms): Min: 0.0, Avg: 0.0, Max: 0.0, Diff: 0.0, Sum: 0.0]
      [Object Copy (ms): Min: 19.9, Avg: 20.2, Max: 20.5, Diff: 0.6, Sum: 80.7]
      [Termination (ms): Min: 0.0, Avg: 0.4, Max: 0.7, Diff: 0.7, Sum: 1.7]
         [Termination Attempts: Min: 1, Avg: 1.0, Max: 1, Diff: 0, Sum: 4]
      [GC Worker Other (ms): Min: 0.0, Avg: 0.0, Max: 0.0, Diff: 0.0, Sum: 0.0]
      [GC Worker Total (ms): Min: 20.7, Avg: 20.8, Max: 20.9, Diff: 0.2, Sum: 83.2]
      [GC Worker End (ms): Min: 340.9, Avg: 340.9, Max: 341.0, Diff: 0.1]
   [Code Root Fixup: 0.0 ms]
   [Code Root Purge: 0.0 ms]
   [Clear CT: 0.1 ms]
   [Other: 0.5 ms]
      [Choose CSet: 0.0 ms]
      [Ref Proc: 0.1 ms]
      [Ref Enq: 0.0 ms]
      [Redirty Cards: 0.0 ms]
      [Humongous Register: 0.1 ms]
      [Humongous Reclaim: 0.0 ms]
      [Free CSet: 0.0 ms]
   [Eden: 178.0M(178.0M)->0.0B(178.0M) Survivors: 26.0M->26.0M Heap: 248.6M(4096.0M)->130.0M(4096.0M)]
 [Times: user=0.03 sys=0.05, real=0.03 secs] 
2020-10-29T01:54:29.576-0800: [GC pause (G1 Evacuation Pause) (young), 0.0241087 secs]
   [Parallel Time: 23.6 ms, GC Workers: 4]
      [GC Worker Start (ms): Min: 377.4, Avg: 377.4, Max: 377.5, Diff: 0.0]
      [Ext Root Scanning (ms): Min: 0.1, Avg: 0.1, Max: 0.2, Diff: 0.1, Sum: 0.5]
      [Update RS (ms): Min: 0.0, Avg: 0.1, Max: 0.2, Diff: 0.2, Sum: 0.4]
         [Processed Buffers: Min: 1, Avg: 1.2, Max: 2, Diff: 1, Sum: 5]
      [Scan RS (ms): Min: 0.0, Avg: 0.0, Max: 0.0, Diff: 0.0, Sum: 0.1]
      [Code Root Scanning (ms): Min: 0.0, Avg: 0.0, Max: 0.0, Diff: 0.0, Sum: 0.0]
      [Object Copy (ms): Min: 20.4, Avg: 20.7, Max: 21.3, Diff: 0.9, Sum: 83.0]
      [Termination (ms): Min: 0.0, Avg: 1.0, Max: 2.7, Diff: 2.7, Sum: 4.2]
         [Termination Attempts: Min: 1, Avg: 1.0, Max: 1, Diff: 0, Sum: 4]
      [GC Worker Other (ms): Min: 0.0, Avg: 0.0, Max: 0.0, Diff: 0.0, Sum: 0.0]
      [GC Worker Total (ms): Min: 21.5, Avg: 22.1, Max: 23.5, Diff: 2.0, Sum: 88.2]
      [GC Worker End (ms): Min: 399.0, Avg: 399.5, Max: 400.9, Diff: 2.0]
   [Code Root Fixup: 0.0 ms]
   [Code Root Purge: 0.0 ms]
   [Clear CT: 0.1 ms]
   [Other: 0.5 ms]
      [Choose CSet: 0.0 ms]
      [Ref Proc: 0.1 ms]
      [Ref Enq: 0.0 ms]
      [Redirty Cards: 0.0 ms]
      [Humongous Register: 0.1 ms]
      [Humongous Reclaim: 0.0 ms]
      [Free CSet: 0.0 ms]
   [Eden: 178.0M(178.0M)->0.0B(178.0M) Survivors: 26.0M->26.0M Heap: 308.0M(4096.0M)->192.6M(4096.0M)]
 [Times: user=0.03 sys=0.04, real=0.03 secs] 
2020-10-29T01:54:29.632-0800: [GC pause (G1 Evacuation Pause) (young), 0.0197366 secs]
   [Parallel Time: 19.2 ms, GC Workers: 4]
      [GC Worker Start (ms): Min: 433.2, Avg: 433.2, Max: 433.2, Diff: 0.0]
      [Ext Root Scanning (ms): Min: 0.1, Avg: 0.1, Max: 0.1, Diff: 0.0, Sum: 0.5]
      [Update RS (ms): Min: 0.1, Avg: 0.1, Max: 0.1, Diff: 0.0, Sum: 0.2]
         [Processed Buffers: Min: 1, Avg: 1.2, Max: 2, Diff: 1, Sum: 5]
      [Scan RS (ms): Min: 0.0, Avg: 0.0, Max: 0.0, Diff: 0.0, Sum: 0.1]
      [Code Root Scanning (ms): Min: 0.0, Avg: 0.0, Max: 0.0, Diff: 0.0, Sum: 0.0]
      [Object Copy (ms): Min: 18.7, Avg: 18.7, Max: 18.9, Diff: 0.2, Sum: 75.0]
      [Termination (ms): Min: 0.0, Avg: 0.2, Max: 0.2, Diff: 0.2, Sum: 0.6]
         [Termination Attempts: Min: 1, Avg: 1.0, Max: 1, Diff: 0, Sum: 4]
      [GC Worker Other (ms): Min: 0.0, Avg: 0.0, Max: 0.0, Diff: 0.0, Sum: 0.0]
      [GC Worker Total (ms): Min: 19.0, Avg: 19.1, Max: 19.1, Diff: 0.1, Sum: 76.4]
      [GC Worker End (ms): Min: 452.3, Avg: 452.3, Max: 452.3, Diff: 0.1]
   [Code Root Fixup: 0.0 ms]
   [Code Root Purge: 0.0 ms]
   [Clear CT: 0.1 ms]
   [Other: 0.5 ms]
      [Choose CSet: 0.0 ms]
      [Ref Proc: 0.1 ms]
      [Ref Enq: 0.0 ms]
      [Redirty Cards: 0.0 ms]
      [Humongous Register: 0.1 ms]
      [Humongous Reclaim: 0.0 ms]
      [Free CSet: 0.0 ms]
   [Eden: 178.0M(178.0M)->0.0B(178.0M) Survivors: 26.0M->26.0M Heap: 370.6M(4096.0M)->243.0M(4096.0M)]
 [Times: user=0.03 sys=0.03, real=0.02 secs] 
2020-10-29T01:54:29.681-0800: [GC pause (G1 Evacuation Pause) (young), 0.0225228 secs]
   [Parallel Time: 22.0 ms, GC Workers: 4]
      [GC Worker Start (ms): Min: 482.4, Avg: 482.4, Max: 482.4, Diff: 0.0]
      [Ext Root Scanning (ms): Min: 0.1, Avg: 0.1, Max: 0.1, Diff: 0.0, Sum: 0.5]
      [Update RS (ms): Min: 0.1, Avg: 0.1, Max: 0.1, Diff: 0.1, Sum: 0.3]
         [Processed Buffers: Min: 1, Avg: 1.5, Max: 3, Diff: 2, Sum: 6]
      [Scan RS (ms): Min: 0.0, Avg: 0.0, Max: 0.0, Diff: 0.0, Sum: 0.1]
      [Code Root Scanning (ms): Min: 0.0, Avg: 0.0, Max: 0.0, Diff: 0.0, Sum: 0.0]
      [Object Copy (ms): Min: 20.9, Avg: 21.2, Max: 21.6, Diff: 0.7, Sum: 85.0]
      [Termination (ms): Min: 0.0, Avg: 0.4, Max: 0.8, Diff: 0.8, Sum: 1.4]
         [Termination Attempts: Min: 1, Avg: 1.0, Max: 1, Diff: 0, Sum: 4]
      [GC Worker Other (ms): Min: 0.0, Avg: 0.0, Max: 0.0, Diff: 0.0, Sum: 0.0]
      [GC Worker Total (ms): Min: 21.8, Avg: 21.8, Max: 21.9, Diff: 0.2, Sum: 87.3]
      [GC Worker End (ms): Min: 504.2, Avg: 504.2, Max: 504.3, Diff: 0.1]
   [Code Root Fixup: 0.0 ms]
   [Code Root Purge: 0.0 ms]
   [Clear CT: 0.1 ms]
   [Other: 0.5 ms]
      [Choose CSet: 0.0 ms]
      [Ref Proc: 0.1 ms]
      [Ref Enq: 0.0 ms]
      [Redirty Cards: 0.0 ms]
      [Humongous Register: 0.1 ms]
      [Humongous Reclaim: 0.0 ms]
      [Free CSet: 0.0 ms]
   [Eden: 178.0M(178.0M)->0.0B(178.0M) Survivors: 26.0M->26.0M Heap: 421.0M(4096.0M)->303.0M(4096.0M)]
 [Times: user=0.02 sys=0.04, real=0.02 secs] 
2020-10-29T01:54:29.732-0800: [GC pause (G1 Evacuation Pause) (young), 0.0243249 secs]
   [Parallel Time: 23.8 ms, GC Workers: 4]
      [GC Worker Start (ms): Min: 533.1, Avg: 533.2, Max: 533.2, Diff: 0.0]
      [Ext Root Scanning (ms): Min: 0.1, Avg: 0.1, Max: 0.2, Diff: 0.0, Sum: 0.5]
      [Update RS (ms): Min: 0.1, Avg: 0.1, Max: 0.1, Diff: 0.0, Sum: 0.3]
         [Processed Buffers: Min: 1, Avg: 1.2, Max: 2, Diff: 1, Sum: 5]
      [Scan RS (ms): Min: 0.0, Avg: 0.0, Max: 0.0, Diff: 0.0, Sum: 0.1]
      [Code Root Scanning (ms): Min: 0.0, Avg: 0.0, Max: 0.0, Diff: 0.0, Sum: 0.0]
      [Object Copy (ms): Min: 22.4, Avg: 22.7, Max: 23.5, Diff: 1.1, Sum: 90.8]
      [Termination (ms): Min: 0.0, Avg: 0.8, Max: 1.1, Diff: 1.1, Sum: 3.3]
         [Termination Attempts: Min: 1, Avg: 1.0, Max: 1, Diff: 0, Sum: 4]
      [GC Worker Other (ms): Min: 0.0, Avg: 0.0, Max: 0.0, Diff: 0.0, Sum: 0.0]
      [GC Worker Total (ms): Min: 23.7, Avg: 23.7, Max: 23.8, Diff: 0.1, Sum: 94.9]
      [GC Worker End (ms): Min: 556.9, Avg: 556.9, Max: 556.9, Diff: 0.0]
   [Code Root Fixup: 0.0 ms]
   [Code Root Purge: 0.0 ms]
   [Clear CT: 0.1 ms]
   [Other: 0.5 ms]
      [Choose CSet: 0.0 ms]
      [Ref Proc: 0.1 ms]
      [Ref Enq: 0.0 ms]
      [Redirty Cards: 0.0 ms]
      [Humongous Register: 0.1 ms]
      [Humongous Reclaim: 0.0 ms]
      [Free CSet: 0.0 ms]
   [Eden: 178.0M(178.0M)->0.0B(178.0M) Survivors: 26.0M->26.0M Heap: 481.0M(4096.0M)->367.5M(4096.0M)]
 [Times: user=0.03 sys=0.04, real=0.02 secs] 
2020-10-29T01:54:29.784-0800: [GC pause (G1 Evacuation Pause) (young), 0.0211111 secs]
   [Parallel Time: 20.6 ms, GC Workers: 4]
      [GC Worker Start (ms): Min: 585.7, Avg: 585.8, Max: 585.8, Diff: 0.0]
      [Ext Root Scanning (ms): Min: 0.1, Avg: 0.1, Max: 0.1, Diff: 0.0, Sum: 0.5]
      [Update RS (ms): Min: 0.1, Avg: 0.1, Max: 0.1, Diff: 0.1, Sum: 0.3]
         [Processed Buffers: Min: 1, Avg: 1.2, Max: 2, Diff: 1, Sum: 5]
      [Scan RS (ms): Min: 0.0, Avg: 0.0, Max: 0.0, Diff: 0.0, Sum: 0.1]
      [Code Root Scanning (ms): Min: 0.0, Avg: 0.0, Max: 0.0, Diff: 0.0, Sum: 0.0]
      [Object Copy (ms): Min: 19.4, Avg: 19.7, Max: 20.2, Diff: 0.7, Sum: 78.8]
      [Termination (ms): Min: 0.0, Avg: 0.5, Max: 0.8, Diff: 0.8, Sum: 2.0]
         [Termination Attempts: Min: 1, Avg: 1.0, Max: 1, Diff: 0, Sum: 4]
      [GC Worker Other (ms): Min: 0.0, Avg: 0.0, Max: 0.0, Diff: 0.0, Sum: 0.0]
      [GC Worker Total (ms): Min: 20.4, Avg: 20.4, Max: 20.5, Diff: 0.1, Sum: 81.8]
      [GC Worker End (ms): Min: 606.2, Avg: 606.2, Max: 606.3, Diff: 0.1]
   [Code Root Fixup: 0.0 ms]
   [Code Root Purge: 0.0 ms]
   [Clear CT: 0.0 ms]
   [Other: 0.5 ms]
      [Choose CSet: 0.0 ms]
      [Ref Proc: 0.1 ms]
      [Ref Enq: 0.0 ms]
      [Redirty Cards: 0.0 ms]
      [Humongous Register: 0.1 ms]
      [Humongous Reclaim: 0.0 ms]
      [Free CSet: 0.0 ms]
   [Eden: 178.0M(178.0M)->0.0B(178.0M) Survivors: 26.0M->26.0M Heap: 545.5M(4096.0M)->424.6M(4096.0M)]
 [Times: user=0.03 sys=0.03, real=0.02 secs] 
2020-10-29T01:54:29.834-0800: [GC pause (G1 Evacuation Pause) (young), 0.0240560 secs]
   [Parallel Time: 23.1 ms, GC Workers: 4]
      [GC Worker Start (ms): Min: 636.0, Avg: 636.3, Max: 636.7, Diff: 0.7]
      [Ext Root Scanning (ms): Min: 0.0, Avg: 0.1, Max: 0.2, Diff: 0.2, Sum: 0.4]
      [Update RS (ms): Min: 0.0, Avg: 0.2, Max: 0.4, Diff: 0.4, Sum: 0.9]
         [Processed Buffers: Min: 0, Avg: 1.2, Max: 3, Diff: 3, Sum: 5]
      [Scan RS (ms): Min: 0.0, Avg: 0.0, Max: 0.0, Diff: 0.0, Sum: 0.0]
      [Code Root Scanning (ms): Min: 0.0, Avg: 0.0, Max: 0.0, Diff: 0.0, Sum: 0.0]
      [Object Copy (ms): Min: 21.4, Avg: 21.5, Max: 21.8, Diff: 0.4, Sum: 86.2]
      [Termination (ms): Min: 0.0, Avg: 0.2, Max: 0.4, Diff: 0.4, Sum: 0.9]
         [Termination Attempts: Min: 1, Avg: 1.0, Max: 1, Diff: 0, Sum: 4]
      [GC Worker Other (ms): Min: 0.0, Avg: 0.0, Max: 0.2, Diff: 0.2, Sum: 0.2]
      [GC Worker Total (ms): Min: 21.7, Avg: 22.2, Max: 22.5, Diff: 0.8, Sum: 88.7]
      [GC Worker End (ms): Min: 658.4, Avg: 658.4, Max: 658.5, Diff: 0.2]
   [Code Root Fixup: 0.0 ms]
   [Code Root Purge: 0.0 ms]
   [Clear CT: 0.1 ms]
   [Other: 0.9 ms]
      [Choose CSet: 0.0 ms]
      [Ref Proc: 0.5 ms]
      [Ref Enq: 0.0 ms]
      [Redirty Cards: 0.1 ms]
      [Humongous Register: 0.1 ms]
      [Humongous Reclaim: 0.0 ms]
      [Free CSet: 0.0 ms]
   [Eden: 178.0M(178.0M)->0.0B(178.0M) Survivors: 26.0M->26.0M Heap: 602.6M(4096.0M)->482.2M(4096.0M)]
 [Times: user=0.03 sys=0.04, real=0.02 secs] 
2020-10-29T01:54:29.883-0800: [GC pause (G1 Evacuation Pause) (young), 0.0201278 secs]
   [Parallel Time: 19.0 ms, GC Workers: 4]
      [GC Worker Start (ms): Min: 684.8, Avg: 684.9, Max: 685.2, Diff: 0.4]
      [Ext Root Scanning (ms): Min: 0.0, Avg: 0.1, Max: 0.1, Diff: 0.1, Sum: 0.4]
      [Update RS (ms): Min: 0.0, Avg: 0.1, Max: 0.1, Diff: 0.1, Sum: 0.3]
         [Processed Buffers: Min: 0, Avg: 1.5, Max: 4, Diff: 4, Sum: 6]
      [Scan RS (ms): Min: 0.0, Avg: 0.0, Max: 0.0, Diff: 0.0, Sum: 0.1]
      [Code Root Scanning (ms): Min: 0.0, Avg: 0.0, Max: 0.0, Diff: 0.0, Sum: 0.0]
      [Object Copy (ms): Min: 18.3, Avg: 18.4, Max: 18.6, Diff: 0.3, Sum: 73.7]
      [Termination (ms): Min: 0.0, Avg: 0.1, Max: 0.4, Diff: 0.4, Sum: 0.5]
         [Termination Attempts: Min: 1, Avg: 1.0, Max: 1, Diff: 0, Sum: 4]
      [GC Worker Other (ms): Min: 0.0, Avg: 0.0, Max: 0.0, Diff: 0.0, Sum: 0.0]
      [GC Worker Total (ms): Min: 18.4, Avg: 18.8, Max: 19.0, Diff: 0.6, Sum: 75.0]
      [GC Worker End (ms): Min: 703.6, Avg: 703.7, Max: 703.8, Diff: 0.1]
   [Code Root Fixup: 0.0 ms]
   [Code Root Purge: 0.0 ms]
   [Clear CT: 0.1 ms]
   [Other: 1.0 ms]
      [Choose CSet: 0.0 ms]
      [Ref Proc: 0.7 ms]
      [Ref Enq: 0.0 ms]
      [Redirty Cards: 0.0 ms]
      [Humongous Register: 0.1 ms]
      [Humongous Reclaim: 0.0 ms]
      [Free CSet: 0.0 ms]
   [Eden: 178.0M(178.0M)->0.0B(182.0M) Survivors: 26.0M->26.0M Heap: 660.2M(4096.0M)->536.3M(4096.0M)]
 [Times: user=0.03 sys=0.04, real=0.02 secs] 
2020-10-29T01:54:29.931-0800: [GC pause (G1 Evacuation Pause) (young), 0.0244469 secs]
   [Parallel Time: 23.3 ms, GC Workers: 4]
      [GC Worker Start (ms): Min: 732.9, Avg: 733.2, Max: 733.5, Diff: 0.5]
      [Ext Root Scanning (ms): Min: 0.0, Avg: 0.0, Max: 0.2, Diff: 0.2, Sum: 0.2]
      [Update RS (ms): Min: 0.0, Avg: 0.1, Max: 0.2, Diff: 0.2, Sum: 0.3]
         [Processed Buffers: Min: 0, Avg: 1.2, Max: 3, Diff: 3, Sum: 5]
      [Scan RS (ms): Min: 0.0, Avg: 0.0, Max: 0.0, Diff: 0.0, Sum: 0.1]
      [Code Root Scanning (ms): Min: 0.0, Avg: 0.0, Max: 0.0, Diff: 0.0, Sum: 0.0]
      [Object Copy (ms): Min: 21.6, Avg: 21.9, Max: 22.6, Diff: 1.0, Sum: 87.8]
      [Termination (ms): Min: 0.0, Avg: 0.8, Max: 1.1, Diff: 1.1, Sum: 3.1]
         [Termination Attempts: Min: 1, Avg: 1.0, Max: 1, Diff: 0, Sum: 4]
      [GC Worker Other (ms): Min: 0.0, Avg: 0.0, Max: 0.0, Diff: 0.0, Sum: 0.0]
      [GC Worker Total (ms): Min: 22.7, Avg: 22.9, Max: 23.3, Diff: 0.6, Sum: 91.5]
      [GC Worker End (ms): Min: 756.0, Avg: 756.1, Max: 756.2, Diff: 0.2]
   [Code Root Fixup: 0.0 ms]
   [Code Root Purge: 0.0 ms]
   [Clear CT: 0.1 ms]
   [Other: 1.1 ms]
      [Choose CSet: 0.0 ms]
      [Ref Proc: 0.7 ms]
      [Ref Enq: 0.0 ms]
      [Redirty Cards: 0.0 ms]
      [Humongous Register: 0.1 ms]
      [Humongous Reclaim: 0.0 ms]
      [Free CSet: 0.0 ms]
   [Eden: 182.0M(182.0M)->0.0B(228.0M) Survivors: 26.0M->26.0M Heap: 718.3M(4096.0M)->593.7M(4096.0M)]
 [Times: user=0.02 sys=0.04, real=0.02 secs] 
2020-10-29T01:54:29.999-0800: [GC pause (G1 Evacuation Pause) (young), 0.0351053 secs]
   [Parallel Time: 33.9 ms, GC Workers: 4]
      [GC Worker Start (ms): Min: 800.9, Avg: 801.1, Max: 801.4, Diff: 0.5]
      [Ext Root Scanning (ms): Min: 0.0, Avg: 0.1, Max: 0.2, Diff: 0.2, Sum: 0.4]
      [Update RS (ms): Min: 0.0, Avg: 0.1, Max: 0.2, Diff: 0.2, Sum: 0.4]
         [Processed Buffers: Min: 0, Avg: 1.2, Max: 3, Diff: 3, Sum: 5]
      [Scan RS (ms): Min: 0.0, Avg: 0.0, Max: 0.0, Diff: 0.0, Sum: 0.1]
      [Code Root Scanning (ms): Min: 0.0, Avg: 0.0, Max: 0.0, Diff: 0.0, Sum: 0.0]
      [Object Copy (ms): Min: 32.6, Avg: 32.8, Max: 33.2, Diff: 0.6, Sum: 131.3]
      [Termination (ms): Min: 0.0, Avg: 0.5, Max: 0.7, Diff: 0.7, Sum: 1.9]
         [Termination Attempts: Min: 1, Avg: 1.0, Max: 1, Diff: 0, Sum: 4]
      [GC Worker Other (ms): Min: 0.0, Avg: 0.0, Max: 0.0, Diff: 0.0, Sum: 0.0]
      [GC Worker Total (ms): Min: 33.3, Avg: 33.5, Max: 33.7, Diff: 0.4, Sum: 134.0]
      [GC Worker End (ms): Min: 834.6, Avg: 834.6, Max: 834.8, Diff: 0.2]
   [Code Root Fixup: 0.0 ms]
   [Code Root Purge: 0.0 ms]
   [Clear CT: 0.1 ms]
   [Other: 1.1 ms]
      [Choose CSet: 0.0 ms]
      [Ref Proc: 0.7 ms]
      [Ref Enq: 0.0 ms]
      [Redirty Cards: 0.0 ms]
      [Humongous Register: 0.1 ms]
      [Humongous Reclaim: 0.0 ms]
      [Free CSet: 0.0 ms]
   [Eden: 228.0M(228.0M)->0.0B(260.0M) Survivors: 26.0M->32.0M Heap: 821.7M(4096.0M)->672.7M(4096.0M)]
 [Times: user=0.04 sys=0.06, real=0.04 secs] 
2020-10-29T01:54:30.083-0800: [GC pause (G1 Evacuation Pause) (young), 0.0382769 secs]
   [Parallel Time: 36.6 ms, GC Workers: 4]
      [GC Worker Start (ms): Min: 884.1, Avg: 886.1, Max: 886.9, Diff: 2.8]
      [Ext Root Scanning (ms): Min: 0.0, Avg: 0.0, Max: 0.2, Diff: 0.2, Sum: 0.2]
      [Update RS (ms): Min: 0.0, Avg: 0.1, Max: 0.3, Diff: 0.3, Sum: 0.3]
         [Processed Buffers: Min: 0, Avg: 1.2, Max: 5, Diff: 5, Sum: 5]
      [Scan RS (ms): Min: 0.0, Avg: 0.2, Max: 0.7, Diff: 0.7, Sum: 0.8]
      [Code Root Scanning (ms): Min: 0.0, Avg: 0.0, Max: 0.0, Diff: 0.0, Sum: 0.0]
      [Object Copy (ms): Min: 32.4, Avg: 33.7, Max: 35.9, Diff: 3.6, Sum: 134.7]
      [Termination (ms): Min: 0.0, Avg: 0.5, Max: 0.7, Diff: 0.7, Sum: 1.9]
         [Termination Attempts: Min: 1, Avg: 1.0, Max: 1, Diff: 0, Sum: 4]
      [GC Worker Other (ms): Min: 0.0, Avg: 0.0, Max: 0.0, Diff: 0.0, Sum: 0.0]
      [GC Worker Total (ms): Min: 33.7, Avg: 34.5, Max: 36.5, Diff: 2.8, Sum: 137.9]
      [GC Worker End (ms): Min: 920.5, Avg: 920.5, Max: 920.6, Diff: 0.1]
   [Code Root Fixup: 0.0 ms]
   [Code Root Purge: 0.0 ms]
   [Clear CT: 0.1 ms]
   [Other: 1.6 ms]
      [Choose CSet: 0.0 ms]
      [Ref Proc: 1.3 ms]
      [Ref Enq: 0.0 ms]
      [Redirty Cards: 0.0 ms]
      [Humongous Register: 0.1 ms]
      [Humongous Reclaim: 0.0 ms]
      [Free CSet: 0.0 ms]
   [Eden: 260.0M(260.0M)->0.0B(430.0M) Survivors: 32.0M->38.0M Heap: 932.7M(4096.0M)->748.4M(4096.0M)]
 [Times: user=0.04 sys=0.06, real=0.04 secs] 
2020-10-29T01:54:30.246-0800: [GC pause (G1 Evacuation Pause) (young), 0.0490778 secs]
   [Parallel Time: 48.5 ms, GC Workers: 4]
      [GC Worker Start (ms): Min: 1047.4, Avg: 1047.4, Max: 1047.5, Diff: 0.0]
      [Ext Root Scanning (ms): Min: 0.1, Avg: 0.1, Max: 0.1, Diff: 0.0, Sum: 0.5]
      [Update RS (ms): Min: 0.1, Avg: 0.1, Max: 0.2, Diff: 0.1, Sum: 0.5]
         [Processed Buffers: Min: 1, Avg: 1.2, Max: 2, Diff: 1, Sum: 5]
      [Scan RS (ms): Min: 0.0, Avg: 0.0, Max: 0.1, Diff: 0.1, Sum: 0.1]
      [Code Root Scanning (ms): Min: 0.0, Avg: 0.0, Max: 0.0, Diff: 0.0, Sum: 0.0]
      [Object Copy (ms): Min: 47.3, Avg: 47.7, Max: 48.1, Diff: 0.8, Sum: 190.9]
      [Termination (ms): Min: 0.0, Avg: 0.4, Max: 0.8, Diff: 0.8, Sum: 1.6]
         [Termination Attempts: Min: 1, Avg: 1.0, Max: 1, Diff: 0, Sum: 4]
      [GC Worker Other (ms): Min: 0.0, Avg: 0.0, Max: 0.0, Diff: 0.0, Sum: 0.0]
      [GC Worker Total (ms): Min: 48.4, Avg: 48.4, Max: 48.5, Diff: 0.1, Sum: 193.7]
      [GC Worker End (ms): Min: 1095.8, Avg: 1095.9, Max: 1095.9, Diff: 0.1]
   [Code Root Fixup: 0.0 ms]
   [Code Root Purge: 0.0 ms]
   [Clear CT: 0.1 ms]
   [Other: 0.5 ms]
      [Choose CSet: 0.0 ms]
      [Ref Proc: 0.1 ms]
      [Ref Enq: 0.0 ms]
      [Redirty Cards: 0.0 ms]
      [Humongous Register: 0.1 ms]
      [Humongous Reclaim: 0.0 ms]
      [Free CSet: 0.1 ms]
   [Eden: 430.0M(430.0M)->0.0B(330.0M) Survivors: 38.0M->60.0M Heap: 1178.4M(4096.0M)->882.1M(4096.0M)]
 [Times: user=0.05 sys=0.08, real=0.05 secs] 
执行结束!共生成对象次数:10102
Heap
 garbage-first heap   total 4194304K, used 979092K [0x00000006c0000000, 0x00000006c0204000, 0x00000007c0000000)
  region size 2048K, 68 young (139264K), 30 survivors (61440K)
 Metaspace       used 2720K, capacity 4486K, committed 4864K, reserved 1056768K
  class space    used 297K, capacity 386K, committed 512K, reserved 1048576K

-------------------------------------------------------------------

